|4AP|=459 |g3bot|=243 |g3top|=243 (overlap=122) |F1|=290 |F2|=64
4AP                           : SAT (0.1s)
g3bot+g3top                   : SAT (0.1s)
F1+F2                         : SAT (0.1s)
g3bot+g3top+F1+F2             : SAT (0.1s)
4AP+F1+F2                     : SAT (0.1s)
4AP+g3bot+g3top               : SAT (0.1s)
g3bot+F1+F2                   : SAT (0.1s)
g3top+F1+F2                   : SAT (0.1s)
4AP+g3bot+g3top+F1+F2         : UNSAT (0.1s)

computing irreducible core over all families...
irreducible core: 140 constraints
Counter({'4AP': 65, 'F2': 34, 'F1': 28, 'g3top': 10, 'g3bot': 3})
  4AP   u=30 d= 1 terms=[30, 31, 32, 33]
  4AP   u=33 d= 2 terms=[33, 35, 37, 39]
  4AP   u=31 d= 3 terms=[31, 34, 37, 40]
  4AP   u=29 d= 4 terms=[29, 33, 37, 41]
  4AP   u=32 d= 3 terms=[32, 35, 38, 41]
  4AP   u=35 d= 2 terms=[35, 37, 39, 41]
  4AP   u=27 d= 5 terms=[27, 32, 37, 42]
  4AP   u=33 d= 3 terms=[33, 36, 39, 42]
  4AP   u=36 d= 2 terms=[36, 38, 40, 42]
  4AP   u=28 d= 5 terms=[28, 33, 38, 43]
  4AP   u=34 d= 3 terms=[34, 37, 40, 43]
  4AP   u=29 d= 5 terms=[29, 34, 39, 44]
  4AP   u=35 d= 3 terms=[35, 38, 41, 44]
  4AP   u=33 d= 4 terms=[33, 37, 41, 45]
  4AP   u=37 d= 3 terms=[37, 40, 43, 46]
  4AP   u=29 d= 6 terms=[29, 35, 41, 47]
  4AP   u=27 d= 7 terms=[27, 34, 41, 48]
  4AP   u=36 d= 4 terms=[36, 40, 44, 48]
  4AP   u=31 d= 6 terms=[31, 37, 43, 49]
  4AP   u=41 d= 3 terms=[41, 44, 47, 50]
  4AP   u=29 d= 8 terms=[29, 37, 45, 53]
  4AP   u=47 d= 3 terms=[47, 50, 53, 56]
  4AP   u=27 d=10 terms=[27, 37, 47, 57]
  4AP   u=42 d= 5 terms=[42, 47, 52, 57]
  4AP   u=28 d=10 terms=[28, 38, 48, 58]
  4AP   u=32 d= 9 terms=[32, 41, 50, 59]
  4AP   u=27 d=11 terms=[27, 38, 49, 60]
  4AP   u=28 d=11 terms=[28, 39, 50, 61]
  4AP   u=49 d= 4 terms=[49, 53, 57, 61]
  4AP   u=29 d=11 terms=[29, 40, 51, 62]
  4AP   u=32 d=10 terms=[32, 42, 52, 62]
  4AP   u=35 d= 9 terms=[35, 44, 53, 62]
  4AP   u=27 d=12 terms=[27, 39, 51, 63]
  4AP   u=30 d=11 terms=[30, 41, 52, 63]
  4AP   u=33 d=10 terms=[33, 43, 53, 63]
  4AP   u=48 d= 5 terms=[48, 53, 58, 63]
  4AP   u=28 d=12 terms=[28, 40, 52, 64]
  4AP   u=29 d=12 terms=[29, 41, 53, 65]
  4AP   u=35 d=10 terms=[35, 45, 55, 65]
  4AP   u=27 d=13 terms=[27, 40, 53, 66]
  4AP   u=27 d=14 terms=[27, 41, 55, 69]
  4AP   u=51 d= 6 terms=[51, 57, 63, 69]
  4AP   u=57 d= 4 terms=[57, 61, 65, 69]
  4AP   u=31 d=13 terms=[31, 44, 57, 70]
  4AP   u=52 d= 6 terms=[52, 58, 64, 70]
  4AP   u=55 d= 5 terms=[55, 60, 65, 70]
  4AP   u=29 d=14 terms=[29, 43, 57, 71]
  4AP   u=32 d=13 terms=[32, 45, 58, 71]
  4AP   u=27 d=15 terms=[27, 42, 57, 72]
  4AP   u=28 d=15 terms=[28, 43, 58, 73]
  4AP   u=31 d=14 terms=[31, 45, 59, 73]
  4AP   u=34 d=13 terms=[34, 47, 60, 73]
  4AP   u=30 d=15 terms=[30, 45, 60, 75]
  4AP   u=33 d=14 terms=[33, 47, 61, 75]
  4AP   u=31 d=15 terms=[31, 46, 61, 76]
  4AP   u=37 d=13 terms=[37, 50, 63, 76]
  4AP   u=29 d=16 terms=[29, 45, 61, 77]
  4AP   u=35 d=14 terms=[35, 49, 63, 77]
  4AP   u=53 d= 8 terms=[53, 61, 69, 77]
  4AP   u=30 d=16 terms=[30, 46, 62, 78]
  4AP   u=33 d=15 terms=[33, 48, 63, 78]
  4AP   u=36 d=14 terms=[36, 50, 64, 78]
  4AP   u=52 d= 9 terms=[52, 61, 70, 79]
  4AP   u=29 d=17 terms=[29, 46, 63, 80]
  4AP   u=35 d=15 terms=[35, 50, 65, 80]
  F1    u=43 d=19 terms=[43, 62, 81]
  F1    u=41 d=20 terms=[41, 61, 81]
  F1    u=37 d=22 terms=[37, 59, 81]
  F1    u=43 d=20 terms=[43, 63, 83]
  F1    u=41 d=21 terms=[41, 62, 83]
  F1    u=44 d=20 terms=[44, 64, 84]
  F1    u=37 d=23 terms=[37, 60, 83]
  F1    u=45 d=21 terms=[45, 66, 87]
  F1    u=37 d=24 terms=[37, 61, 85]
  F1    u=43 d=22 terms=[43, 65, 87]
  F1    u=41 d=23 terms=[41, 64, 87]
  F1    u=38 d=25 terms=[38, 63, 88]
  F1    u=41 d=25 terms=[41, 66, 91]
  F1    u=47 d=23 terms=[47, 70, 93]
  F1    u=33 d=28 terms=[33, 61, 89]
  F1    u=39 d=26 terms=[39, 65, 91]
  F1    u=47 d=24 terms=[47, 71, 95]
  F1    u=43 d=26 terms=[43, 69, 95]
  F1    u=49 d=24 terms=[49, 73, 97]
  F1    u=47 d=25 terms=[47, 72, 97]
  F1    u=48 d=25 terms=[48, 73, 98]
  F1    u=50 d=25 terms=[50, 75, 100]
  F1    u=50 d=26 terms=[50, 76, 102]
  F1    u=52 d=26 terms=[52, 78, 104]
  F1    u=50 d=27 terms=[50, 77, 104]
  F1    u=51 d=27 terms=[51, 78, 105]
  F1    u=40 d=31 terms=[40, 71, 102]
  F1    u=53 d=27 terms=[53, 80, 107]
  F2    u=27 d=10 terms=[27, 37, 47]
  F2    u=28 d=10 terms=[28, 38, 48]
  F2    u=27 d=11 terms=[27, 38, 49]
  F2    u=28 d=11 terms=[28, 39, 50]
  F2    u=29 d=11 terms=[29, 40, 51]
  F2    u=27 d=12 terms=[27, 39, 51]
  F2    u=30 d=11 terms=[30, 41, 52]
  F2    u=28 d=12 terms=[28, 40, 52]
  F2    u=29 d=12 terms=[29, 41, 53]
  F2    u=27 d=13 terms=[27, 40, 53]
  F2    u=29 d=13 terms=[29, 42, 55]
  F2    u=32 d=12 terms=[32, 44, 56]
  F2    u=31 d=13 terms=[31, 44, 57]
  F2    u=29 d=14 terms=[29, 43, 57]
  F2    u=32 d=13 terms=[32, 45, 58]
  F2    u=31 d=14 terms=[31, 45, 59]
  F2    u=34 d=13 terms=[34, 47, 60]
  F2    u=33 d=14 terms=[33, 47, 61]
  F2    u=31 d=15 terms=[31, 46, 61]
  F2    u=32 d=15 terms=[32, 47, 62]
  F2    u=35 d=14 terms=[35, 49, 63]
  F2    u=33 d=15 terms=[33, 48, 63]
  F2    u=35 d=15 terms=[35, 50, 65]
  F2    u=36 d=15 terms=[36, 51, 66]
  F2    u=34 d=16 terms=[34, 50, 66]
  F2    u=37 d=15 terms=[37, 52, 67]
  F2    u=38 d=15 terms=[38, 53, 68]
  F2    u=37 d=16 terms=[37, 53, 69]
  F2    u=35 d=17 terms=[35, 52, 69]
  F2    u=39 d=16 terms=[39, 55, 71]
  F2    u=40 d=16 terms=[40, 56, 72]
  F2    u=40 d=17 terms=[40, 57, 74]
  F2    u=41 d=17 terms=[41, 58, 75]
  F2    u=39 d=18 terms=[39, 57, 75]
  g3bot u=28 d= 3 terms=[28, 31, 34]
  g3bot u=29 d= 3 terms=[29, 32, 35]
  g3bot u=27 d= 4 terms=[27, 31, 35]
  g3top u=57 d= 8 terms=[57, 65, 73]
  g3top u=63 d= 6 terms=[63, 69, 75]
  g3top u=75 d= 2 terms=[75, 77, 79]
  g3top u=64 d= 6 terms=[64, 70, 76]
  g3top u=63 d= 7 terms=[63, 70, 77]
  g3top u=55 d=10 terms=[55, 65, 75]
  g3top u=70 d= 5 terms=[70, 75, 80]
  g3top u=60 d= 9 terms=[60, 69, 78]
  g3top u=60 d=10 terms=[60, 70, 80]
  g3top u=58 d=11 terms=[58, 69, 80]
