  UNSAT (11,31,91) V/U=2.94 [1s]
  UNSAT (11,31,92) V/U=2.97 [1s]
  UNSAT (11,31,93) V/U=3.00 [1s]
  UNSAT (11,31,94) V/U=3.03 [1s]
  UNSAT (11,31,95) V/U=3.06 [1s]
  UNSAT (11,31,96) V/U=3.10 [1s]
  UNSAT (11,31,102) V/U=3.29 [2s]
  UNSAT (11,31,112) V/U=3.61 [3s]
  UNSAT (11,31,124) V/U=4.00 [2s]
  UNSAT (11,31,136) V/U=4.39 [2s]
  UNSAT (11,31,149) V/U=4.81 [3s]
  UNSAT (11,31,155) V/U=5.00 [2s]
  UNSAT (11,31,161) V/U=5.19 [3s]
  UNSAT (11,31,170) V/U=5.48 [5s]
  UNSAT (11,31,180) V/U=5.81 [7s]
  UNSAT (11,31,192) V/U=6.19 [10s]
  UNSAT (11,31,211) V/U=6.81 [11s]
  UNSAT (11,31,236) V/U=7.61 [15s]
  UNSAT (11,32,94) V/U=2.94 [1s]
  UNSAT (11,32,95) V/U=2.97 [1s]
  UNSAT (11,32,96) V/U=3.00 [1s]
  UNSAT (11,32,97) V/U=3.03 [1s]
  UNSAT (11,32,98) V/U=3.06 [2s]
  UNSAT (11,32,99) V/U=3.09 [2s]
  UNSAT (11,32,106) V/U=3.31 [2s]
  UNSAT (11,32,115) V/U=3.59 [4s]
  UNSAT (11,32,128) V/U=4.00 [2s]
  UNSAT (11,32,141) V/U=4.41 [2s]
  UNSAT (11,32,154) V/U=4.81 [3s]
  UNSAT (11,32,160) V/U=5.00 [4s]
  UNSAT (11,32,166) V/U=5.19 [4s]
  UNSAT (11,32,176) V/U=5.50 [11s]
  UNSAT (11,32,186) V/U=5.81 [20s]
  UNSAT (11,32,198) V/U=6.19 [26s]
  UNSAT (11,32,218) V/U=6.81 [37s]
  UNSAT (11,32,243) V/U=7.59 [48s]
  UNSAT (11,33,97) V/U=2.94 [2s]
  UNSAT (11,33,98) V/U=2.97 [1s]
  UNSAT (11,33,99) V/U=3.00 [2s]
  UNSAT (11,33,100) V/U=3.03 [2s]
  UNSAT (11,33,101) V/U=3.06 [2s]
  UNSAT (11,33,102) V/U=3.09 [2s]
  UNSAT (11,33,109) V/U=3.30 [3s]
  UNSAT (11,33,119) V/U=3.61 [2s]
