  UNSAT (12,34,100) V/U=2.94 [2s]
  UNSAT (12,34,101) V/U=2.97 [2s]
  UNSAT (12,34,102) V/U=3.00 [2s]
  UNSAT (12,34,103) V/U=3.03 [2s]
  UNSAT (12,34,104) V/U=3.06 [2s]
  UNSAT (12,34,105) V/U=3.09 [2s]
  UNSAT (12,34,112) V/U=3.29 [3s]
  UNSAT (12,34,122) V/U=3.59 [2s]
  UNSAT (12,34,136) V/U=4.00 [2s]
  UNSAT (12,34,150) V/U=4.41 [2s]
  UNSAT (12,34,163) V/U=4.79 [3s]
  UNSAT (12,34,170) V/U=5.00 [3s]
  UNSAT (12,34,177) V/U=5.21 [3s]
  UNSAT (12,34,187) V/U=5.50 [5s]
  UNSAT (12,34,197) V/U=5.79 [7s]
  UNSAT (12,34,211) V/U=6.21 [9s]
  UNSAT (12,34,231) V/U=6.79 [10s]
  UNSAT (12,34,258) V/U=7.59 [13s]
  UNSAT (12,35,103) V/U=2.94 [2s]
  UNSAT (12,35,104) V/U=2.97 [2s]
  UNSAT (12,35,105) V/U=3.00 [2s]
  UNSAT (12,35,106) V/U=3.03 [2s]
  UNSAT (12,35,107) V/U=3.06 [2s]
  UNSAT (12,35,108) V/U=3.09 [2s]
  UNSAT (12,35,116) V/U=3.31 [3s]
  UNSAT (12,35,126) V/U=3.60 [2s]
  UNSAT (12,35,140) V/U=4.00 [2s]
  UNSAT (12,35,154) V/U=4.40 [2s]
  UNSAT (12,35,168) V/U=4.80 [2s]
  UNSAT (12,35,175) V/U=5.00 [3s]
  UNSAT (12,35,182) V/U=5.20 [4s]
  UNSAT (12,35,192) V/U=5.49 [4s]
  UNSAT (12,35,203) V/U=5.80 [5s]
  UNSAT (12,35,217) V/U=6.20 [5s]
  UNSAT (12,35,238) V/U=6.80 [5s]
  UNSAT (12,35,266) V/U=7.60 [6s]
  UNSAT (12,36,106) V/U=2.94 [2s]
  UNSAT (12,36,107) V/U=2.97 [2s]
  UNSAT (12,36,108) V/U=3.00 [2s]
  UNSAT (12,36,109) V/U=3.03 [2s]
  UNSAT (12,36,110) V/U=3.06 [2s]
  UNSAT (12,36,111) V/U=3.08 [2s]
  UNSAT (12,36,119) V/U=3.31 [3s]
  UNSAT (12,36,130) V/U=3.61 [2s]
  UNSAT (12,36,144) V/U=4.00 [2s]
  UNSAT (12,36,158) V/U=4.39 [3s]
  UNSAT (12,36,173) V/U=4.81 [3s]
  UNSAT (12,36,180) V/U=5.00 [3s]
  UNSAT (12,36,187) V/U=5.19 [4s]
  UNSAT (12,36,198) V/U=5.50 [5s]
  UNSAT (12,36,209) V/U=5.81 [5s]
  UNSAT (12,36,223) V/U=6.19 [7s]
  UNSAT (12,36,245) V/U=6.81 [7s]
  UNSAT (12,36,274) V/U=7.61 [9s]
  UNSAT (12,37,109) V/U=2.95 [2s]
  UNSAT (12,37,110) V/U=2.97 [2s]
  UNSAT (12,37,111) V/U=3.00 [2s]
  UNSAT (12,37,112) V/U=3.03 [2s]
  UNSAT (12,37,113) V/U=3.05 [3s]
  UNSAT (12,37,114) V/U=3.08 [3s]
  UNSAT (12,37,122) V/U=3.30 [4s]
  UNSAT (12,37,133) V/U=3.59 [2s]
  UNSAT (12,37,148) V/U=4.00 [3s]
  UNSAT (12,37,163) V/U=4.41 [3s]
  UNSAT (12,37,178) V/U=4.81 [3s]
  UNSAT (12,37,185) V/U=5.00 [4s]
  UNSAT (12,37,192) V/U=5.19 [4s]
  UNSAT (12,37,204) V/U=5.51 [6s]
  UNSAT (12,37,215) V/U=5.81 [12s]
