--- Z_dyadic_5free_M6 (|window| = 255, k = 5) ---
(a) restriction to positive values: monotone 5-APs created: 0 (restriction lemma predicts 0); positions of positives: 42 on the left side, 85 on the right side -> order type of the infinite restriction: zeta (NOT omega) -- not an N-permutation
(b) zigzag fold: monotone 4-APs: same-class even 103, same-class odd 178, parity-alternating (odd d) 256
      e.g. even-class (2, 6, 10, 14) orient 1; pullback [1, 3, 5, 7] (a Z-AP: position-order failure b1)
      e.g. even-class (2, 8, 14, 20) orient 1; pullback [1, 4, 7, 10] (a Z-AP: position-order failure b1)
      e.g. odd-class (1, 11, 21, 31) orient 1; pullback [0, -5, -10, -15] (a Z-AP: position-order failure b1)
      e.g. odd-class (1, 13, 25, 37) orient 1; pullback [0, -6, -12, -18] (a Z-AP: position-order failure b1)
      e.g. alt (1, 2, 3, 4) orient 1; pullback [0, 1, -1, 2] (NOT a Z-AP: value-map failure b2)
      e.g. alt (1, 4, 7, 10) orient 1; pullback [0, 2, -3, 5] (NOT a Z-AP: value-map failure b2)
(b) zigzag fold: monotone 5-APs: same-class even 22, same-class odd 15, parity-alternating (odd d) 43
      e.g. even-class (2, 6, 10, 14, 18) orient 1; pullback [1, 3, 5, 7, 9] (a Z-AP: position-order failure b1)
      e.g. even-class (2, 12, 22, 32, 42) orient 1; pullback [1, 6, 11, 16, 21] (a Z-AP: position-order failure b1)
      e.g. odd-class (1, 11, 21, 31, 41) orient 1; pullback [0, -5, -10, -15, -20] (a Z-AP: position-order failure b1)
      e.g. odd-class (1, 57, 113, 169, 225) orient 1; pullback [0, -28, -56, -84, -112] (a Z-AP: position-order failure b1)
      e.g. alt (1, 2, 3, 4, 5) orient 1; pullback [0, 1, -1, 2, -2] (NOT a Z-AP: value-map failure b2)
      e.g. alt (1, 6, 11, 16, 21) orient 1; pullback [0, 3, -5, 8, -10] (NOT a Z-AP: value-map failure b2)
(c) mu breaks 2/4 sample Z-APs; mu^-1 breaks 2/4 sample N-APs (affine rigidity lemma: unavoidable for ANY bijection Z <-> N)
--- Z_ternary_4free_M3 (|window| = 161, k = 4) ---
(a) restriction to positive values: monotone 4-APs created: 0 (restriction lemma predicts 0); positions of positives: 60 on the left side, 20 on the right side -> order type of the infinite restriction: zeta (NOT omega) -- not an N-permutation
(b) zigzag fold: monotone 4-APs: same-class even 8, same-class odd 8, parity-alternating (odd d) 14
      e.g. even-class (2, 8, 14, 20) orient 1; pullback [1, 4, 7, 10] (a Z-AP: position-order failure b1)
      e.g. even-class (2, 40, 78, 116) orient 1; pullback [1, 20, 39, 58] (a Z-AP: position-order failure b1)
      e.g. odd-class (1, 5, 9, 13) orient 1; pullback [0, -2, -4, -6] (a Z-AP: position-order failure b1)
      e.g. odd-class (1, 7, 13, 19) orient 1; pullback [0, -3, -6, -9] (a Z-AP: position-order failure b1)
      e.g. alt (1, 4, 7, 10) orient 1; pullback [0, 2, -3, 5] (NOT a Z-AP: value-map failure b2)
      e.g. alt (1, 10, 19, 28) orient 1; pullback [0, 5, -9, 14] (NOT a Z-AP: value-map failure b2)
(c) mu breaks 2/4 sample Z-APs; mu^-1 breaks 2/4 sample N-APs (affine rigidity lemma: unavoidable for ANY bijection Z <-> N)
