  M=2 k=5: SAT (128 clauses); window |15| covers [-7,7]; independent check monotone 5-AP present: False
    tau_0: [-1, 0, 1]
    tau_1: [-2, -3, 2, 3]
    tau_2: [-7, -6, -5, -4, 4, 6, 5, 7]
  M=3 k=5: SAT (1282 clauses); window |31| covers [-15,15]; independent check monotone 5-AP present: False
    tau_0: [-1, 0, 1]
    tau_1: [-2, -3, 2, 3]
    tau_2: [-7, -6, -4, -5, 4, 6, 5, 7]
    tau_3: [-15, -14, -8, -13, -9, -11, -12, -10, 8, 9, 10, 12, 11, 13, 14, 15]
  M=4 k=5: SAT (11370 clauses); window |63| covers [-31,31]; independent check monotone 5-AP present: False
    tau_0: [-1, 0, 1]
    tau_1: [-2, -3, 2, 3]
    tau_2: [-7, -6, -4, -5, 4, 6, 5, 7]
    tau_3: [-15, -14, -8, -13, -9, -11, -12, -10, 8, 9, 10, 14, 12, 11, 15, 13]
    tau_4: [-31, -30, -29, -27, -28, -26, -23, -25, -19, -22, -24, -18, -21, -17, -20, -16, 25, 26, 16, 21, 29, 18, 27, 17, 22, 19, 24, 20, 28, 23, 30, 31]
  M=5 k=5: SAT (95440 clauses); window |127| covers [-63,63]; independent check monotone 5-AP present: False
    tau_0: [-1, 0, 1]
    tau_1: [-2, -3, 2, 3]
    tau_2: [-7, -6, -4, -5, 4, 6, 5, 7]
    tau_3: [-15, -14, -8, -13, -9, -11, -12, -10, 8, 9, 10, 14, 12, 11, 15, 13]
    tau_4: [-31, -30, -28, -29, -22, -25, -27, -17, -21, -24, -26, -19, -16, -20, -23, -18, 25, 26, 16, 21, 29, 18, 27, 17, 22, 19, 24, 20, 28, 23, 30, 31]
    tau_5: [-63, -62, -32, -33, -38, -61, -34, -37, -59, -60, -36, -58, -35, -55, -57, -41, -39, -47, -40, -51, -54, -56, -46, -50, -49, -53, -43, -48, -52, -45, -44, -42, 32, 33, 34, 36, 35, 37, 40, 38, 48, 44, 41, 39, 49, 45, 42, 55, 56, 50, 46, 43, 58, 52, 57, 51, 47, 60, 59, 53, 63, 61, 54, 62]
  M=6 k=5: SAT (781296 clauses); window |255| covers [-127,127]; independent check monotone 5-AP present: False
    tau_0: [-1, 0, 1]
    tau_1: [-2, -3, 2, 3]
    tau_2: [-7, -6, -4, -5, 4, 6, 5, 7]
    tau_3: [-15, -14, -8, -13, -9, -11, -12, -10, 8, 9, 10, 14, 12, 11, 15, 13]
    tau_4: [-31, -30, -28, -29, -22, -25, -27, -17, -21, -24, -26, -19, -16, -20, -23, -18, 25, 26, 16, 21, 29, 18, 27, 17, 22, 19, 24, 20, 28, 23, 30, 31]
    tau_5: [-63, -62, -32, -33, -38, -61, -34, -37, -59, -60, -36, -58, -35, -55, -57, -41, -39, -47, -40, -51, -54, -56, -46, -50, -49, -53, -43, -48, -52, -45, -44, -42, 32, 33, 34, 36, 35, 37, 40, 38, 56, 48, 44, 41, 39, 57, 49, 45, 42, 55, 59, 58, 50, 46, 43, 62, 60, 63, 61, 52, 51, 47, 53, 54]
