N base 2 k=3: 45 patterns, scales<= 10: SAT, e.g. slot order [8, 6, 4, 2, 0, 1, 3, 5, 7, 10, 9]
N base 2 k=4: 35 patterns, scales<= 10: SAT, e.g. slot order [0, 1, 2, 4, 3, 6, 5, 8, 7, 10, 9]
N base 2 k=5: NO pure-cross patterns up to scale 10 -> annulus macro unconstrained at pure-cross level
N base 2 k=6: NO pure-cross patterns up to scale 10 -> annulus macro unconstrained at pure-cross level
N base 3 k=3: 21 patterns, scales<= 7: SAT, e.g. slot order [6, 4, 2, 0, 1, 3, 5, 7]
N base 3 k=4: NO pure-cross patterns up to scale 7 -> annulus macro unconstrained at pure-cross level
N base 3 k=5: NO pure-cross patterns up to scale 7 -> annulus macro unconstrained at pure-cross level
N base 3 k=6: NO pure-cross patterns up to scale 7 -> annulus macro unconstrained at pure-cross level
N base 4 k=3: 15 patterns, scales<= 6: SAT, e.g. slot order [4, 2, 0, 1, 3, 6, 5]
N base 4 k=4: NO pure-cross patterns up to scale 6 -> annulus macro unconstrained at pure-cross level
N base 4 k=5: NO pure-cross patterns up to scale 6 -> annulus macro unconstrained at pure-cross level
N base 4 k=6: NO pure-cross patterns up to scale 6 -> annulus macro unconstrained at pure-cross level
Z base 2 k=3: 223 patterns, scales<= 9: UNSAT -- NO slot order works (impossibility). e.g. [((2, 1, 0), (-5, 2)), ((1, 0, 1), (-2, 2)), ((0, 1, 2), (0, 2))]
Z base 2 k=4: 284 patterns, scales<= 9: SAT, e.g. slot order [0, 1, 3, 2, 5, 4, 7, 6, 9, 8]
Z base 2 k=5: 267 patterns, scales<= 9: SAT, e.g. slot order [0, 1, 2, 3, 5, 4, 6, 8, 7, 9]
Z base 2 k=6: 148 patterns, scales<= 9: SAT, e.g. slot order [9, 8, 7, 6, 5, 4, 3, 2, 1, 0]
Z base 3 k=3: 81 patterns, scales<= 6: UNSAT -- NO slot order works (impossibility). e.g. [((1, 0, 1), (-3, 3)), ((2, 1, 0), (-10, 4)), ((0, 1, 2), (1, 4))]
Z base 3 k=4: 80 patterns, scales<= 6: SAT, e.g. slot order [0, 1, 3, 2, 5, 4, 6]
Z base 3 k=5: 35 patterns, scales<= 6: SAT, e.g. slot order [6, 5, 4, 3, 2, 1, 0]
Z base 3 k=6: NO pure-cross patterns up to scale 6 -> annulus macro unconstrained at pure-cross level
