Z base 2 k=4: 284 pure-cross patterns (scales <= 9)
   zeta order alt_R0      : fails 42 e.g. [((4, 2, 1, 3), (-16, 9)), ((3, 1, 2, 4), (-11, 9))]
   zeta order alt_L0      : fails 42 e.g. [((4, 2, 1, 3), (-16, 9)), ((3, 1, 2, 4), (-11, 9))]
   zeta order RRLL        : fails 32 e.g. [((3, 2, 0, 1), (-9, 4)), ((1, 0, 2, 3), (-3, 4))]
   zeta order RLLR        : fails 24 e.g. [((4, 3, 1, 2), (-17, 7)), ((2, 1, 3, 4), (-5, 7))]
   zeta order RRLL_s1     : fails 24 e.g. [((4, 3, 1, 2), (-17, 7)), ((2, 1, 3, 4), (-5, 7))]
   zeta order RRRLLL      : fails 32 e.g. [((4, 3, 1, 2), (-17, 7)), ((2, 1, 3, 4), (-5, 7))]
   zeta order R0_then_alt : fails 42 e.g. [((4, 2, 1, 3), (-16, 9)), ((3, 1, 2, 4), (-11, 9))]
Z base 2 k=5: 267 pure-cross patterns (scales <= 9)
   zeta order alt_R0      : PASSES
   zeta order alt_L0      : PASSES
   zeta order RRLL        : PASSES
   zeta order RLLR        : PASSES
   zeta order RRLL_s1     : PASSES
   zeta order RRRLLL      : fails 4 e.g. [((5, 4, 3, 1, 2), (-33, 10)), ((2, 1, 3, 4, 5), (-7, 10))]
   zeta order R0_then_alt : PASSES
Z base 3 k=4: 80 pure-cross patterns (scales <= 6)
   zeta order alt_R0      : PASSES
   zeta order alt_L0      : PASSES
   zeta order RRLL        : PASSES
   zeta order RLLR        : PASSES
   zeta order RRLL_s1     : PASSES
   zeta order RRRLLL      : fails 6 e.g. [((5, 4, 3, 0), (-244, 82)), ((5, 4, 3, 1), (-243, 82))]
   zeta order R0_then_alt : PASSES
Z base 3 k=5: 35 pure-cross patterns (scales <= 6)
   zeta order alt_R0      : PASSES
   zeta order alt_L0      : PASSES
   zeta order RRLL        : PASSES
   zeta order RLLR        : PASSES
   zeta order RRLL_s1     : PASSES
   zeta order RRRLLL      : PASSES
   zeta order R0_then_alt : PASSES
Z base 2 k=3: minimal UNSAT core (5 patterns):
    (6, 7, 8)   witness (t,d) = (126, 65)
    (6, 1, 7)   witness (t,d) = (-122, 125)
    (1, 7, 8)   witness (t,d) = (2, 127)
    (1, 6, 8)   witness (t,d) = (-2, 129)
    (7, 6, 8)   witness (t,d) = (-128, 192)
Z base 3 k=3: minimal UNSAT core (4 patterns):
    (0, 4, 5)   witness (t,d) = (1, 121)
    (4, 0, 5)   witness (t,d) = (-239, 241)
    (4, 5, 6)   witness (t,d) = (241, 244)
    (0, 5, 6)   witness (t,d) = (1, 364)
