=== Part A: exact errors H(a,b) - 1/m for blocks near L*m ===
 m=1  1/m=1
     L=6 [4,9]  H=2509/2520  err=-11/2520
     L=4 [3,6]  H=19/20  err=-1/20
     L=3 [2,4]  H=13/12  err=1/12
     L=5 [3,7]  H=153/140  err=13/140
     L=5 [4,8]  H=743/840  err=-97/840
     L=6 [5,10]  H=2131/2520  err=-389/2520
 m=2  1/m=1/2
     L=3 [5,7]  H=107/210  err=1/105
     L=5 [8,12]  H=2021/3960  err=41/3960
     L=6 [10,15]  H=1959/4004  err=-43/4004
     L=4 [7,10]  H=1207/2520  err=-53/2520
     L=6 [9,14]  H=96163/180180  err=6073/180180
     L=5 [9,13]  H=11899/25740  err=-971/25740
 m=3  1/m=1/3
     L=3 [8,10]  H=121/360  err=1/360
     L=5 [13,17]  H=124877/371280  err=1117/371280
     L=6 [16,21]  H=532541/1627920  err=-10099/1627920
     L=4 [11,14]  H=3875/12012  err=-43/4004
     L=6 [15,20]  H=80507/232560  err=2987/232560
     L=4 [10,13]  H=3013/8580  err=51/2860
 m=4  1/m=1/4
     L=3 [11,13]  H=431/1716  err=1/858
     L=5 [18,22]  H=66167/263340  err=83/65835
     L=6 [22,27]  H=4370849/17760600  err=-69301/17760600
     L=4 [15,18]  H=2981/12240  err=-79/12240
     L=6 [21,26]  H=1181909/4604600  err=30759/4604600
     L=4 [14,17]  H=7409/28560  err=269/28560
 m=5  1/m=1/5
     L=3 [14,16]  H=337/1680  err=1/1680
     L=5 [23,27]  H=323959/1614600  err=1039/1614600
     L=6 [28,33]  H=2185691/11075680  err=-5889/2215136
     L=6 [27,32]  H=5547947/27185760  err=22159/5437152
     L=4 [19,22]  H=17179/87780  err=-377/87780
     L=4 [18,21]  H=4927/23940  err=139/23940
 m=6  1/m=1/6
     L=3 [17,19]  H=971/5814  err=1/2907
     L=5 [28,32]  H=504563/3020640  err=1123/3020640
     L=6 [34,39]  H=32250013/195757380  err=-376217/195757380
     L=6 [33,38]  H=28060691/165640860  err=453881/165640860
     L=4 [23,26]  H=29351/179400  err=-183/59800
     L=4 [22,25]  H=25897/151800  err=199/50600
=== Part B: replace each 1/m by a nearby block, require exact cancellation ===
Egyptian representations of 1 with denominators <= 40 and <= 5 terms: 23
   combinations tested: 146993 ; exact cancellations with disjoint blocks: 0
