--- Grid B: {V1, 26, 80}, vary V1
cuts [3, 26, 80] SAT   (0.5s) 
cuts [4, 26, 80] SAT   (0.3s) 
cuts [5, 26, 80] SAT   (0.3s) 
cuts [6, 26, 80] SAT   (0.3s) 
cuts [7, 26, 80] UNSAT (0.3s) 
cuts [9, 26, 80] UNSAT (0.3s) 
cuts [10, 26, 80] UNSAT (0.3s) 
cuts [12, 26, 80] UNSAT (0.3s) 
--- Grid A: {8, 26, V3}, vary V3
cuts [8, 26, 54] GEOM_DEAD (0.0s) 
cuts [8, 26, 60] GEOM_DEAD (0.1s) 
cuts [8, 26, 70] GEOM_DEAD (0.1s) 
cuts [8, 26, 90] UNSAT (0.6s) 
cuts [8, 26, 110] UNSAT (2.1s) 
cuts [8, 26, 140] SAT   (9.3s) 
cuts [8, 26, 180] UNSAT (120.9s) 
cuts [8, 26, 230] UNSAT (1013.2s) 
--- Grid A2: {8, V2, 4*V2}
cuts [8, 20, 80] UNSAT (1.2s) 
cuts [8, 32, 128] UNSAT (6.9s) 
cuts [8, 40, 160] UNSAT (17.4s) 
cuts [8, 50, 200] UNSAT (35.0s) 
