r2 ilv uniform s                                     T=11 nvals=3071: DIES (12352 APs)
     + AP 2,3,4,5 (d=1)
     + AP 14,15,16,17 (d=1)
     + AP 12,14,16,18 (d=2)
     + AP 3,8,13,18 (d=5)
     + AP 13,15,17,19 (d=2)
     + AP 10,13,16,19 (d=3)
r2 ilv uniform R                                     T=11 nvals=3071: DIES (12802 APs)
     - AP 6,7,8,9 (d=1)
     - AP 4,6,8,10 (d=2)
     - AP 5,7,9,11 (d=2)
     - AP 4,7,10,13 (d=3)
     + AP 11,14,17,20 (d=3)
     + AP 9,14,19,24 (d=5)
r2 ilv uniform p                                     T=11 nvals=3071: DIES (12802 APs)
     - AP 6,7,8,9 (d=1)
     - AP 4,6,8,10 (d=2)
     - AP 5,7,9,11 (d=2)
     - AP 4,7,10,13 (d=3)
     + AP 11,14,17,20 (d=3)
     + AP 9,14,19,24 (d=5)
r2 ilv uniform B                                     T=11 nvals=3071: DIES (12352 APs)
     + AP 2,3,4,5 (d=1)
     + AP 14,15,16,17 (d=1)
     + AP 12,14,16,18 (d=2)
     + AP 3,8,13,18 (d=5)
     + AP 13,15,17,19 (d=2)
     + AP 10,13,16,19 (d=3)
r2 ilv uniform e                                     T=11 nvals=3071: DIES (12802 APs)
     - AP 6,7,8,9 (d=1)
     - AP 4,6,8,10 (d=2)
     - AP 5,7,9,11 (d=2)
     - AP 4,7,10,13 (d=3)
     + AP 11,14,17,20 (d=3)
     + AP 9,14,19,24 (d=5)
r2 ilv uniform i                                     T=11 nvals=3071: DIES (770730 APs)
     + AP 2,3,4,5 (d=1)
     + AP 3,4,5,6 (d=1)
     + AP 4,5,6,7 (d=1)
     + AP 8,9,10,11 (d=1)
     + AP 9,10,11,12 (d=1)
     + AP 10,11,12,13 (d=1)
r2 ilv uniform r                                     T=11 nvals=3071: DIES (802373 APs)
     - AP 4,5,6,7 (d=1)
     - AP 5,6,7,8 (d=1)
     - AP 6,7,8,9 (d=1)
     - AP 7,8,9,10 (d=1)
     - AP 4,6,8,10 (d=2)
     - AP 8,9,10,11 (d=1)
r2 ilv uniform t                                     T=11 nvals=3071: DIES (802373 APs)
     - AP 4,5,6,7 (d=1)
     - AP 5,6,7,8 (d=1)
     - AP 6,7,8,9 (d=1)
     - AP 7,8,9,10 (d=1)
     - AP 4,6,8,10 (d=2)
     - AP 8,9,10,11 (d=1)

r2 ilv even:s odd:s                                  T=11 nvals=3071: DIES (12352 APs)
     + AP 2,3,4,5 (d=1)
     + AP 14,15,16,17 (d=1)
     + AP 12,14,16,18 (d=2)
r2 ilv even:s odd:R                                  T=11 nvals=3071: DIES (1695 APs)
     + AP 3,8,13,18 (d=5)
     + AP 2,8,14,20 (d=6)
     + AP 3,9,15,21 (d=6)
r2 ilv even:s odd:p                                  T=11 nvals=3071: DIES (1695 APs)
     + AP 3,8,13,18 (d=5)
     + AP 2,8,14,20 (d=6)
     + AP 3,9,15,21 (d=6)
r2 ilv even:s odd:B                                  T=11 nvals=3071: DIES (12352 APs)
     + AP 2,3,4,5 (d=1)
     + AP 14,15,16,17 (d=1)
     + AP 12,14,16,18 (d=2)
r2 ilv even:s odd:e                                  T=11 nvals=3071: DIES (1695 APs)
     + AP 3,8,13,18 (d=5)
     + AP 2,8,14,20 (d=6)
     + AP 3,9,15,21 (d=6)
r2 ilv even:s odd:i                                  T=11 nvals=3071: DIES (22712 APs)
     + AP 2,3,4,5 (d=1)
     + AP 3,4,5,6 (d=1)
     + AP 4,5,6,7 (d=1)
r2 ilv even:s odd:r                                  T=11 nvals=3071: DIES (25947 APs)
     - AP 4,5,6,7 (d=1)
     - AP 5,6,7,8 (d=1)
     + AP 3,8,13,18 (d=5)
r2 ilv even:s odd:t                                  T=11 nvals=3071: DIES (25947 APs)
     - AP 4,5,6,7 (d=1)
     - AP 5,6,7,8 (d=1)
     + AP 3,8,13,18 (d=5)
r2 ilv even:R odd:s                                  T=11 nvals=3071: DIES (1614 APs)
     + AP 2,9,16,23 (d=7)
     + AP 2,10,18,26 (d=8)
     + AP 3,11,19,27 (d=8)
r2 ilv even:R odd:R                                  T=11 nvals=3071: DIES (12802 APs)
     - AP 6,7,8,9 (d=1)
     - AP 4,6,8,10 (d=2)
     - AP 5,7,9,11 (d=2)
r2 ilv even:R odd:p                                  T=11 nvals=3071: DIES (12802 APs)
     - AP 6,7,8,9 (d=1)
     - AP 4,6,8,10 (d=2)
     - AP 5,7,9,11 (d=2)
r2 ilv even:R odd:B                                  T=11 nvals=3071: DIES (1614 APs)
     + AP 2,9,16,23 (d=7)
     + AP 2,10,18,26 (d=8)
     + AP 3,11,19,27 (d=8)
r2 ilv even:R odd:e                                  T=11 nvals=3071: DIES (12802 APs)
     - AP 6,7,8,9 (d=1)
     - AP 4,6,8,10 (d=2)
     - AP 5,7,9,11 (d=2)
r2 ilv even:R odd:i                                  T=11 nvals=3071: DIES (22000 APs)
     + AP 3,4,5,6 (d=1)
     + AP 4,5,6,7 (d=1)
     + AP 15,16,17,18 (d=1)
r2 ilv even:R odd:r                                  T=11 nvals=3071: DIES (27028 APs)
     - AP 4,5,6,7 (d=1)
     - AP 5,6,7,8 (d=1)
     - AP 6,7,8,9 (d=1)
r2 ilv even:R odd:t                                  T=11 nvals=3071: DIES (27028 APs)
     - AP 4,5,6,7 (d=1)
     - AP 5,6,7,8 (d=1)
     - AP 6,7,8,9 (d=1)
r2 ilv even:p odd:s                                  T=11 nvals=3071: DIES (1614 APs)
     + AP 2,9,16,23 (d=7)
     + AP 2,10,18,26 (d=8)
     + AP 3,11,19,27 (d=8)
r2 ilv even:p odd:R                                  T=11 nvals=3071: DIES (12802 APs)
     - AP 6,7,8,9 (d=1)
     - AP 4,6,8,10 (d=2)
     - AP 5,7,9,11 (d=2)
r2 ilv even:p odd:p                                  T=11 nvals=3071: DIES (12802 APs)
     - AP 6,7,8,9 (d=1)
     - AP 4,6,8,10 (d=2)
     - AP 5,7,9,11 (d=2)
r2 ilv even:p odd:B                                  T=11 nvals=3071: DIES (1614 APs)
     + AP 2,9,16,23 (d=7)
     + AP 2,10,18,26 (d=8)
     + AP 3,11,19,27 (d=8)
r2 ilv even:p odd:e                                  T=11 nvals=3071: DIES (12802 APs)
     - AP 6,7,8,9 (d=1)
     - AP 4,6,8,10 (d=2)
     - AP 5,7,9,11 (d=2)
r2 ilv even:p odd:i                                  T=11 nvals=3071: DIES (22000 APs)
     + AP 3,4,5,6 (d=1)
     + AP 4,5,6,7 (d=1)
     + AP 15,16,17,18 (d=1)
r2 ilv even:p odd:r                                  T=11 nvals=3071: DIES (27028 APs)
     - AP 4,5,6,7 (d=1)
     - AP 5,6,7,8 (d=1)
     - AP 6,7,8,9 (d=1)
r2 ilv even:p odd:t                                  T=11 nvals=3071: DIES (27028 APs)
     - AP 4,5,6,7 (d=1)
     - AP 5,6,7,8 (d=1)
     - AP 6,7,8,9 (d=1)
r2 ilv even:B odd:s                                  T=11 nvals=3071: DIES (12352 APs)
     + AP 2,3,4,5 (d=1)
     + AP 14,15,16,17 (d=1)
     + AP 12,14,16,18 (d=2)
r2 ilv even:B odd:R                                  T=11 nvals=3071: DIES (1695 APs)
     + AP 3,8,13,18 (d=5)
     + AP 2,8,14,20 (d=6)
     + AP 3,9,15,21 (d=6)
r2 ilv even:B odd:p                                  T=11 nvals=3071: DIES (1695 APs)
     + AP 3,8,13,18 (d=5)
     + AP 2,8,14,20 (d=6)
     + AP 3,9,15,21 (d=6)
r2 ilv even:B odd:B                                  T=11 nvals=3071: DIES (12352 APs)
     + AP 2,3,4,5 (d=1)
     + AP 14,15,16,17 (d=1)
     + AP 12,14,16,18 (d=2)
r2 ilv even:B odd:e                                  T=11 nvals=3071: DIES (1695 APs)
     + AP 3,8,13,18 (d=5)
     + AP 2,8,14,20 (d=6)
     + AP 3,9,15,21 (d=6)
r2 ilv even:B odd:i                                  T=11 nvals=3071: DIES (22712 APs)
     + AP 2,3,4,5 (d=1)
     + AP 3,4,5,6 (d=1)
     + AP 4,5,6,7 (d=1)
r2 ilv even:B odd:r                                  T=11 nvals=3071: DIES (25947 APs)
     - AP 4,5,6,7 (d=1)
     - AP 5,6,7,8 (d=1)
     + AP 3,8,13,18 (d=5)
r2 ilv even:B odd:t                                  T=11 nvals=3071: DIES (25947 APs)
     - AP 4,5,6,7 (d=1)
     - AP 5,6,7,8 (d=1)
     + AP 3,8,13,18 (d=5)
r2 ilv even:e odd:s                                  T=11 nvals=3071: DIES (1614 APs)
     + AP 2,9,16,23 (d=7)
     + AP 2,10,18,26 (d=8)
     + AP 3,11,19,27 (d=8)
r2 ilv even:e odd:R                                  T=11 nvals=3071: DIES (12802 APs)
     - AP 6,7,8,9 (d=1)
     - AP 4,6,8,10 (d=2)
     - AP 5,7,9,11 (d=2)
r2 ilv even:e odd:p                                  T=11 nvals=3071: DIES (12802 APs)
     - AP 6,7,8,9 (d=1)
     - AP 4,6,8,10 (d=2)
     - AP 5,7,9,11 (d=2)
r2 ilv even:e odd:B                                  T=11 nvals=3071: DIES (1614 APs)
     + AP 2,9,16,23 (d=7)
     + AP 2,10,18,26 (d=8)
     + AP 3,11,19,27 (d=8)
r2 ilv even:e odd:e                                  T=11 nvals=3071: DIES (12802 APs)
     - AP 6,7,8,9 (d=1)
     - AP 4,6,8,10 (d=2)
     - AP 5,7,9,11 (d=2)
r2 ilv even:e odd:i                                  T=11 nvals=3071: DIES (22000 APs)
     + AP 3,4,5,6 (d=1)
     + AP 4,5,6,7 (d=1)
     + AP 15,16,17,18 (d=1)
r2 ilv even:e odd:r                                  T=11 nvals=3071: DIES (27028 APs)
     - AP 4,5,6,7 (d=1)
     - AP 5,6,7,8 (d=1)
     - AP 6,7,8,9 (d=1)
r2 ilv even:e odd:t                                  T=11 nvals=3071: DIES (27028 APs)
     - AP 4,5,6,7 (d=1)
     - AP 5,6,7,8 (d=1)
     - AP 6,7,8,9 (d=1)
r2 ilv even:i odd:s                                  T=11 nvals=3071: DIES (750344 APs)
     + AP 2,3,4,5 (d=1)
     + AP 8,9,10,11 (d=1)
     + AP 9,10,11,12 (d=1)
r2 ilv even:i odd:R                                  T=11 nvals=3071: DIES (749713 APs)
     + AP 8,9,10,11 (d=1)
     + AP 9,10,11,12 (d=1)
     + AP 10,11,12,13 (d=1)
r2 ilv even:i odd:p                                  T=11 nvals=3071: DIES (749713 APs)
     + AP 8,9,10,11 (d=1)
     + AP 9,10,11,12 (d=1)
     + AP 10,11,12,13 (d=1)
r2 ilv even:i odd:B                                  T=11 nvals=3071: DIES (750344 APs)
     + AP 2,3,4,5 (d=1)
     + AP 8,9,10,11 (d=1)
     + AP 9,10,11,12 (d=1)
r2 ilv even:i odd:e                                  T=11 nvals=3071: DIES (749713 APs)
     + AP 8,9,10,11 (d=1)
     + AP 9,10,11,12 (d=1)
     + AP 10,11,12,13 (d=1)
r2 ilv even:i odd:i                                  T=11 nvals=3071: DIES (770730 APs)
     + AP 2,3,4,5 (d=1)
     + AP 3,4,5,6 (d=1)
     + AP 4,5,6,7 (d=1)
r2 ilv even:i odd:r                                  T=11 nvals=3071: DIES (763939 APs)
     - AP 4,5,6,7 (d=1)
     - AP 5,6,7,8 (d=1)
     + AP 8,9,10,11 (d=1)
r2 ilv even:i odd:t                                  T=11 nvals=3071: DIES (763939 APs)
     - AP 4,5,6,7 (d=1)
     - AP 5,6,7,8 (d=1)
     + AP 8,9,10,11 (d=1)
r2 ilv even:r odd:s                                  T=11 nvals=3071: DIES (776959 APs)
     - AP 7,8,9,10 (d=1)
     - AP 8,9,10,11 (d=1)
     - AP 9,10,11,12 (d=1)
r2 ilv even:r odd:R                                  T=11 nvals=3071: DIES (778121 APs)
     - AP 6,7,8,9 (d=1)
     - AP 7,8,9,10 (d=1)
     - AP 4,6,8,10 (d=2)
r2 ilv even:r odd:p                                  T=11 nvals=3071: DIES (778121 APs)
     - AP 6,7,8,9 (d=1)
     - AP 7,8,9,10 (d=1)
     - AP 4,6,8,10 (d=2)
r2 ilv even:r odd:B                                  T=11 nvals=3071: DIES (776959 APs)
     - AP 7,8,9,10 (d=1)
     - AP 8,9,10,11 (d=1)
     - AP 9,10,11,12 (d=1)
r2 ilv even:r odd:e                                  T=11 nvals=3071: DIES (778121 APs)
     - AP 6,7,8,9 (d=1)
     - AP 7,8,9,10 (d=1)
     - AP 4,6,8,10 (d=2)
r2 ilv even:r odd:i                                  T=11 nvals=3071: DIES (787319 APs)
     + AP 3,4,5,6 (d=1)
     + AP 4,5,6,7 (d=1)
     - AP 7,8,9,10 (d=1)
r2 ilv even:r odd:r                                  T=11 nvals=3071: DIES (802373 APs)
     - AP 4,5,6,7 (d=1)
     - AP 5,6,7,8 (d=1)
     - AP 6,7,8,9 (d=1)
r2 ilv even:r odd:t                                  T=11 nvals=3071: DIES (802373 APs)
     - AP 4,5,6,7 (d=1)
     - AP 5,6,7,8 (d=1)
     - AP 6,7,8,9 (d=1)
r2 ilv even:t odd:s                                  T=11 nvals=3071: DIES (776959 APs)
     - AP 7,8,9,10 (d=1)
     - AP 8,9,10,11 (d=1)
     - AP 9,10,11,12 (d=1)
r2 ilv even:t odd:R                                  T=11 nvals=3071: DIES (778121 APs)
     - AP 6,7,8,9 (d=1)
     - AP 7,8,9,10 (d=1)
     - AP 4,6,8,10 (d=2)
r2 ilv even:t odd:p                                  T=11 nvals=3071: DIES (778121 APs)
     - AP 6,7,8,9 (d=1)
     - AP 7,8,9,10 (d=1)
     - AP 4,6,8,10 (d=2)
r2 ilv even:t odd:B                                  T=11 nvals=3071: DIES (776959 APs)
     - AP 7,8,9,10 (d=1)
     - AP 8,9,10,11 (d=1)
     - AP 9,10,11,12 (d=1)
r2 ilv even:t odd:e                                  T=11 nvals=3071: DIES (778121 APs)
     - AP 6,7,8,9 (d=1)
     - AP 7,8,9,10 (d=1)
     - AP 4,6,8,10 (d=2)
r2 ilv even:t odd:i                                  T=11 nvals=3071: DIES (787319 APs)
     + AP 3,4,5,6 (d=1)
     + AP 4,5,6,7 (d=1)
     - AP 7,8,9,10 (d=1)
r2 ilv even:t odd:r                                  T=11 nvals=3071: DIES (802373 APs)
     - AP 4,5,6,7 (d=1)
     - AP 5,6,7,8 (d=1)
     - AP 6,7,8,9 (d=1)
r2 ilv even:t odd:t                                  T=11 nvals=3071: DIES (802373 APs)
     - AP 4,5,6,7 (d=1)
     - AP 5,6,7,8 (d=1)
     - AP 6,7,8,9 (d=1)
SURVIVORS: []
