local problem on (26..80] with soft clauses: UNSAT
initial core size: 133
MUS size: 120
    F1 inv 37<27 (AP 7,17,27,37)
    F1 inv 38<27 (AP 5,16,27,38)
    F1 inv 39<27 (AP 3,15,27,39)
    F1 inv 38<28 (AP 8,18,28,38)
    F1 inv 39<28 (AP 6,17,28,39)
    F1 inv 40<28 (AP 4,16,28,40)
    F1 inv 40<29 (AP 7,18,29,40)
    F1 inv 41<29 (AP 5,17,29,41)
    F1 inv 42<29 (AP 3,16,29,42)
    F1 inv 43<29 (AP 1,15,29,43)
    F1 inv 41<30 (AP 8,19,30,41)
    F1 inv 43<30 (AP 4,17,30,43)
    F1 inv 44<31 (AP 5,18,31,44)
    F1 inv 44<32 (AP 8,20,32,44)
    F1 inv 45<32 (AP 6,19,32,45)
    F1 inv 47<32 (AP 2,17,32,47)
    F1 inv 47<33 (AP 5,19,33,47)
    F1 inv 48<33 (AP 3,18,33,48)
    F1 inv 47<34 (AP 8,21,34,47)
    F1 inv 48<34 (AP 6,20,34,48)
    F1 inv 50<34 (AP 2,18,34,50)
    F1 inv 49<35 (AP 7,21,35,49)
    F1 inv 50<35 (AP 5,20,35,50)
    F1 inv 51<35 (AP 3,19,35,51)
    F2 inv 58<35 (3AP 12,35,58 ext 81)
    F1 inv 51<36 (AP 6,21,36,51)
    F1 inv 52<36 (AP 4,20,36,52)
    F1 inv 52<37 (AP 7,22,37,52)
    F1 inv 53<37 (AP 5,21,37,53)
    F2 inv 59<37 (3AP 15,37,59 ext 81)
    F2 inv 60<37 (3AP 14,37,60 ext 83)
    F2 inv 61<37 (3AP 13,37,61 ext 85)
    F1 inv 53<38 (AP 8,23,38,53)
    F2 inv 63<38 (3AP 13,38,63 ext 88)
    F1 inv 55<39 (AP 7,23,39,55)
    F1 inv 57<39 (AP 3,21,39,57)
    F2 inv 65<39 (3AP 13,39,65 ext 91)
    F1 inv 56<40 (AP 8,24,40,56)
    F1 inv 57<40 (AP 6,23,40,57)
    F1 inv 58<41 (AP 7,24,41,58)
    F2 inv 62<41 (3AP 20,41,62 ext 83)
    F2 inv 64<41 (3AP 18,41,64 ext 87)
    F2 inv 66<41 (3AP 16,41,66 ext 91)
    F1 inv 61<43 (AP 7,25,43,61)
    F1 inv 62<43 (AP 5,24,43,62)
    F1 inv 62<44 (AP 8,26,44,62)
    F1 inv 63<44 (AP 6,25,44,63)
    F1 inv 70<47 (AP 1,24,47,70)
    F2 inv 71<47 (3AP 23,47,71 ext 95)
    F2 inv 72<47 (3AP 22,47,72 ext 97)
    F2 inv 76<47 (3AP 18,47,76 ext 105)
    F1 inv 71<48 (AP 2,25,48,71)
    F2 inv 73<48 (3AP 23,48,73 ext 98)
    F1 inv 73<49 (AP 1,25,49,73)
    F2 inv 75<50 (3AP 25,50,75 ext 100)
    F2 inv 77<50 (3AP 23,50,77 ext 104)
    F2 inv 77<51 (3AP 25,51,77 ext 103)
    F2 inv 78<52 (3AP 26,52,78 ext 104)
    F2 inv 80<53 (3AP 26,53,80 ext 107)
    F3 no-incr-3AP 58,66,74 (ext 82)
    F3 no-incr-3AP 61,69,77 (ext 85)
    F3 no-incr-3AP 56,65,74 (ext 83)
    F3 no-incr-3AP 62,71,80 (ext 89)
    F3 no-incr-3AP 55,65,75 (ext 85)
    F3 no-incr-3AP 55,66,77 (ext 88)
    F3 no-incr-3AP 58,69,80 (ext 91)
    F3 no-incr-3AP 56,68,80 (ext 92)
    F4- (33, 35, 37, 39)
    F4- (34, 36, 38, 40)
    F4- (35, 37, 39, 41)
    F4- (36, 38, 40, 42)
    F4- (32, 35, 38, 41)
    F4- (33, 36, 39, 42)
    F4- (34, 37, 40, 43)
    F4- (35, 38, 41, 44)
    F4+ (41, 44, 47, 50)
    F4- (47, 50, 53, 56)
    F4+ (59, 62, 65, 68)
    F4- (33, 37, 41, 45)
    F4- (35, 39, 43, 47)
    F4- (36, 40, 44, 48)
    F4- (49, 53, 57, 61)
    F4+ (57, 61, 65, 69)
    F4- (29, 34, 39, 44)
    F4- (48, 53, 58, 63)
    F4+ (56, 61, 66, 71)
    F4- (27, 34, 41, 48)
    F4- (27, 35, 43, 51)
    F4- (35, 44, 53, 62)
    F4- (27, 37, 47, 57)
    F4- (28, 38, 48, 58)
    F4- (35, 45, 55, 65)
    F4- (27, 38, 49, 60)
    F4- (28, 39, 50, 61)
    F4- (29, 40, 51, 62)
    F4- (30, 41, 52, 63)
    F4- (33, 44, 55, 66)
    F4- (36, 47, 58, 69)
    F4- (27, 39, 51, 63)
    F4- (28, 40, 52, 64)
    F4- (29, 41, 53, 65)
    F4- (32, 44, 56, 68)
    F4- (35, 47, 59, 71)
    F4- (38, 50, 62, 74)
    F4- (27, 40, 53, 66)
    F4- (30, 43, 56, 69)
    F4- (31, 44, 57, 70)
    F4- (32, 45, 58, 71)
    F4- (34, 47, 60, 73)
    F4- (35, 48, 61, 74)
    F4- (29, 43, 57, 71)
    F4- (33, 47, 61, 75)
    F4- (34, 48, 62, 76)
    F4- (35, 49, 63, 77)
    F4- (38, 52, 66, 80)
    F4- (27, 42, 57, 72)
    F4- (28, 43, 58, 73)
    F4- (32, 47, 62, 77)
    F4- (33, 48, 63, 78)
    F4- (35, 50, 65, 80)
