--- 4-cut probes {2,8,26,V4} (PRIORITY):
cuts [2, 8, 26, 100] UNSAT (6s)
cuts [2, 8, 26, 120] UNSAT (24s)
cuts [2, 8, 26, 140] SAT (83s)
cuts [2, 8, 26, 160] UNSAT (339s)
--- V1-memory: {V1,20,100}
cuts [2, 20, 100] SAT (9s)
cuts [4, 20, 100] SAT (9s)
cuts [6, 20, 100] SAT (9s)
cuts [7, 20, 100] SAT (8s)
cuts [8, 20, 100] UNSAT (8s)
cuts [10, 20, 100] UNSAT (8s)
cuts [12, 20, 100] UNSAT (8s)
cuts [14, 20, 100] UNSAT (8s)
--- V1-memory: {V1,16,70}
cuts [2, 16, 70] SAT (2s)
cuts [4, 16, 70] SAT (2s)
cuts [6, 16, 70] SAT (2s)
cuts [8, 16, 70] UNSAT (2s)
cuts [10, 16, 70] UNSAT (2s)
cuts [12, 16, 70] UNSAT (2s)
--- notch edges W(4,16)
cuts [4, 16, 54] SAT (1s)
cuts [4, 16, 56] UNSAT (1s)
cuts [4, 16, 58] UNSAT (1s)
cuts [4, 16, 62] UNSAT (1s)
cuts [4, 16, 64] UNSAT (1s)
cuts [4, 16, 66] UNSAT (2s)
cuts [4, 16, 68] SAT (3s)
--- notch edges W(6,20)
cuts [6, 20, 60] SAT (1s)
cuts [6, 20, 62] SAT (1s)
cuts [6, 20, 64] UNSAT (1s)
cuts [6, 20, 90] SAT (5s)
cuts [6, 20, 94] SAT (6s)
--- W(8,26) extra points
cuts [8, 26, 76] SAT (2s)
cuts [8, 26, 78] UNSAT (2s)
cuts [8, 26, 125] SAT (23s)
cuts [8, 26, 135] SAT (34s)
