# P2_exact2  L in [6,14490]  minm = 3  nodecap 20000000000  work 400000
# minm=3 is THE PIVOT (modulus 2 banned). SCOPE: infeasibility at L excludes pivot
# coverings with lcm | L only; H\{2} is infinite so this is never a proof of the pivot.
  L=1080     |S|= 17 bud 1.22407  INFEASIBLE by exhaustive search (14 nodes)
  L=1260     |S|= 19 bud 1.24444  INFEASIBLE by exhaustive search (14 nodes)
  L=1680     |S|= 19 bud 1.20060  INFEASIBLE by exhaustive search (5 nodes)
  L=2160     |S|= 18 bud 1.24491  INFEASIBLE by exhaustive search (20 nodes)
  L=2520     |S|= 24 bud 1.40357  INFEASIBLE by exhaustive search (127 nodes)
  L=3240     |S|= 22 bud 1.24198  INFEASIBLE by exhaustive search (14 nodes)
  L=3360     |S|= 21 bud 1.21548  INFEASIBLE by exhaustive search (5 nodes)
  L=3600     |S|= 19 bud 1.25417  INFEASIBLE by exhaustive search (20 nodes)
  L=3780     |S|= 25 bud 1.28228  INFEASIBLE by exhaustive search (35 nodes)
  L=3960     |S|= 22 bud 1.36288  INFEASIBLE by exhaustive search (47 nodes)
  L=4200     |S|= 25 bud 1.22548  INFEASIBLE by exhaustive search (5 nodes)
  L=4320     |S|= 21 bud 1.25903  INFEASIBLE by exhaustive search (29 nodes)
  L=4620     |S|= 23 bud 1.18268  INFEASIBLE by exhaustive search (5 nodes)
  L=4680     |S|= 23 bud 1.29786  INFEASIBLE by exhaustive search (29 nodes)
  L=5040     |S|= 28 bud 1.42897  INFEASIBLE by exhaustive search (531 nodes)
  L=5400     |S|= 23 bud 1.26852  INFEASIBLE by exhaustive search (29 nodes)
  L=5670     |S|= 24 bud 1.21323  INFEASIBLE by exhaustive search (14 nodes)
  L=5880     |S|= 20 bud 1.19218  INFEASIBLE by exhaustive search (5 nodes)
  L=5940     |S|= 24 bud 1.25842  INFEASIBLE by exhaustive search (17 nodes)
  L=6300     |S|= 28 bud 1.28794  INFEASIBLE by exhaustive search (35 nodes)
  L=6480     |S|= 24 bud 1.26358  INFEASIBLE by exhaustive search (29 nodes)
  L=6720     |S|= 25 bud 1.21994  INFEASIBLE by exhaustive search (5 nodes)
  L=6840     |S|= 21 bud 1.22047  INFEASIBLE by exhaustive search (5 nodes)
  L=6930     |S|= 25 bud 1.31183  INFEASIBLE by exhaustive search (23 nodes)
  L=7200     |S|= 24 bud 1.26986  INFEASIBLE by exhaustive search (29 nodes)
  L=7560     |S|= 33 bud 1.44709  INFEASIBLE by exhaustive search (120447 nodes)
  L=7920     |S|= 26 bud 1.39040  INFEASIBLE by exhaustive search (63 nodes)
  L=8190     |S|= 27 bud 1.26239  INFEASIBLE by exhaustive search (23 nodes)
  L=8280     |S|= 23 bud 1.26751  INFEASIBLE by exhaustive search (14 nodes)
  L=8400     |S|= 28 bud 1.24988  INFEASIBLE by exhaustive search (5 nodes)
  L=8640     |S|= 24 bud 1.26447  INFEASIBLE by exhaustive search (29 nodes)
  L=8820     |S|= 26 bud 1.26349  INFEASIBLE by exhaustive search (23 nodes)
  L=9000     |S|= 23 bud 1.24578  INFEASIBLE by exhaustive search (14 nodes)
  L=9240     |S|= 30 bud 1.34275  INFEASIBLE by exhaustive search (17 nodes)
  L=9360     |S|= 26 bud 1.32126  INFEASIBLE by exhaustive search (41 nodes)
  L=9450     |S|= 25 bud 1.23471  INFEASIBLE by exhaustive search (14 nodes)
  L=9720     |S|= 27 bud 1.24733  INFEASIBLE by exhaustive search (20 nodes)
  L=9900     |S|= 27 bud 1.26636  INFEASIBLE by exhaustive search (17 nodes)
  L=10080    |S|= 32 bud 1.44742  INFEASIBLE by exhaustive search (3917 nodes)
  L=10800    |S|= 25 bud 1.28944  INFEASIBLE by exhaustive search (35 nodes)
  L=10920    |S|= 28 bud 1.28791  INFEASIBLE by exhaustive search (14 nodes)
  L=11088    |S|= 26 bud 1.17875  INFEASIBLE by exhaustive search (18 nodes)
  L=11340    |S|= 29 bud 1.29921  INFEASIBLE by exhaustive search (71 nodes)
  L=11760    |S|= 24 bud 1.21684  INFEASIBLE by exhaustive search (5 nodes)
  L=11880    |S|= 30 bud 1.39966  INFEASIBLE by exhaustive search (91 nodes)
  L=12240    |S|= 26 bud 1.26495  INFEASIBLE by exhaustive search (29 nodes)
  L=12600    |S|= 36 bud 1.45444  INFEASIBLE by exhaustive search (3263 nodes)
  L=12960    |S|= 27 bud 1.27770  INFEASIBLE by exhaustive search (29 nodes)
  L=13230    |S|= 26 bud 1.21519  INFEASIBLE by exhaustive search (14 nodes)
  L=13440    |S|= 28 bud 1.23043  INFEASIBLE by exhaustive search (5 nodes)
  L=13680    |S|= 24 bud 1.24203  INFEASIBLE by exhaustive search (14 nodes)
  L=13860    |S|= 33 bud 1.42525  INFEASIBLE by exhaustive search (338 nodes)
  L=14040    |S|= 30 bud 1.33369  INFEASIBLE by exhaustive search (65 nodes)
  L=14280    |S|= 29 bud 1.23319  INFEASIBLE by exhaustive search (5 nodes)
  L=14400    |S|= 27 bud 1.27493  INFEASIBLE by exhaustive search (29 nodes)
  L=14490    |S|= 27 bud 1.23941  INFEASIBLE by exhaustive search (14 nodes)

# range [6,14490]: candidates = 259 ; fiber-infeasible = 203 ; search-infeasible = 56 ; node caps = 0 ; SAT = 0
# hardest search: L = 7560 with 120447 nodes
