# P2_exact2  L in [14491,200000]  minm = 3  nodecap 20000000000  work 400000
# minm=3 is THE PIVOT (modulus 2 banned). SCOPE: infeasibility at L excludes pivot
# coverings with lcm | L only; H\{2} is infinite so this is never a proof of the pivot.
  L=15120    |S|= 38 bud 1.47255  TIME CAP -- UNDECIDED (90112 nodes)
  L=15840    |S|= 30 bud 1.40556  INFEASIBLE by exhaustive search (113 nodes)
  L=15960    |S|= 25 bud 1.20952  INFEASIBLE by exhaustive search (5 nodes)
  L=16200    |S|= 31 bud 1.28722  INFEASIBLE by exhaustive search (35 nodes)
  L=16380    |S|= 35 bud 1.36081  INFEASIBLE by exhaustive search (161 nodes)
  L=16560    |S|= 24 bud 1.28835  INFEASIBLE by exhaustive search (29 nodes)
  L=16632    |S|= 28 bud 1.18013  INFEASIBLE by exhaustive search (18 nodes)
  L=16800    |S|= 33 bud 1.26649  INFEASIBLE by exhaustive search (14 nodes)
  L=17010    |S|= 27 bud 1.21787  INFEASIBLE by exhaustive search (14 nodes)
  L=17160    |S|= 26 bud 1.24720  INFEASIBLE by exhaustive search (5 nodes)
  L=17280    |S|= 26 bud 1.27488  INFEASIBLE by exhaustive search (29 nodes)
  L=17640    |S|= 33 bud 1.42296  INFEASIBLE by exhaustive search (233 nodes)
  L=17820    |S|= 29 bud 1.27587  INFEASIBLE by exhaustive search (23 nodes)
  L=18000    |S|= 25 bud 1.26711  INFEASIBLE by exhaustive search (20 nodes)
  L=18360    |S|= 33 bud 1.28241  INFEASIBLE by exhaustive search (29 nodes)
  L=18480    |S|= 36 bud 1.37348  INFEASIBLE by exhaustive search (27 nodes)
  L=18720    |S|= 30 bud 1.33547  INFEASIBLE by exhaustive search (65 nodes)
  L=18900    |S|= 34 bud 1.32577  INFEASIBLE by exhaustive search (349 nodes)
  L=19320    |S|= 29 bud 1.25637  INFEASIBLE by exhaustive search (5 nodes)
  L=19440    |S|= 29 bud 1.26893  INFEASIBLE by exhaustive search (29 nodes)
  L=19800    |S|= 32 bud 1.40864  INFEASIBLE by exhaustive search (75 nodes)
  L=20160    |S|= 37 bud 1.45362  INFEASIBLE by exhaustive search (11854 nodes)
  L=20520    |S|= 29 bud 1.25697  INFEASIBLE by exhaustive search (20 nodes)
  L=20790    |S|= 33 bud 1.35079  INFEASIBLE by exhaustive search (37 nodes)
  L=20880    |S|= 25 bud 1.26786  INFEASIBLE by exhaustive search (14 nodes)
  L=21000    |S|= 31 bud 1.23738  INFEASIBLE by exhaustive search (8 nodes)
  L=21060    |S|= 28 bud 1.20935  INFEASIBLE by exhaustive search (14 nodes)
  L=21420    |S|= 38 bud 1.31303  INFEASIBLE by exhaustive search (53 nodes)
  L=21600    |S|= 32 bud 1.30542  INFEASIBLE by exhaustive search (65 nodes)
  L=21840    |S|= 35 bud 1.31525  INFEASIBLE by exhaustive search (17 nodes)
  L=22176    |S|= 31 bud 1.19837  INFEASIBLE by exhaustive search (20 nodes)
  L=22680    |S|= 40 bud 1.46592  TIME CAP -- UNDECIDED (54272 nodes)
  L=23100    |S|= 33 bud 1.22602  INFEASIBLE by exhaustive search (8 nodes)
  L=23400    |S|= 34 bud 1.34551  INFEASIBLE by exhaustive search (47 nodes)
  L=23520    |S|= 28 bud 1.23240  INFEASIBLE by exhaustive search (8 nodes)
  L=23760    |S|= 35 bud 1.42723  INFEASIBLE by exhaustive search (313 nodes)
  L=23940    |S|= 30 bud 1.27732  INFEASIBLE by exhaustive search (23 nodes)
  L=24360    |S|= 23 bud 1.22763  INFEASIBLE by exhaustive search (5 nodes)
  L=24480    |S|= 29 bud 1.27921  INFEASIBLE by exhaustive search (29 nodes)
  L=24570    |S|= 35 bud 1.30081  INFEASIBLE by exhaustive search (38 nodes)
  L=24840    |S|= 33 bud 1.30370  INFEASIBLE by exhaustive search (29 nodes)
  L=25200    |S|= 40 bud 1.47984  TIME CAP -- UNDECIDED (50176 nodes)
  L=25740    |S|= 34 bud 1.33850  INFEASIBLE by exhaustive search (34 nodes)
  L=25920    |S|= 31 bud 1.28333  INFEASIBLE by exhaustive search (29 nodes)
  L=26040    |S|= 25 bud 1.19270  INFEASIBLE by exhaustive search (5 nodes)
  L=26460    |S|= 33 bud 1.30208  INFEASIBLE by exhaustive search (74 nodes)
  L=26880    |S|= 31 bud 1.23099  INFEASIBLE by exhaustive search (11 nodes)
  L=27000    |S|= 29 bud 1.28100  INFEASIBLE by exhaustive search (29 nodes)
  L=27300    |S|= 31 bud 1.17454  INFEASIBLE by exhaustive search (8 nodes)
  L=27360    |S|= 28 bud 1.25760  INFEASIBLE by exhaustive search (23 nodes)
  L=27720    |S|= 42 bud 1.58734  TIME CAP -- UNDECIDED (35840 nodes)
  L=28080    |S|= 33 bud 1.35709  INFEASIBLE by exhaustive search (243 nodes)
  L=28350    |S|= 33 bud 1.25249  INFEASIBLE by exhaustive search (26 nodes)
  L=28560    |S|= 33 bud 1.25784  INFEASIBLE by exhaustive search (19 nodes)
  L=28800    |S|= 30 bud 1.28538  INFEASIBLE by exhaustive search (31 nodes)
  L=28980    |S|= 34 bud 1.32805  INFEASIBLE by exhaustive search (62 nodes)
  L=29160    |S|= 30 bud 1.24942  INFEASIBLE by exhaustive search (25 nodes)
  L=29400    |S|= 31 bud 1.24180  INFEASIBLE by exhaustive search (17 nodes)
  L=29700    |S|= 33 bud 1.29764  INFEASIBLE by exhaustive search (30 nodes)
  L=30030    |S|= 31 bud 1.20326  INFEASIBLE by exhaustive search (8 nodes)
  L=30240    |S|= 44 bud 1.49140  TIME CAP -- UNDECIDED (26624 nodes)
  L=30600    |S|= 31 bud 1.28941  INFEASIBLE by exhaustive search (31 nodes)
  L=31080    |S|= 29 bud 1.20801  INFEASIBLE by exhaustive search (8 nodes)
  L=31320    |S|= 28 bud 1.28110  INFEASIBLE by exhaustive search (31 nodes)
  L=31500    |S|= 36 bud 1.30095  INFEASIBLE by exhaustive search (72 nodes)
