# P2_exact2  L in [6,30000]  minm = 3  nodecap 200000000  work 400000
# minm=3 is THE PIVOT (modulus 2 banned). SCOPE: infeasibility at L excludes pivot
# coverings with lcm | L only; H\{2} is infinite so this is never a proof of the pivot.
  L=180      |S|= 10 bud 1.05556  INFEASIBLE (Phi_3 < 1)
  L=240      |S|=  9 bud 1.00417  INFEASIBLE (Phi_2 < 1)
  L=270      |S|= 11 bud 1.00741  INFEASIBLE (Phi_2 < 1)
  L=360      |S|= 12 bud 1.18889  INFEASIBLE (Phi_3 < 1)
  L=420      |S|= 12 bud 1.01905  INFEASIBLE (Phi_2 < 1)
  L=450      |S|= 10 bud 1.01111  INFEASIBLE (Phi_2 < 1)
  L=480      |S|= 10 bud 1.01458  INFEASIBLE (Phi_2 < 1)
  L=540      |S|= 13 bud 1.08519  INFEASIBLE (Phi_3 < 1)
  L=600      |S|= 13 bud 1.02667  INFEASIBLE (Phi_2 < 1)
  L=630      |S|= 15 bud 1.15873  INFEASIBLE (Phi_3 < 1)
  L=660      |S|= 12 bud 1.00455  INFEASIBLE (Phi_2 < 1)
  L=720      |S|= 13 bud 1.20972  INFEASIBLE (Phi_3 < 1)
  L=810      |S|= 14 bud 1.02346  INFEASIBLE (Phi_2 < 1)
  L=840      |S|= 16 bud 1.17619  INFEASIBLE (Phi_5 < 1)
  L=900      |S|= 14 bud 1.09333  INFEASIBLE (Phi_3 < 1)
  L=960      |S|= 11 bud 1.01771  INFEASIBLE (Phi_2 < 1)
  L=990      |S|= 15 bud 1.12525  INFEASIBLE (Phi_3 < 1)
  L=1008     |S|= 15 bud 1.00496  INFEASIBLE (Phi_2 < 1)
  L=1080     |S|= 17 bud 1.22407  INFEASIBLE by exhaustive search (14 nodes)
  L=1170     |S|= 14 bud 1.07265  INFEASIBLE (Phi_3 < 1)
  L=1200     |S|= 14 bud 1.04750  INFEASIBLE (Phi_2 < 1)
  L=1260     |S|= 19 bud 1.24444  INFEASIBLE by exhaustive search (14 nodes)
  L=1320     |S|= 15 bud 1.14015  INFEASIBLE (Phi_2 < 1)
  L=1350     |S|= 13 bud 1.04074  INFEASIBLE (Phi_3 < 1)
  L=1440     |S|= 15 bud 1.22361  INFEASIBLE (Phi_5 < 1)
  L=1512     |S|= 16 bud 1.01124  INFEASIBLE (Phi_2 < 1)
  L=1530     |S|= 14 bud 1.01111  INFEASIBLE (Phi_2 < 1)
  L=1560     |S|= 15 bud 1.08654  INFEASIBLE (Phi_2 < 1)
  L=1584     |S|= 14 bud 1.00568  INFEASIBLE (Phi_2 < 1)
  L=1620     |S|= 16 bud 1.10123  INFEASIBLE (Phi_3 < 1)
  L=1680     |S|= 19 bud 1.20060  INFEASIBLE by exhaustive search (5 nodes)
  L=1710     |S|= 11 bud 1.00058  INFEASIBLE (Phi_2 < 1)
  L=1800     |S|= 18 bud 1.23333  INFEASIBLE (Phi_5 < 1)
  L=1890     |S|= 20 bud 1.19630  INFEASIBLE (Phi_5 < 1)
  L=1920     |S|= 13 bud 1.02813  INFEASIBLE (Phi_2 < 1)
  L=1980     |S|= 19 bud 1.22727  INFEASIBLE (Phi_5 < 1)
  L=2016     |S|= 18 bud 1.02331  INFEASIBLE (Phi_2 < 1)
  L=2040     |S|= 13 bud 1.02598  INFEASIBLE (Phi_2 < 1)
  L=2070     |S|= 15 bud 1.05411  INFEASIBLE (Phi_3 < 1)
  L=2100     |S|= 18 bud 1.06095  INFEASIBLE (Phi_3 < 1)
  L=2160     |S|= 18 bud 1.24491  INFEASIBLE by exhaustive search (20 nodes)
  L=2250     |S|= 13 bud 1.02267  INFEASIBLE (Phi_2 < 1)
  L=2280     |S|= 15 bud 1.01447  INFEASIBLE (Phi_2 < 1)
  L=2310     |S|= 17 bud 1.09784  INFEASIBLE (Phi_3 < 1)
  L=2340     |S|= 19 bud 1.16282  INFEASIBLE (Phi_3 < 1)
  L=2376     |S|= 14 bud 1.00253  INFEASIBLE (Phi_2 < 1)
  L=2400     |S|= 17 bud 1.05958  INFEASIBLE (Phi_2 < 1)
  L=2430     |S|= 16 bud 1.02798  INFEASIBLE (Phi_2 < 1)
  L=2520     |S|= 24 bud 1.40357  INFEASIBLE by exhaustive search (127 nodes)
  L=2610     |S|= 12 bud 1.02299  INFEASIBLE (Phi_2 < 1)
  L=2640     |S|= 18 bud 1.16705  INFEASIBLE (Phi_5 < 1)
  L=2700     |S|= 17 bud 1.12296  INFEASIBLE (Phi_3 < 1)
  L=2730     |S|= 18 bud 1.06264  INFEASIBLE (Phi_3 < 1)
  L=2760     |S|= 15 bud 1.05761  INFEASIBLE (Phi_2 < 1)
  L=2880     |S|= 17 bud 1.22847  INFEASIBLE (Phi_5 < 1)
  L=2940     |S|= 16 bud 1.03503  INFEASIBLE (Phi_2 < 1)
  L=2970     |S|= 19 bud 1.15556  INFEASIBLE (Phi_3 < 1)
  L=3000     |S|= 16 bud 1.03800  INFEASIBLE (Phi_2 < 1)
  L=3024     |S|= 19 bud 1.03604  INFEASIBLE (Phi_2 < 1)
  L=3060     |S|= 19 bud 1.10882  INFEASIBLE (Phi_3 < 1)
  L=3120     |S|= 18 bud 1.10994  INFEASIBLE (Phi_2 < 1)
  L=3150     |S|= 20 bud 1.19714  INFEASIBLE (Phi_3 < 1)
  L=3168     |S|= 18 bud 1.02083  INFEASIBLE (Phi_2 < 1)
  L=3240     |S|= 22 bud 1.24198  INFEASIBLE by exhaustive search (14 nodes)
  L=3300     |S|= 16 bud 1.04182  INFEASIBLE (Phi_2 < 1)
  L=3330     |S|= 13 bud 1.00210  INFEASIBLE (Phi_2 < 1)
  L=3360     |S|= 21 bud 1.21548  INFEASIBLE by exhaustive search (5 nodes)
  L=3420     |S|= 17 bud 1.08655  INFEASIBLE (Phi_3 < 1)
  L=3480     |S|= 13 bud 1.03362  INFEASIBLE (Phi_2 < 1)
  L=3510     |S|= 18 bud 1.10285  INFEASIBLE (Phi_3 < 1)
  L=3600     |S|= 19 bud 1.25417  INFEASIBLE by exhaustive search (20 nodes)
  L=3690     |S|= 13 bud 1.00949  INFEASIBLE (Phi_2 < 1)
  L=3780     |S|= 25 bud 1.28228  INFEASIBLE by exhaustive search (35 nodes)
  L=3840     |S|= 14 bud 1.02839  INFEASIBLE (Phi_2 < 1)
  L=3960     |S|= 22 bud 1.36288  INFEASIBLE by exhaustive search (47 nodes)
  L=4032     |S|= 20 bud 1.02579  INFEASIBLE (Phi_2 < 1)
  L=4050     |S|= 18 bud 1.05753  INFEASIBLE (Phi_3 < 1)
  L=4080     |S|= 15 bud 1.04706  INFEASIBLE (Phi_2 < 1)
  L=4140     |S|= 18 bud 1.13309  INFEASIBLE (Phi_3 < 1)
  L=4200     |S|= 25 bud 1.22548  INFEASIBLE by exhaustive search (5 nodes)
  L=4290     |S|= 16 bud 1.02587  INFEASIBLE (Phi_2 < 1)
  L=4320     |S|= 21 bud 1.25903  INFEASIBLE by exhaustive search (29 nodes)
  L=4410     |S|= 20 bud 1.17687  INFEASIBLE (Phi_3 < 1)
  L=4440     |S|= 15 bud 1.01306  INFEASIBLE (Phi_2 < 1)
  L=4500     |S|= 19 bud 1.10578  INFEASIBLE (Phi_3 < 1)
  L=4536     |S|= 19 bud 1.02601  INFEASIBLE (Phi_2 < 1)
  L=4560     |S|= 17 bud 1.03596  INFEASIBLE (Phi_2 < 1)
  L=4590     |S|= 20 bud 1.04357  INFEASIBLE (Phi_3 < 1)
  L=4620     |S|= 23 bud 1.18268  INFEASIBLE by exhaustive search (5 nodes)
  L=4680     |S|= 23 bud 1.29786  INFEASIBLE by exhaustive search (29 nodes)
  L=4752     |S|= 17 bud 1.02967  INFEASIBLE (Phi_2 < 1)
  L=4800     |S|= 19 bud 1.06292  INFEASIBLE (Phi_2 < 1)
  L=4830     |S|= 21 bud 1.04017  INFEASIBLE (Phi_2 < 1)
  L=4860     |S|= 19 bud 1.10597  INFEASIBLE (Phi_3 < 1)
  L=4920     |S|= 11 bud 1.01179  INFEASIBLE (Phi_2 < 1)
  L=4950     |S|= 20 bud 1.15980  INFEASIBLE (Phi_3 < 1)
  L=5040     |S|= 28 bud 1.42897  INFEASIBLE by exhaustive search (531 nodes)
  L=5130     |S|= 15 bud 1.03119  INFEASIBLE (Phi_2 < 1)
  L=5160     |S|= 14 bud 1.00446  INFEASIBLE (Phi_2 < 1)
  L=5220     |S|= 16 bud 1.11034  INFEASIBLE (Phi_3 < 1)
  L=5250     |S|= 17 bud 1.01086  INFEASIBLE (Phi_2 < 1)
  L=5280     |S|= 20 bud 1.17841  INFEASIBLE (Phi_5 < 1)
  L=5400     |S|= 23 bud 1.26852  INFEASIBLE by exhaustive search (29 nodes)
  L=5460     |S|= 22 bud 1.13004  INFEASIBLE (Phi_3 < 1)
  L=5520     |S|= 16 bud 1.07844  INFEASIBLE (Phi_2 < 1)
  L=5544     |S|= 20 bud 1.14737  INFEASIBLE (Phi_3 < 1)
  L=5580     |S|= 17 bud 1.07151  INFEASIBLE (Phi_3 < 1)
  L=5670     |S|= 24 bud 1.21323  INFEASIBLE by exhaustive search (14 nodes)
  L=5760     |S|= 19 bud 1.23889  INFEASIBLE (Phi_5 < 1)
  L=5850     |S|= 20 bud 1.10906  INFEASIBLE (Phi_3 < 1)
  L=5880     |S|= 20 bud 1.19218  INFEASIBLE by exhaustive search (5 nodes)
  L=5940     |S|= 24 bud 1.25842  INFEASIBLE by exhaustive search (17 nodes)
  L=6000     |S|= 18 bud 1.05933  INFEASIBLE (Phi_2 < 1)
  L=6048     |S|= 23 bud 1.05456  INFEASIBLE (Phi_2 < 1)
  L=6090     |S|= 15 bud 1.00443  INFEASIBLE (Phi_2 < 1)
  L=6120     |S|= 23 bud 1.24379  INFEASIBLE (Phi_5 < 1)
  L=6210     |S|= 20 bud 1.08422  INFEASIBLE (Phi_3 < 1)
  L=6240     |S|= 19 bud 1.12035  INFEASIBLE (Phi_2 < 1)
  L=6300     |S|= 28 bud 1.28794  INFEASIBLE by exhaustive search (35 nodes)
  L=6336     |S|= 20 bud 1.02399  INFEASIBLE (Phi_2 < 1)
  L=6360     |S|= 14 bud 1.00566  INFEASIBLE (Phi_2 < 1)
  L=6480     |S|= 24 bud 1.26358  INFEASIBLE by exhaustive search (29 nodes)
  L=6552     |S|= 21 bud 1.07250  INFEASIBLE (Phi_2 < 1)
  L=6600     |S|= 21 bud 1.18409  INFEASIBLE (Phi_5 < 1)
  L=6660     |S|= 17 bud 1.08168  INFEASIBLE (Phi_3 < 1)
  L=6720     |S|= 25 bud 1.21994  INFEASIBLE by exhaustive search (5 nodes)
  L=6750     |S|= 16 bud 1.05230  INFEASIBLE (Phi_3 < 1)
  L=6840     |S|= 21 bud 1.22047  INFEASIBLE by exhaustive search (5 nodes)
  L=6930     |S|= 25 bud 1.31183  INFEASIBLE by exhaustive search (23 nodes)
  L=6960     |S|= 16 bud 1.05675  INFEASIBLE (Phi_2 < 1)
  L=7020     |S|= 23 bud 1.19302  INFEASIBLE (Phi_5 < 1)
  L=7056     |S|= 19 bud 1.01828  INFEASIBLE (Phi_2 < 1)
  L=7128     |S|= 18 bud 1.01782  INFEASIBLE (Phi_2 < 1)
  L=7140     |S|= 23 bud 1.07437  INFEASIBLE (Phi_3 < 1)
  L=7200     |S|= 24 bud 1.26986  INFEASIBLE by exhaustive search (29 nodes)
  L=7260     |S|= 15 bud 1.00923  INFEASIBLE (Phi_2 < 1)
  L=7290     |S|= 18 bud 1.03004  INFEASIBLE (Phi_2 < 1)
  L=7350     |S|= 18 bud 1.01592  INFEASIBLE (Phi_2 < 1)
  L=7380     |S|= 16 bud 1.08794  INFEASIBLE (Phi_3 < 1)
  L=7440     |S|= 13 bud 1.01841  INFEASIBLE (Phi_2 < 1)
  L=7560     |S|= 33 bud 1.44709  INFEASIBLE by exhaustive search (120447 nodes)
  L=7590     |S|= 19 bud 1.00791  INFEASIBLE (Phi_2 < 1)
  L=7650     |S|= 18 bud 1.04562  INFEASIBLE (Phi_3 < 1)
  L=7680     |S|= 15 bud 1.02852  INFEASIBLE (Phi_2 < 1)
  L=7740     |S|= 17 bud 1.07804  INFEASIBLE (Phi_3 < 1)
  L=7800     |S|= 23 bud 1.13256  INFEASIBLE (Phi_3 < 1)
  L=7830     |S|= 17 bud 1.05402  INFEASIBLE (Phi_3 < 1)
  L=7920     |S|= 26 bud 1.39040  INFEASIBLE by exhaustive search (63 nodes)
  L=7980     |S|= 19 bud 1.05100  INFEASIBLE (Phi_2 < 1)
  L=8064     |S|= 22 bud 1.03621  INFEASIBLE (Phi_2 < 1)
  L=8100     |S|= 22 bud 1.13975  INFEASIBLE (Phi_3 < 1)
  L=8160     |S|= 17 bud 1.05784  INFEASIBLE (Phi_2 < 1)
  L=8190     |S|= 27 bud 1.26239  INFEASIBLE by exhaustive search (23 nodes)
  L=8280     |S|= 23 bud 1.26751  INFEASIBLE by exhaustive search (14 nodes)
  L=8316     |S|= 22 bud 1.02417  INFEASIBLE (Phi_3 < 1)
  L=8370     |S|= 18 bud 1.02330  INFEASIBLE (Phi_2 < 1)
  L=8400     |S|= 28 bud 1.24988  INFEASIBLE by exhaustive search (5 nodes)
  L=8460     |S|= 18 bud 1.06891  INFEASIBLE (Phi_3 < 1)
  L=8550     |S|= 16 bud 1.03602  INFEASIBLE (Phi_2 < 1)
  L=8568     |S|= 23 bud 1.04283  INFEASIBLE (Phi_2 < 1)
  L=8580     |S|= 22 bud 1.11096  INFEASIBLE (Phi_3 < 1)
  L=8640     |S|= 24 bud 1.26447  INFEASIBLE by exhaustive search (29 nodes)
  L=8820     |S|= 26 bud 1.26349  INFEASIBLE by exhaustive search (23 nodes)
  L=8880     |S|= 17 bud 1.03401  INFEASIBLE (Phi_2 < 1)
  L=8910     |S|= 23 bud 1.17273  INFEASIBLE (Phi_5 < 1)
  L=9000     |S|= 23 bud 1.24578  INFEASIBLE by exhaustive search (14 nodes)
  L=9072     |S|= 23 bud 1.05159  INFEASIBLE (Phi_2 < 1)
  L=9120     |S|= 19 bud 1.04803  INFEASIBLE (Phi_2 < 1)
  L=9180     |S|= 26 bud 1.14183  INFEASIBLE (Phi_3 < 1)
  L=9240     |S|= 30 bud 1.34275  INFEASIBLE by exhaustive search (17 nodes)
  L=9360     |S|= 26 bud 1.32126  INFEASIBLE by exhaustive search (41 nodes)
  L=9450     |S|= 25 bud 1.23471  INFEASIBLE by exhaustive search (14 nodes)
  L=9504     |S|= 22 bud 1.04493  INFEASIBLE (Phi_2 < 1)
  L=9540     |S|= 15 bud 1.07736  INFEASIBLE (Phi_3 < 1)
  L=9600     |S|= 21 bud 1.07333  INFEASIBLE (Phi_2 < 1)
  L=9660     |S|= 24 bud 1.09886  INFEASIBLE (Phi_3 < 1)
