[grid.kmin.M16] offsets=0..16 (n=17) base=(0, 1, 2) kmin=True stepmin=None topvalmin=None => SAT  
    backbone: 4 forced relations, 1 beyond the base triple:
      P(+3) < P(+2)
    sample model (position order of offsets): [16, 15, 13, 14, 7, 10, 12, 3, 0, 1, 2, 6, 9, 11, 4, 5, 8]
[grid.kmin.neg6.M12] offsets=-6..12 (n=19) base=(0, 1, 2) kmin=True stepmin=None topvalmin=None => SAT  [assumes x>6d]
    backbone: 5 forced relations, 2 beyond the base triple:
      P(+0) < P(-1)
      P(+3) < P(+2)
    sample model (position order of offsets): [12, 11, 9, 10, 3, 6, 8, -4, -6, 0, 1, -2, 2, 5, 7, 4, -3, -1, -5]
[int.d1.kmin.A8C12] offsets=-8..12 (n=21) base=(0, 1, 2) kmin=True stepmin=None topvalmin=None => SAT  [assumes x>8]
    backbone: 5 forced relations, 2 beyond the base triple:
      P(+0) < P(-1)
      P(+3) < P(+2)
    sample model (position order of offsets): [12, 11, 9, 10, 3, 6, 8, -4, -6, 0, 1, -2, 2, 5, 7, 4, -3, -7, -1, -8, -5]
[int.d2.kmin+stepmin.A6C16] offsets=-6..16 (n=23) base=(0, 2, 4) kmin=True stepmin=2 topvalmin=None => SAT  [assumes x>6]
    backbone: 5 forced relations, 2 beyond the base triple:
      P(+0) < P(-2)
      P(+6) < P(+4)
    sample model (position order of offsets): [16, 15, 13, 14, 7, 10, 12, 0, 2, 6, 9, -1, -3, -2, 4, 11, -5, 1, 5, 8, 3, -6, -4]
[int.d1.topvalmin.A8C10] offsets=-8..10 (n=19) base=(0, 1, 2) kmin=True stepmin=None topvalmin=2 => SAT  [assumes x>8]
    backbone: 5 forced relations, 2 beyond the base triple:
      P(+0) < P(-1)
      P(+3) < P(+2)
    sample model (position order of offsets): [10, 9, 7, 8, 0, 1, 4, 6, 3, -5, -6, -8, -7, -2, 2, 5, -1, -3, -4]
[abs13.x1.d1] offsets=1..13 (n=13) base=(1, 2, 3) kmin=True stepmin=None topvalmin=None => SAT  
[abs13.x2.d1] offsets=1..13 (n=13) base=(2, 3, 4) kmin=True stepmin=None topvalmin=None => SAT  
[abs13.x3.d1] offsets=1..13 (n=13) base=(3, 4, 5) kmin=True stepmin=None topvalmin=None => SAT  
[abs13.x4.d1] offsets=1..13 (n=13) base=(4, 5, 6) kmin=True stepmin=None topvalmin=None => SAT  
[abs13.x5.d1] offsets=1..13 (n=13) base=(5, 6, 7) kmin=True stepmin=None topvalmin=None => SAT  
[abs13.x6.d1] offsets=1..13 (n=13) base=(6, 7, 8) kmin=True stepmin=None topvalmin=None => SAT  
[abs13.x7.d1] offsets=1..13 (n=13) base=(7, 8, 9) kmin=True stepmin=None topvalmin=None => SAT  
[abs13.x8.d1] offsets=1..13 (n=13) base=(8, 9, 10) kmin=True stepmin=None topvalmin=None => SAT  
[abs13.x9.d1] offsets=1..13 (n=13) base=(9, 10, 11) kmin=True stepmin=None topvalmin=None => SAT  
[abs13.x10.d1] offsets=1..13 (n=13) base=(10, 11, 12) kmin=True stepmin=None topvalmin=None => SAT  
[abs13.x11.d1] offsets=1..13 (n=13) base=(11, 12, 13) kmin=True stepmin=None topvalmin=None => SAT  
[abs13.x1.d2] offsets=1..13 (n=13) base=(1, 3, 5) kmin=True stepmin=None topvalmin=None => SAT  
[abs13.x2.d2] offsets=1..13 (n=13) base=(2, 4, 6) kmin=True stepmin=None topvalmin=None => SAT  
[abs13.x3.d2] offsets=1..13 (n=13) base=(3, 5, 7) kmin=True stepmin=None topvalmin=None => SAT  
[abs13.x4.d2] offsets=1..13 (n=13) base=(4, 6, 8) kmin=True stepmin=None topvalmin=None => SAT  
[abs13.x5.d2] offsets=1..13 (n=13) base=(5, 7, 9) kmin=True stepmin=None topvalmin=None => SAT  
[abs13.x6.d2] offsets=1..13 (n=13) base=(6, 8, 10) kmin=True stepmin=None topvalmin=None => SAT  
[abs13.x7.d2] offsets=1..13 (n=13) base=(7, 9, 11) kmin=True stepmin=None topvalmin=None => SAT  
[abs13.x8.d2] offsets=1..13 (n=13) base=(8, 10, 12) kmin=True stepmin=None topvalmin=None => SAT  
[abs13.x9.d2] offsets=1..13 (n=13) base=(9, 11, 13) kmin=True stepmin=None topvalmin=None => SAT  
[abs13.x1.d3] offsets=1..13 (n=13) base=(1, 4, 7) kmin=True stepmin=None topvalmin=None => SAT  
[abs13.x2.d3] offsets=1..13 (n=13) base=(2, 5, 8) kmin=True stepmin=None topvalmin=None => SAT  
[abs13.x3.d3] offsets=1..13 (n=13) base=(3, 6, 9) kmin=True stepmin=None topvalmin=None => SAT  
[abs13.x4.d3] offsets=1..13 (n=13) base=(4, 7, 10) kmin=True stepmin=None topvalmin=None => SAT  
[abs13.x5.d3] offsets=1..13 (n=13) base=(5, 8, 11) kmin=True stepmin=None topvalmin=None => SAT  
[abs13.x6.d3] offsets=1..13 (n=13) base=(6, 9, 12) kmin=True stepmin=None topvalmin=None => SAT  
[abs13.x7.d3] offsets=1..13 (n=13) base=(7, 10, 13) kmin=True stepmin=None topvalmin=None => SAT  
[abs13.x1.d4] offsets=1..13 (n=13) base=(1, 5, 9) kmin=True stepmin=None topvalmin=None => SAT  
[abs13.x2.d4] offsets=1..13 (n=13) base=(2, 6, 10) kmin=True stepmin=None topvalmin=None => SAT  
[abs13.x3.d4] offsets=1..13 (n=13) base=(3, 7, 11) kmin=True stepmin=None topvalmin=None => SAT  
[abs13.x4.d4] offsets=1..13 (n=13) base=(4, 8, 12) kmin=True stepmin=None topvalmin=None => SAT  
[abs13.x5.d4] offsets=1..13 (n=13) base=(5, 9, 13) kmin=True stepmin=None topvalmin=None => SAT  
[abs13.x1.d5] offsets=1..13 (n=13) base=(1, 6, 11) kmin=True stepmin=None topvalmin=None => SAT  
[abs13.x2.d5] offsets=1..13 (n=13) base=(2, 7, 12) kmin=True stepmin=None topvalmin=None => SAT  
[abs13.x3.d5] offsets=1..13 (n=13) base=(3, 8, 13) kmin=True stepmin=None topvalmin=None => SAT  
[abs13.x1.d6] offsets=1..13 (n=13) base=(1, 7, 13) kmin=True stepmin=None topvalmin=None => SAT  
absolute W=13: 0 UNSAT
DONE
