
== k=3 all members (sample 20000): 20000 windows factorized ==
 [W1] u = log(maxLPF)/log(sqrt(2n)): mean 0.9320, quantiles 10/50/90/99/100%: [0.824, 0.9672, 0.9951, 0.9995, 1.0]
      P/sqrt(2n): quantiles 50/90/99/100%: [0.7425, 0.9565, 0.9955, 1.0]; frac > 0.5: 0.683, > 0.9: 0.2278
 [W2] slot of max LPF: {1: 6626, 2: 6635, 3: 6739} (uniform would be 6667 each)
 [W4] median lpf by slot: {1: 1997, 2: 1951, 3: 1997}
 [W3] top 10 window shapes (tuple of exponent-multisets per slot):
         140  ((1, 1, 1, 1), (1, 1, 1, 1), (2, 1, 1, 1))
         120  ((2, 1, 1, 1), (1, 1, 1, 1), (1, 1, 1, 1))
         116  ((1, 1, 1, 1), (1, 1, 1, 1, 1), (1, 1, 1))
         106  ((1, 1, 1, 1), (1, 1, 1, 1), (1, 1, 1, 1))
         105  ((1, 1, 1), (1, 1, 1, 1, 1), (1, 1, 1, 1))
          90  ((1, 1, 1, 1), (2, 1, 1, 1), (1, 1, 1, 1))
          89  ((1, 1, 1), (1, 1, 1, 1), (1, 1, 1, 1))
          88  ((1, 1, 1, 1), (1, 1, 1, 1), (1, 1, 1))
          87  ((1, 1, 1), (2, 1, 1, 1, 1), (1, 1, 1, 1))
          85  ((1, 1, 1, 1), (1, 1, 1, 1), (2, 1, 1, 1, 1))
 [W3] specials: {'slot1:2*square': 1, 'slot1:square': 1, 'slot2:square': 2, 'slot3:2*square': 2, 'slot3:square': 3}

== k=4 all members: 13188 windows factorized ==
 [W1] u = log(maxLPF)/log(sqrt(2n)): mean 0.9526, quantiles 10/50/90/99/100%: [0.8737, 0.9762, 0.9965, 0.9997, 1.0]
      P/sqrt(2n): quantiles 50/90/99/100%: [0.8049, 0.9685, 0.9971, 1.0]; frac > 0.5: 0.795, > 0.9: 0.2996
 [W2] slot of max LPF: {1: 3261, 2: 3298, 3: 3256, 4: 3373} (uniform would be 3297 each)
 [W4] median lpf by slot: {1: 2087, 2: 2161, 3: 2113, 4: 2221}
 [W3] top 10 window shapes (tuple of exponent-multisets per slot):
          23  ((1, 1, 1, 1), (1, 1, 1, 1), (2, 1, 1, 1, 1), (1, 1, 1))
          17  ((1, 1, 1), (2, 1, 1, 1, 1), (1, 1, 1, 1), (1, 1, 1, 1))
          16  ((2, 1, 1, 1), (1, 1, 1, 1), (1, 1, 1, 1), (1, 1, 1))
          16  ((1, 1, 1, 1), (1, 1, 1, 1), (3, 1, 1, 1), (1, 1, 1, 1))
          16  ((1, 1, 1, 1, 1), (1, 1, 1), (2, 1, 1, 1, 1), (1, 1, 1))
          15  ((2, 1, 1, 1), (1, 1, 1), (1, 1, 1, 1, 1), (1, 1, 1))
          15  ((1, 1, 1, 1), (1, 1, 1, 1), (2, 1, 1, 1, 1), (1, 1, 1, 1))
          15  ((1, 1, 1, 1), (3, 1, 1, 1), (1, 1, 1, 1), (1, 1, 1, 1, 1))
          15  ((1, 1, 1, 1), (1, 1, 1, 1, 1), (1, 1, 1), (2, 1, 1, 1))
          15  ((1, 1, 1), (1, 1, 1, 1), (1, 1, 1, 1), (2, 1, 1, 1))
 [W3] specials: {'slot3:2*square': 1, 'slot4:2*square': 1}

== k=5 all members: 1012 windows factorized ==
 [W1] u = log(maxLPF)/log(sqrt(2n)): mean 0.9641, quantiles 10/50/90/99/100%: [0.9068, 0.9811, 0.9971, 0.9998, 1.0]
      P/sqrt(2n): quantiles 50/90/99/100%: [0.8403, 0.974, 0.9978, 1.0]; frac > 0.5: 0.872, > 0.9: 0.3389
 [W2] slot of max LPF: {1: 181, 2: 219, 3: 191, 4: 213, 5: 208} (uniform would be 202 each)
 [W4] median lpf by slot: {1: 2113, 2: 2270, 3: 2134, 4: 2417, 5: 2399}
 [W3] top 10 window shapes (tuple of exponent-multisets per slot):
           3  ((1, 1, 1, 1, 1), (1, 1, 1), (3, 2, 1, 1, 1), (1, 1, 1, 1), (1, 1, 1, 1))
           2  ((3, 1, 1, 1), (1, 1, 1, 1), (1, 1, 1), (3, 1, 1, 1, 1), (1, 1, 1))
           2  ((1, 1, 1, 1), (1, 1, 1, 1), (3, 2, 1, 1), (1, 1, 1, 1), (1, 1, 1, 1))
           2  ((2, 1, 1, 1), (1, 1, 1), (2, 1, 1, 1, 1), (1, 1, 1, 1), (1, 1, 1, 1))
           2  ((1, 1, 1), (2, 1, 1, 1, 1), (1, 1, 1), (1, 1, 1, 1, 1), (1, 1, 1, 1))
           2  ((1, 1, 1, 1, 1), (1, 1, 1, 1), (3, 1, 1, 1), (1, 1, 1, 1), (1, 1, 1, 1))
           2  ((3, 1, 1, 1), (2, 1, 1, 1), (1, 1, 1, 1, 1), (1, 1, 1), (2, 1, 1, 1))
           2  ((1, 1, 1), (4, 1, 1, 1), (1, 1, 1, 1, 1), (1, 1, 1, 1, 1), (1, 1, 1, 1))
           2  ((1, 1, 1), (1, 1, 1, 1, 1), (1, 1, 1), (2, 1, 1, 1, 1), (1, 1, 1, 1))
           2  ((3, 1, 1, 1), (1, 1, 1, 1), (1, 1, 1, 1), (1, 1), (2, 1, 1, 1, 1))
 [W3] specials: {}

== k=6 all members: 63 windows factorized ==
 [W1] u = log(maxLPF)/log(sqrt(2n)): mean 0.9739, quantiles 10/50/90/99/100%: [0.9327, 0.9867, 0.9976, 0.9996, 0.9998]
      P/sqrt(2n): quantiles 50/90/99/100%: [0.8813, 0.9784, 0.9968, 0.9979]; frac > 0.5: 0.921, > 0.9: 0.4444
 [W2] slot of max LPF: {1: 12, 2: 8, 3: 10, 4: 10, 5: 11, 6: 12} (uniform would be 10 each)
 [W4] median lpf by slot: {1: 2609, 2: 2467, 3: 2161, 4: 2459, 5: 2287, 6: 2333}
 [W3] top 10 window shapes (tuple of exponent-multisets per slot):
           1  ((2, 1, 1, 1), (1, 1, 1, 1), (1, 1, 1, 1), (1, 1), (3, 1, 1, 1, 1), (1, 1, 1))
           1  ((1, 1, 1, 1), (1, 1, 1, 1), (3, 2, 1, 1), (1, 1, 1, 1), (1, 1, 1, 1), (1, 1, 1, 1))
           1  ((4, 1, 1), (1, 1, 1, 1, 1), (1, 1, 1, 1), (2, 1, 1, 1, 1), (1, 1, 1), (1, 1, 1))
           1  ((1, 1), (2, 2, 1, 1, 1), (1, 1, 1), (2, 1, 1, 1, 1), (2, 1, 1, 1), (3, 1, 1, 1))
           1  ((3, 1, 1, 1), (1, 1, 1), (2, 1, 1, 1, 1), (1, 1), (1, 1, 1, 1, 1), (1, 1, 1, 1, 1, 1))
           1  ((2, 1, 1, 1), (2, 1, 1), (4, 1, 1), (1, 1, 1), (1, 1, 1, 1), (2, 1, 1))
           1  ((1, 1, 1, 1, 1), (1, 1, 1), (2, 1, 1, 1, 1), (1, 1, 1), (1, 1, 1, 1, 1), (1, 1, 1, 1))
           1  ((5, 1, 1, 1), (2, 1, 1, 1, 1), (2, 1, 1, 1), (2, 1, 1), (2, 1, 1), (1, 1))
           1  ((1, 1, 1, 1), (2, 1, 1), (2, 1, 1, 1, 1), (1, 1, 1), (1, 1, 1, 1, 1, 1), (1, 1))
           1  ((2, 1, 1), (1, 1, 1), (1, 1, 1, 1, 1), (1, 1, 1), (4, 1, 1), (2, 1, 1, 1))
 [W3] specials: {}

== k=2 members (sample 20000): 20000 windows factorized ==
 [W1] u = log(maxLPF)/log(sqrt(2n)): mean 0.8936, quantiles 10/50/90/99/100%: [0.7405, 0.9262, 0.9924, 0.9993, 1.0]
      P/sqrt(2n): quantiles 50/90/99/100%: [0.5131, 0.9337, 0.9936, 1.0]; frac > 0.5: 0.521, > 0.9: 0.1532
 [W2] slot of max LPF: {1: 9973, 2: 10027} (uniform would be 10000 each)
 [W4] median lpf by slot: {1: 1801, 2: 1873}
 [W3] top 10 window shapes (tuple of exponent-multisets per slot):
         743  ((1, 1, 1, 1), (1, 1, 1, 1))
         516  ((1, 1, 1, 1), (1, 1, 1, 1, 1))
         482  ((1, 1, 1, 1, 1), (1, 1, 1, 1))
         478  ((1, 1, 1, 1), (2, 1, 1, 1))
         474  ((2, 1, 1, 1), (1, 1, 1, 1))
         402  ((1, 1, 1, 1, 1), (1, 1, 1))
         381  ((2, 1, 1, 1, 1), (1, 1, 1, 1))
         366  ((1, 1, 1), (1, 1, 1, 1))
         357  ((1, 1, 1, 1), (2, 1, 1, 1, 1))
         348  ((1, 1, 1), (1, 1, 1, 1, 1))
 [W3] specials: {'slot2:square': 3}
