
== k=2: members in [9999987,99999871]: 1238208; control 1238208; survivors in [9999987,14999987): 468639 ==
  p  E s_p(n+k) mem     ctrl     surv  E D_p mem     ctrl     surv  P(D_p=0) mem  P(D<0) surv
  2          13.201   13.332   12.349      8.927    9.331    8.086        0.0079       0.0162
  3          16.697   16.787   15.596     11.934   12.286   10.560        0.0262       0.0302
  5          22.480   22.720   19.494     17.050   17.625   12.906        0.0296       0.0304
  7          27.502   27.774   25.085     21.372   22.169   17.991        0.0389       0.0236
 11          37.140   37.464   36.025     29.728   30.860   33.970        0.0496       0.0047
 13          41.417   41.886   37.296     35.031   36.398   29.664        0.0500       0.0190
 [M2] pooled digit histograms of n+k (ratio member/control):
   p=3: member [0.3391, 0.3397, 0.3212] vs control [0.3361, 0.3404, 0.3235]  ratio [1.009, 0.998, 0.993]
   p=5: member [0.2201, 0.233, 0.1821, 0.1829, 0.1818] vs control [0.2152, 0.2296, 0.1864, 0.1845, 0.1843]  ratio [1.023, 1.015, 0.977, 0.991, 0.986]
   p=7: member [0.1672, 0.1778, 0.1517, 0.1251, 0.1249, 0.1261, 0.1273] vs control [0.161, 0.1741, 0.1548, 0.1287, 0.1266, 0.1272, 0.1275]  ratio [1.038, 1.021, 0.98, 0.971, 0.986, 0.991, 0.998]
 [M3] last two base-p digits of n+k, member enrichment ratio:
   p=2 (d1,d0) ratios: [(0, 0, 1.147), (0, 1, 1.161), (1, 0, 0.844), (1, 1, 0.847)]
   p=3 (d1,d0) ratios: [(0, 0, 1.315), (0, 1, 1.382), (0, 2, 0.774), (1, 0, 0.987), (1, 1, 1.002), (1, 2, 0.771), (2, 0, 0.998), (2, 1, 1.003), (2, 2, 0.768)]
   p=5 (d1,d0) ratios: [(0, 0, 1.648), (0, 1, 1.645), (0, 2, 0.809), (0, 3, 0.811), (0, 4, 0.814), (1, 0, 1.17), (1, 1, 1.176), (1, 2, 0.822), (1, 3, 0.816), (1, 4, 0.82), (2, 0, 1.172), (2, 1, 1.18), (2, 2, 0.821), (2, 3, 0.82), (2, 4, 0.814), (3, 0, 1.182), (3, 1, 1.192), (3, 2, 0.825), (3, 3, 0.812), (3, 4, 0.815), (4, 0, 1.195), (4, 1, 1.18), (4, 2, 0.813), (4, 3, 0.824), (4, 4, 0.817)]

== k=3: members in [9999987,99999870]: 128073; control 128073; survivors in [9999987,14999987): 136132 ==
  p  E s_p(n+k) mem     ctrl     surv  E D_p mem     ctrl     surv  P(D_p=0) mem  P(D<0) surv
  2          13.236   13.330   12.278      6.931    7.332    5.891        0.0212       0.0455
  3          16.858   16.808   15.650     10.355   10.317    8.752        0.0386       0.0464
  5          22.622   22.724   19.459     15.185   15.637   10.690        0.0527       0.0669
  7          27.525   27.740   25.019     19.501   20.144   15.948        0.0510       0.0341
 11          37.094   37.472   35.857     27.558   28.850   31.631        0.0657       0.0067
 13          41.232   41.848   37.077     32.587   34.323   27.165        0.0652       0.0280
 [M2] pooled digit histograms of n+k (ratio member/control):
   p=3: member [0.3364, 0.3356, 0.328] vs control [0.3356, 0.3401, 0.3243]  ratio [1.002, 0.987, 1.012]
   p=5: member [0.2157, 0.2312, 0.1874, 0.1835, 0.1822] vs control [0.2153, 0.2292, 0.1862, 0.185, 0.1843]  ratio [1.002, 1.009, 1.007, 0.991, 0.989]
   p=7: member [0.1652, 0.1761, 0.1582, 0.123, 0.1244, 0.1255, 0.1277] vs control [0.1613, 0.1747, 0.1549, 0.1284, 0.1266, 0.127, 0.1271]  ratio [1.024, 1.008, 1.022, 0.957, 0.982, 0.988, 1.005]
 [M3] last two base-p digits of n+k, member enrichment ratio:
   p=2 (d1,d0) ratios: [(0, 0, 1.128), (0, 1, 0.99), (1, 0, 1.152), (1, 1, 0.731)]
   p=3 (d1,d0) ratios: [(0, 0, 1.211), (0, 1, 1.215), (0, 2, 1.257), (1, 0, 0.885), (1, 1, 0.886), (1, 2, 0.913), (2, 0, 0.875), (2, 1, 0.874), (2, 2, 0.892)]
   p=5 (d1,d0) ratios: [(0, 0, 1.319), (0, 1, 1.515), (0, 2, 1.555), (0, 3, 0.758), (0, 4, 0.778), (1, 0, 1.059), (1, 1, 1.089), (1, 2, 1.083), (1, 3, 0.747), (1, 4, 0.777), (2, 0, 1.014), (2, 1, 1.105), (2, 2, 1.089), (2, 3, 0.749), (2, 4, 0.767), (3, 0, 1.039), (3, 1, 1.138), (3, 2, 1.128), (3, 3, 0.741), (3, 4, 0.739), (4, 0, 1.079), (4, 1, 1.106), (4, 2, 1.137), (4, 3, 0.768), (4, 4, 0.725)]
