
== k=2: 1364676 members up to 99999871 ==
 [y^2] expected hits/c ~ 136.5; enriched c values:
    n = y^2-(5): 279 hits (exp 136.5), first: [1220, 3476, 8644, 28895, 61004, 120404, 149764, 192716, 195359, 356404, 362399, 364811]
    n = y^2-(6): 310 hits (exp 136.5), first: [3475, 47518, 61003, 75619, 82363, 126730, 153658, 184035, 235219, 284083, 314715, 458323]
    n = y^2-(10): 307 hits (exp 136.5), first: [9015, 10394, 21894, 39194, 48390, 51974, 59039, 69686, 71814, 129590, 162399, 164826]
    n = y^2-(11): 332 hits (exp 136.5), first: [3353, 10190, 11438, 18485, 61493, 89390, 152089, 173045, 189214, 209753, 249989, 266245]
    n = y^2-(17): 353 hits (exp 136.5), first: [208, 9392, 12527, 14383, 21008, 30259, 47944, 50608, 68627, 72883, 107567, 140608]
    n = y^2-(18): 341 hits (exp 136.5), first: [16111, 34578, 67063, 76711, 83503, 96082, 106911, 114903, 185743, 246991, 295918, 334066]
    n = y^2-(26): 369 hits (exp 136.5), first: [458, 8623, 10583, 18743, 25895, 39974, 43238, 43655, 75599, 91178, 102374, 153638]
    n = y^2-(27): 348 hits (exp 136.5), first: [10789, 40374, 72334, 76702, 93609, 96073, 185734, 188329, 196222, 218062, 292654, 391849]
 [2y^2] expected hits/c ~ 96.5; enriched c values:
    n = 2y^2-(9): 230 hits (exp 96.5), first: [3353, 71433, 84041, 100343, 253463, 275273, 344441, 364649, 366359, 385433, 451241, 453143]
    n = 2y^2-(10): 204 hits (exp 96.5), first: [6488, 142568, 177598, 344440, 430582, 472382, 474328, 574582, 609398, 629432, 684440, 868552]
    n = 2y^2-(19): 265 hits (exp 96.5), first: [93293, 116143, 123983, 174031, 189709, 349429, 388943, 451231, 456949, 574573, 611599, 751519]
    n = 2y^2-(20): 229 hits (exp 96.5), first: [10348, 33262, 55758, 89868, 116142, 146862, 184812, 224430, 235278, 257742, 346092, 388942]
 [3y^2] expected hits/c ~ 78.8; enriched c values:
    n = 3y^2-(4): 183 hits (exp 78.8), first: [13064, 43919, 60488, 142568, 171359, 212264, 247103, 373823, 575528, 586088, 708584, 836348]
    n = 3y^2-(5): 182 hits (exp 78.8), first: [12283, 13063, 91870, 212263, 230182, 324718, 326695, 369598, 470443, 489643, 830023, 1023163]
    n = 3y^2-(13): 201 hits (exp 78.8), first: [46862, 79694, 682574, 688310, 699854, 910790, 920735, 924062, 950894, 1079987, 1186910, 1415894]
    n = 3y^2-(14): 211 hits (exp 78.8), first: [4093, 5794, 30589, 77749, 119986, 154573, 241954, 342718, 412909, 449293, 463333, 492061]
    n = 3y^2-(28): 219 hits (exp 78.8), first: [74864, 93959, 100439, 190484, 231824, 268175, 408455, 621047, 685424, 798740, 871535, 924047]
    n = 3y^2-(29): 211 hits (exp 78.8), first: [3439, 47599, 55459, 80659, 150499, 233494, 250534, 268174, 338659, 412894, 417358, 494479]
 [y^3] expected hits/c ~ 6.33; enriched:
    none enriched
 [y^4] expected hits/c ~ 1.36; enriched:
    n = y^4-(3): 5 hits, first: [4093, 4477453, 6765198, 35153038, 54700813]
    n = y^4-(17): 7 hits, first: [50608, 1679599, 4100608, 4879664, 9150608, 11316479, 12959983]
    n = y^4-(18): 8 hits, first: [83503, 707263, 6249982, 6765183, 10555983, 13845823, 20151103, 38950063]
    n = y^4-(27): 5 hits, first: [456949, 4100598, 6765174, 17850598, 22667094]
 [n+k square]: 120 hits (exp 136.5); first 15: [407042, 608398, 876094, 1413719, 1416098, 1537598, 2499559, 2989439, 3218434, 3286967, 3312398, 3337927, 3496898, 3904574, 4008002]
 [n+k = 2y^2]: 22 hits (exp 96.5); first 15: [1137030, 1341520, 2996350, 8120448, 10396798, 11007430, 16901296, 18036016, 22418206, 23392798, 23557246, 26703430, 29261248, 35028448, 38702400]

== k=3: 139975 members up to 99999870 ==
 [y^2] expected hits/c ~ 14.0; enriched c values:
    n = y^2-(12): 28 hits (exp 14.0), first: [480237, 605272, 1868677, 3470757, 4198389, 5433549, 6175213, 6360472, 11730613, 14333784, 16999117, 19404013]
    n = y^2-(19): 33 hits (exp 14.0), first: [246990, 2550390, 3448430, 3564525, 5267006, 5442870, 9174822, 9199070, 10640625, 12439710, 14516081, 16378190]
    n = y^2-(26): 45 hits (exp 14.0), first: [18743, 102374, 385615, 620918, 1982438, 2666663, 3356198, 3724874, 5308390, 5861215, 6517783, 9566623]
    n = y^2-(27): 35 hits (exp 14.0), first: [292654, 527049, 589797, 868597, 1317877, 2572789, 3724873, 5116617, 5987782, 6081129, 7800822, 12348169]
    n = y^2-(28): 39 hits (exp 14.0), first: [767348, 826253, 1562472, 2166756, 2601741, 3189768, 3671028, 3724872, 4036053, 6765173, 7241453, 7800821]
 [2y^2] expected hits/c ~ 9.9; enriched c values:
    n = 2y^2-(9): 25 hits (exp 9.9), first: [100343, 2450889, 4038473, 6727103, 9048249, 11606553, 13343769, 16176663, 21859263, 22579191, 24458009, 25618473]
    n = 2y^2-(19): 24 hits (exp 9.9), first: [93293, 977183, 3998773, 5385743, 8602933, 13281839, 13499189, 16843189, 19418893, 20814133, 27128959, 30717103]
    n = 2y^2-(20): 26 hits (exp 9.9), first: [116142, 388942, 451230, 574572, 2617452, 3693742, 6090030, 7511668, 7644030, 7944078, 16302030, 19418892]
    n = 2y^2-(21): 23 hits (exp 9.9), first: [1458611, 3892029, 6090029, 15938637, 16508237, 16936179, 17357811, 22848779, 34444979, 36636779, 38808029, 41332211]
 [3y^2] expected hits/c ~ 8.1; enriched c values:
    n = 3y^2-(6): 19 hits (exp 8.1), first: [326694, 2229126, 5148294, 10223142, 10659669, 14865222, 30318117, 31395669, 43548294, 50750301, 55289541, 61589877]
    n = 3y^2-(14): 19 hits (exp 8.1), first: [1415893, 4029829, 4385029, 10898494, 18362014, 19400533, 22358686, 30470893, 31124509, 39226354, 39639661, 65314654]
    n = 3y^2-(15): 19 hits (exp 8.1), first: [2577972, 4479837, 5713185, 6015153, 6100413, 6940308, 7263393, 7338273, 11630868, 13610685, 16244772, 20420628]
    n = 3y^2-(28): 20 hits (exp 8.1), first: [1432415, 5132564, 10457039, 11571860, 14612519, 21194864, 22358672, 29428244, 30337172, 37531079, 43024079, 47545055]
    n = 3y^2-(29): 18 hits (exp 8.1), first: [268174, 871534, 8009839, 9409294, 10035694, 11689999, 13217374, 13585123, 13854574, 32098294, 47592838, 51195454]
 [y^3] expected hits/c ~ 0.65; enriched:
    n = y^3-(-29): 2 hits, first: [216029, 287525]
    n = y^3-(-28): 2 hits, first: [216028, 287524]
    n = y^3-(-24): 2 hits, first: [110616, 970323]
    n = y^3-(0): 2 hits, first: [110592, 3048625]
    n = y^3-(28): 2 hits, first: [148849, 2685591]
 [y^4] expected hits/c ~ 0.14; enriched:
    n = y^4-(-11): 2 hits, first: [1336347, 84934667]
 [n+k square]: 6 hits (exp 14.0); first 15: [407041, 12222013, 15681597, 57244353, 79156606, 87965638]
 [n+k = 2y^2]: 8 hits (exp 9.9); first 15: [8120447, 11007429, 18036015, 23557245, 40896965, 90639645, 95275205, 96744047]

== k=4: 13188 members up to 99999869 ==
 [y^2] expected hits/c ~ 1.3; enriched c values:
    n = y^2-(-22): 7 hits (exp 1.3), first: [3598631, 10896623, 37552406, 39753047, 47073343, 55591958, 60621818]
    n = y^2-(28): 5 hits (exp 1.3), first: [3724872, 7800821, 12723461, 68773821, 74494133]
 [2y^2] expected hits/c ~ 0.9; enriched c values:
    none enriched
 [3y^2] expected hits/c ~ 0.8; enriched c values:
    none enriched
 [y^3] expected hits/c ~ 0.06; enriched:
    none enriched
 [y^4] expected hits/c ~ 0.01; enriched:
    none enriched
 [n+k square]: 0 hits (exp 1.3); first 15: []
 [n+k = 2y^2]: 1 hits (exp 0.9); first 15: [8120446]

== k=5: 1012 members up to 99920135 ==
 [y^2] expected hits/c ~ 0.1; enriched c values:
    none enriched
 [2y^2] expected hits/c ~ 0.1; enriched c values:
    none enriched
 [3y^2] expected hits/c ~ 0.1; enriched c values:
    none enriched
 [y^3] expected hits/c ~ 0.00; enriched:
    none enriched
 [y^4] expected hits/c ~ 0.00; enriched:
    none enriched
 [n+k square]: 0 hits (exp 0.1); first 15: []
 [n+k = 2y^2]: 0 hits (exp 0.1); first 15: []

== k=6: 63 members up to 98426731 ==
 [y^2] expected hits/c ~ 0.0; enriched c values:
    none enriched
 [2y^2] expected hits/c ~ 0.0; enriched c values:
    none enriched
 [3y^2] expected hits/c ~ 0.0; enriched c values:
    none enriched
 [y^3] expected hits/c ~ 0.00; enriched:
    none enriched
 [y^4] expected hits/c ~ 0.00; enriched:
    none enriched
 [n+k square]: 0 hits (exp 0.0); first 15: []
 [n+k = 2y^2]: 0 hits (exp 0.0); first 15: []
