--- V5=30: 13 candidate V6
    UNSAT [1, 2, 4, 10, 30, 88] (1s)
    UNSAT [1, 2, 4, 10, 30, 89] (1s)
    UNSAT [1, 2, 4, 10, 30, 90] (0s)
    UNSAT [1, 2, 4, 10, 30, 93] (0s)
    UNSAT [1, 2, 4, 10, 30, 98] (1s)
    UNSAT [1, 2, 4, 10, 30, 105] (1s)
    UNSAT [1, 2, 4, 10, 30, 120] (1s)
    UNSAT [1, 2, 4, 10, 30, 135] (1s)
    UNSAT [1, 2, 4, 10, 30, 150] (3s)
    UNSAT [1, 2, 4, 10, 30, 159] (3s)
    UNSAT [1, 2, 4, 10, 30, 174] (5s)
    UNSAT [1, 2, 4, 10, 30, 180] (5s)
    UNSAT [1, 2, 4, 10, 30, 210] (55s)
--- V5=35: 13 candidate V6
    UNSAT [1, 2, 4, 10, 35, 103] (1s)
    UNSAT [1, 2, 4, 10, 35, 104] (1s)
    UNSAT [1, 2, 4, 10, 35, 105] (1s)
    UNSAT [1, 2, 4, 10, 35, 108] (1s)
    UNSAT [1, 2, 4, 10, 35, 113] (1s)
    UNSAT [1, 2, 4, 10, 35, 122] (1s)
    UNSAT [1, 2, 4, 10, 35, 140] (2s)
    UNSAT [1, 2, 4, 10, 35, 157] (3s)
    UNSAT [1, 2, 4, 10, 35, 175] (4s)
    UNSAT [1, 2, 4, 10, 35, 185] (5s)
    UNSAT [1, 2, 4, 10, 35, 203] (6s)
    UNSAT [1, 2, 4, 10, 35, 210] (8s)
    UNSAT [1, 2, 4, 10, 35, 245] (15s)
--- V5=40: 13 candidate V6
    UNSAT [1, 2, 4, 10, 40, 118] (2s)
    UNSAT [1, 2, 4, 10, 40, 119] (1s)
    UNSAT [1, 2, 4, 10, 40, 120] (1s)
    UNSAT [1, 2, 4, 10, 40, 123] (1s)
    UNSAT [1, 2, 4, 10, 40, 128] (1s)
    UNSAT [1, 2, 4, 10, 40, 140] (1s)
    UNSAT [1, 2, 4, 10, 40, 160] (2s)
    UNSAT [1, 2, 4, 10, 40, 180] (5s)
    UNSAT [1, 2, 4, 10, 40, 200] (8s)
    UNSAT [1, 2, 4, 10, 40, 212] (12s)
    TIME_CAP [1, 2, 4, 10, 40, 232] (1241s)
