  SAT       [1, 3, 4] (1s)
  SAT       [1, 3, 4, 10] (0s)
  SAT       [1, 3, 4, 10, 28] (0s)
*** DEPTH-5 FEASIBLE (exception branch): [1, 3, 4, 10, 28]
  SAT       [1, 3, 4, 10, 29] (0s)
*** DEPTH-5 FEASIBLE (exception branch): [1, 3, 4, 10, 29]
  SAT       [1, 3, 4, 10, 30] (0s)
*** DEPTH-5 FEASIBLE (exception branch): [1, 3, 4, 10, 30]
  SAT       [1, 3, 4, 10, 31] (0s)
*** DEPTH-5 FEASIBLE (exception branch): [1, 3, 4, 10, 31]
  SAT       [1, 3, 4, 10, 32] (0s)
*** DEPTH-5 FEASIBLE (exception branch): [1, 3, 4, 10, 32]
  SAT       [1, 3, 4, 10, 33] (0s)
*** DEPTH-5 FEASIBLE (exception branch): [1, 3, 4, 10, 33]
  SAT       [1, 3, 4, 10, 34] (0s)
*** DEPTH-5 FEASIBLE (exception branch): [1, 3, 4, 10, 34]
  SAT       [1, 3, 4, 10, 35] (0s)
*** DEPTH-5 FEASIBLE (exception branch): [1, 3, 4, 10, 35]
  SAT       [1, 3, 4, 10, 36] (0s)
*** DEPTH-5 FEASIBLE (exception branch): [1, 3, 4, 10, 36]
  SAT       [1, 3, 4, 10, 37] (0s)
*** DEPTH-5 FEASIBLE (exception branch): [1, 3, 4, 10, 37]
  SAT       [1, 3, 4, 10, 38] (0s)
*** DEPTH-5 FEASIBLE (exception branch): [1, 3, 4, 10, 38]
  SAT       [1, 3, 4, 10, 39] (0s)
*** DEPTH-5 FEASIBLE (exception branch): [1, 3, 4, 10, 39]
  SAT       [1, 3, 4, 10, 40] (0s)
*** DEPTH-5 FEASIBLE (exception branch): [1, 3, 4, 10, 40]
  SAT       [1, 3, 4, 10, 41] (0s)
*** DEPTH-5 FEASIBLE (exception branch): [1, 3, 4, 10, 41]
  SAT       [1, 3, 4, 10, 42] (0s)
*** DEPTH-5 FEASIBLE (exception branch): [1, 3, 4, 10, 42]
  SAT       [1, 3, 4, 10, 43] (0s)
*** DEPTH-5 FEASIBLE (exception branch): [1, 3, 4, 10, 43]
  SAT       [1, 3, 4, 10, 44] (0s)
*** DEPTH-5 FEASIBLE (exception branch): [1, 3, 4, 10, 44]
  SAT       [1, 3, 4, 10, 45] (0s)
*** DEPTH-5 FEASIBLE (exception branch): [1, 3, 4, 10, 45]
  SAT       [1, 3, 4, 10, 46] (0s)
*** DEPTH-5 FEASIBLE (exception branch): [1, 3, 4, 10, 46]
  SAT       [1, 3, 4, 10, 47] (0s)
*** DEPTH-5 FEASIBLE (exception branch): [1, 3, 4, 10, 47]
  SAT       [1, 3, 4, 10, 48] (0s)
*** DEPTH-5 FEASIBLE (exception branch): [1, 3, 4, 10, 48]
  SAT       [1, 3, 4, 10, 49] (0s)
*** DEPTH-5 FEASIBLE (exception branch): [1, 3, 4, 10, 49]
  SAT       [1, 3, 4, 10, 50] (0s)
*** DEPTH-5 FEASIBLE (exception branch): [1, 3, 4, 10, 50]
  SAT       [1, 3, 4, 10, 51] (0s)
*** DEPTH-5 FEASIBLE (exception branch): [1, 3, 4, 10, 51]
  SAT       [1, 3, 4, 10, 52] (0s)
*** DEPTH-5 FEASIBLE (exception branch): [1, 3, 4, 10, 52]
  SAT       [1, 3, 4, 10, 53] (0s)
*** DEPTH-5 FEASIBLE (exception branch): [1, 3, 4, 10, 53]
  SAT       [1, 3, 4, 10, 54] (0s)
*** DEPTH-5 FEASIBLE (exception branch): [1, 3, 4, 10, 54]
  SAT       [1, 3, 4, 10, 55] (0s)
*** DEPTH-5 FEASIBLE (exception branch): [1, 3, 4, 10, 55]
  SAT       [1, 3, 4, 10, 56] (0s)
*** DEPTH-5 FEASIBLE (exception branch): [1, 3, 4, 10, 56]
  SAT       [1, 3, 4, 10, 57] (0s)
*** DEPTH-5 FEASIBLE (exception branch): [1, 3, 4, 10, 57]
  SAT       [1, 3, 4, 10, 58] (0s)
*** DEPTH-5 FEASIBLE (exception branch): [1, 3, 4, 10, 58]
  SAT       [1, 3, 4, 10, 59] (0s)
*** DEPTH-5 FEASIBLE (exception branch): [1, 3, 4, 10, 59]
  SAT       [1, 3, 4, 10, 60] (0s)
*** DEPTH-5 FEASIBLE (exception branch): [1, 3, 4, 10, 60]
  SAT       [1, 3, 4, 10, 61] (0s)
*** DEPTH-5 FEASIBLE (exception branch): [1, 3, 4, 10, 61]
  SAT       [1, 3, 4, 10, 62] (1s)
*** DEPTH-5 FEASIBLE (exception branch): [1, 3, 4, 10, 62]
  SAT       [1, 3, 4, 10, 63] (0s)
*** DEPTH-5 FEASIBLE (exception branch): [1, 3, 4, 10, 63]
  SAT       [1, 3, 4, 10, 64] (1s)
*** DEPTH-5 FEASIBLE (exception branch): [1, 3, 4, 10, 64]
  SAT       [1, 3, 4, 10, 65] (1s)
*** DEPTH-5 FEASIBLE (exception branch): [1, 3, 4, 10, 65]
  SAT       [1, 3, 4, 10, 66] (0s)
*** DEPTH-5 FEASIBLE (exception branch): [1, 3, 4, 10, 66]
  SAT       [1, 3, 4, 10, 67] (1s)
*** DEPTH-5 FEASIBLE (exception branch): [1, 3, 4, 10, 67]
  SAT       [1, 3, 4, 10, 68] (1s)
*** DEPTH-5 FEASIBLE (exception branch): [1, 3, 4, 10, 68]
  SAT       [1, 3, 4, 10, 69] (1s)
*** DEPTH-5 FEASIBLE (exception branch): [1, 3, 4, 10, 69]
  SAT       [1, 3, 4, 10, 70] (1s)
*** DEPTH-5 FEASIBLE (exception branch): [1, 3, 4, 10, 70]
  SAT       [1, 3, 4, 10, 71] (1s)
*** DEPTH-5 FEASIBLE (exception branch): [1, 3, 4, 10, 71]
  SAT       [1, 3, 4, 10, 72] (2s)
*** DEPTH-5 FEASIBLE (exception branch): [1, 3, 4, 10, 72]
  SAT       [1, 3, 4, 10, 73] (1s)
*** DEPTH-5 FEASIBLE (exception branch): [1, 3, 4, 10, 73]
  SAT       [1, 3, 4, 10, 74] (1s)
*** DEPTH-5 FEASIBLE (exception branch): [1, 3, 4, 10, 74]
  SAT       [1, 3, 4, 10, 75] (1s)
*** DEPTH-5 FEASIBLE (exception branch): [1, 3, 4, 10, 75]
  SAT       [1, 3, 4, 10, 76] (1s)
*** DEPTH-5 FEASIBLE (exception branch): [1, 3, 4, 10, 76]
  SAT       [1, 3, 4, 10, 77] (2s)
*** DEPTH-5 FEASIBLE (exception branch): [1, 3, 4, 10, 77]
  SAT       [1, 3, 4, 10, 78] (5s)
*** DEPTH-5 FEASIBLE (exception branch): [1, 3, 4, 10, 78]
  SAT       [1, 3, 4, 10, 79] (4s)
*** DEPTH-5 FEASIBLE (exception branch): [1, 3, 4, 10, 79]
  SAT       [1, 3, 4, 10, 80] (2s)
*** DEPTH-5 FEASIBLE (exception branch): [1, 3, 4, 10, 80]
  SAT       [1, 3, 4, 10, 81] (3s)
*** DEPTH-5 FEASIBLE (exception branch): [1, 3, 4, 10, 81]
  SAT       [1, 3, 4, 10, 82] (5s)
*** DEPTH-5 FEASIBLE (exception branch): [1, 3, 4, 10, 82]
  SAT       [1, 3, 4, 10, 83] (3s)
*** DEPTH-5 FEASIBLE (exception branch): [1, 3, 4, 10, 83]
  SAT       [1, 3, 4, 10, 84] (6s)
*** DEPTH-5 FEASIBLE (exception branch): [1, 3, 4, 10, 84]
  SAT       [1, 3, 4, 10, 85] (10s)
*** DEPTH-5 FEASIBLE (exception branch): [1, 3, 4, 10, 85]
  SAT       [1, 3, 4, 10, 86] (5s)
*** DEPTH-5 FEASIBLE (exception branch): [1, 3, 4, 10, 86]
  SAT       [1, 3, 4, 10, 87] (6s)
*** DEPTH-5 FEASIBLE (exception branch): [1, 3, 4, 10, 87]
  SAT       [1, 3, 4, 10, 88] (11s)
*** DEPTH-5 FEASIBLE (exception branch): [1, 3, 4, 10, 88]
  SAT       [1, 3, 4, 10, 89] (28s)
*** DEPTH-5 FEASIBLE (exception branch): [1, 3, 4, 10, 89]
  SAT       [1, 3, 4, 10, 90] (19s)
*** DEPTH-5 FEASIBLE (exception branch): [1, 3, 4, 10, 90]
  SAT       [1, 3, 4, 10, 91] (26s)
*** DEPTH-5 FEASIBLE (exception branch): [1, 3, 4, 10, 91]
  SAT       [1, 3, 4, 10, 92] (25s)
*** DEPTH-5 FEASIBLE (exception branch): [1, 3, 4, 10, 92]
  SAT       [1, 3, 4, 10, 93] (11s)
*** DEPTH-5 FEASIBLE (exception branch): [1, 3, 4, 10, 93]
  SAT       [1, 3, 4, 10, 94] (30s)
*** DEPTH-5 FEASIBLE (exception branch): [1, 3, 4, 10, 94]
  SAT       [1, 3, 4, 10, 95] (15s)
*** DEPTH-5 FEASIBLE (exception branch): [1, 3, 4, 10, 95]
  SAT       [1, 3, 4, 10, 96] (63s)
*** DEPTH-5 FEASIBLE (exception branch): [1, 3, 4, 10, 96]
  SAT       [1, 3, 4, 10, 97] (48s)
*** DEPTH-5 FEASIBLE (exception branch): [1, 3, 4, 10, 97]
