# exhaustive 5-cut search, max cut <= 200
*** DEPTH-5 FEASIBLE: [1, 2, 4, 10, 28]
*** DEPTH-5 FEASIBLE: [1, 2, 4, 10, 29]
*** DEPTH-5 FEASIBLE: [1, 2, 4, 10, 30]
*** DEPTH-5 FEASIBLE: [1, 2, 4, 10, 31]
*** DEPTH-5 FEASIBLE: [1, 2, 4, 10, 32]
*** DEPTH-5 FEASIBLE: [1, 2, 4, 10, 33]
*** DEPTH-5 FEASIBLE: [1, 2, 4, 10, 34]
*** DEPTH-5 FEASIBLE: [1, 2, 4, 10, 35]
*** DEPTH-5 FEASIBLE: [1, 2, 4, 10, 36]
*** DEPTH-5 FEASIBLE: [1, 2, 4, 10, 37]
*** DEPTH-5 FEASIBLE: [1, 2, 4, 10, 38]
*** DEPTH-5 FEASIBLE: [1, 2, 4, 10, 39]
*** DEPTH-5 FEASIBLE: [1, 2, 4, 10, 40]
*** DEPTH-5 FEASIBLE: [1, 2, 4, 10, 41]
*** DEPTH-5 FEASIBLE: [1, 2, 4, 10, 42]
*** DEPTH-5 FEASIBLE: [1, 2, 4, 10, 43]
*** DEPTH-5 FEASIBLE: [1, 2, 4, 10, 44]
*** DEPTH-5 FEASIBLE: [1, 2, 4, 10, 45]
*** DEPTH-5 FEASIBLE: [1, 2, 4, 10, 46]
*** DEPTH-5 FEASIBLE: [1, 2, 4, 10, 47]
*** DEPTH-5 FEASIBLE: [1, 2, 4, 10, 48]
*** DEPTH-5 FEASIBLE: [1, 2, 4, 10, 49]
*** DEPTH-5 FEASIBLE: [1, 2, 4, 10, 50]
*** DEPTH-5 FEASIBLE: [1, 2, 4, 10, 51]
*** DEPTH-5 FEASIBLE: [1, 2, 4, 10, 52]
*** DEPTH-5 FEASIBLE: [1, 2, 4, 10, 53]
*** DEPTH-5 FEASIBLE: [1, 2, 4, 10, 54]
*** DEPTH-5 FEASIBLE: [1, 2, 4, 10, 55]
*** DEPTH-5 FEASIBLE: [1, 2, 4, 10, 56]
*** DEPTH-5 FEASIBLE: [1, 2, 4, 10, 57]
*** DEPTH-5 FEASIBLE: [1, 2, 4, 10, 58]
*** DEPTH-5 FEASIBLE: [1, 2, 4, 10, 59]
*** DEPTH-5 FEASIBLE: [1, 2, 4, 10, 60]
*** DEPTH-5 FEASIBLE: [1, 2, 4, 10, 61]
*** DEPTH-5 FEASIBLE: [1, 2, 4, 10, 62]
*** DEPTH-5 FEASIBLE: [1, 2, 4, 10, 63]
*** DEPTH-5 FEASIBLE: [1, 2, 4, 10, 64]
*** DEPTH-5 FEASIBLE: [1, 2, 4, 10, 65]
*** DEPTH-5 FEASIBLE: [1, 2, 4, 10, 66]
*** DEPTH-5 FEASIBLE: [1, 2, 4, 10, 67]
*** DEPTH-5 FEASIBLE: [1, 2, 4, 10, 68]
*** DEPTH-5 FEASIBLE: [1, 2, 4, 10, 69]
*** DEPTH-5 FEASIBLE: [1, 2, 4, 10, 70]
*** DEPTH-5 FEASIBLE: [1, 2, 4, 10, 71]
*** DEPTH-5 FEASIBLE: [1, 2, 4, 10, 72]
*** DEPTH-5 FEASIBLE: [1, 2, 4, 10, 73]
*** DEPTH-5 FEASIBLE: [1, 2, 4, 10, 74]
*** DEPTH-5 FEASIBLE: [1, 2, 4, 10, 75]
*** DEPTH-5 FEASIBLE: [1, 2, 4, 10, 76]
*** DEPTH-5 FEASIBLE: [1, 2, 4, 10, 77]
*** DEPTH-5 FEASIBLE: [1, 2, 4, 10, 78]
*** DEPTH-5 FEASIBLE: [1, 2, 4, 10, 79]
*** DEPTH-5 FEASIBLE: [1, 2, 4, 10, 80]
*** DEPTH-5 FEASIBLE: [1, 2, 4, 10, 81]
*** DEPTH-5 FEASIBLE: [1, 2, 4, 10, 82]
*** DEPTH-5 FEASIBLE: [1, 2, 4, 10, 83]
*** DEPTH-5 FEASIBLE: [1, 2, 4, 10, 84]
*** DEPTH-5 FEASIBLE: [1, 2, 4, 10, 85]
*** DEPTH-5 FEASIBLE: [1, 2, 4, 10, 86]
*** DEPTH-5 FEASIBLE: [1, 2, 4, 10, 87]
*** DEPTH-5 FEASIBLE: [1, 2, 4, 10, 88]
*** DEPTH-5 FEASIBLE: [1, 2, 4, 10, 89]
*** DEPTH-5 FEASIBLE: [1, 2, 4, 10, 90]
*** DEPTH-5 FEASIBLE: [1, 2, 4, 10, 91]
*** DEPTH-5 FEASIBLE: [1, 2, 4, 10, 92]
*** DEPTH-5 FEASIBLE: [1, 2, 4, 10, 93]
*** DEPTH-5 FEASIBLE: [1, 2, 4, 10, 94]
*** DEPTH-5 FEASIBLE: [1, 2, 4, 10, 95]
*** DEPTH-5 FEASIBLE: [1, 2, 4, 10, 96]
*** DEPTH-5 FEASIBLE: [1, 2, 4, 10, 97]
*** DEPTH-5 FEASIBLE: [1, 2, 4, 10, 98]
*** DEPTH-5 FEASIBLE: [1, 2, 4, 10, 99]
