OK  cuts=[2, 8, 22] lazy=SAT R1=SAT (0.5s)
OK  cuts=[4, 16, 54] lazy=SAT R1=SAT (0.2s)
OK  cuts=[4, 16, 56] lazy=UNSAT R1=UNSAT (0.2s)
OK  cuts=[4, 16, 60] lazy=UNSAT R1=UNSAT (0.3s)
OK  cuts=[4, 16, 68] lazy=SAT R1=SAT (0.5s)
OK  cuts=[6, 20, 64] lazy=UNSAT R1=UNSAT (0.3s)
OK  cuts=[8, 26, 76] lazy=SAT R1=SAT (0.4s)
OK  cuts=[8, 26, 78] lazy=UNSAT R1=UNSAT (0.5s)
OK  cuts=[8, 26, 80] lazy=UNSAT R1=UNSAT (0.4s)
OK  cuts=[8, 26, 120] lazy=UNSAT R1=UNSAT (2.4s)
OK  cuts=[8, 26, 130] lazy=SAT R1=SAT (16.2s)
OK  cuts=[8, 26, 150] lazy=SAT R1=SAT (358.1s)
OK  cuts=[8, 26, 160] lazy=UNSAT R1=UNSAT (1360.1s)
OK  cuts=[2, 8, 26, 100] lazy=UNSAT R1=UNSAT (0.7s)
OK  cuts=[2, 8, 26, 120] lazy=UNSAT R1=UNSAT (2.2s)
OK  cuts=[2, 8, 26, 130] lazy=SAT R1=SAT (7.7s)
OK  cuts=[2, 8, 26, 140] lazy=SAT R1=SAT (56.8s)
OK  cuts=[2, 8, 26, 160] lazy=UNSAT R1=UNSAT (980.8s)
OK  cuts=[5, 25, 125] lazy=SAT R1=SAT (13.6s)
OK  cuts=[8, 20, 100] lazy=UNSAT R1=UNSAT (1.1s)
OK  cuts=[7, 20, 100] lazy=SAT R1=SAT (1.9s)
LAZY CALIB ALL AGREE
