# scan prefix=[2, 8, 22, 64] next in [190,640] solver=cadical195
unsat [2, 8, 22, 64, 190]  (3.8s)
unsat [2, 8, 22, 64, 191]  (3.1s)
unsat [2, 8, 22, 64, 192]  (3.4s)
unsat [2, 8, 22, 64, 193]  (3.4s)
unsat [2, 8, 22, 64, 194]  (3.7s)
unsat [2, 8, 22, 64, 195]  (3.7s)
unsat [2, 8, 22, 64, 196]  (3.9s)
unsat [2, 8, 22, 64, 197]  (3.9s)
unsat [2, 8, 22, 64, 198]  (3.9s)
unsat [2, 8, 22, 64, 199]  (4.1s)
unsat [2, 8, 22, 64, 200]  (4.5s)
unsat [2, 8, 22, 64, 201]  (4.4s)
unsat [2, 8, 22, 64, 202]  (4.3s)
unsat [2, 8, 22, 64, 203]  (4.3s)
unsat [2, 8, 22, 64, 204]  (4.3s)
unsat [2, 8, 22, 64, 205]  (4.4s)
unsat [2, 8, 22, 64, 206]  (4.3s)
unsat [2, 8, 22, 64, 207]  (4.2s)
unsat [2, 8, 22, 64, 208]  (4.4s)
unsat [2, 8, 22, 64, 209]  (5.0s)
unsat [2, 8, 22, 64, 210]  (4.6s)
unsat [2, 8, 22, 64, 211]  (5.4s)
unsat [2, 8, 22, 64, 212]  (4.5s)
unsat [2, 8, 22, 64, 213]  (4.7s)
unsat [2, 8, 22, 64, 214]  (5.1s)
unsat [2, 8, 22, 64, 215]  (5.6s)
unsat [2, 8, 22, 64, 216]  (5.4s)
unsat [2, 8, 22, 64, 217]  (6.1s)
unsat [2, 8, 22, 64, 218]  (6.3s)
unsat [2, 8, 22, 64, 219]  (5.5s)
unsat [2, 8, 22, 64, 220]  (5.7s)
unsat [2, 8, 22, 64, 221]  (6.4s)
unsat [2, 8, 22, 64, 222]  (5.1s)
unsat [2, 8, 22, 64, 223]  (7.3s)
unsat [2, 8, 22, 64, 224]  (7.1s)
unsat [2, 8, 22, 64, 225]  (5.9s)
unsat [2, 8, 22, 64, 226]  (4.8s)
unsat [2, 8, 22, 64, 227]  (5.5s)
unsat [2, 8, 22, 64, 228]  (5.0s)
unsat [2, 8, 22, 64, 229]  (5.2s)
unsat [2, 8, 22, 64, 230]  (5.3s)
unsat [2, 8, 22, 64, 231]  (7.3s)
unsat [2, 8, 22, 64, 232]  (6.2s)
unsat [2, 8, 22, 64, 233]  (6.9s)
unsat [2, 8, 22, 64, 234]  (6.7s)
unsat [2, 8, 22, 64, 235]  (6.5s)
unsat [2, 8, 22, 64, 236]  (8.1s)
unsat [2, 8, 22, 64, 237]  (5.5s)
unsat [2, 8, 22, 64, 238]  (7.4s)
unsat [2, 8, 22, 64, 239]  (6.4s)
unsat [2, 8, 22, 64, 240]  (10.6s)
unsat [2, 8, 22, 64, 241]  (7.5s)
unsat [2, 8, 22, 64, 242]  (6.5s)
unsat [2, 8, 22, 64, 243]  (6.5s)
unsat [2, 8, 22, 64, 244]  (6.8s)
unsat [2, 8, 22, 64, 245]  (6.2s)
unsat [2, 8, 22, 64, 246]  (6.6s)
unsat [2, 8, 22, 64, 247]  (7.6s)
unsat [2, 8, 22, 64, 248]  (6.4s)
unsat [2, 8, 22, 64, 249]  (6.4s)
unsat [2, 8, 22, 64, 250]  (6.0s)
unsat [2, 8, 22, 64, 251]  (6.0s)
unsat [2, 8, 22, 64, 252]  (6.4s)
unsat [2, 8, 22, 64, 253]  (6.7s)
unsat [2, 8, 22, 64, 254]  (6.8s)
unsat [2, 8, 22, 64, 255]  (6.6s)
unsat [2, 8, 22, 64, 256]  (6.3s)
unsat [2, 8, 22, 64, 257]  (6.4s)
unsat [2, 8, 22, 64, 258]  (6.3s)
unsat [2, 8, 22, 64, 259]  (8.0s)
unsat [2, 8, 22, 64, 260]  (6.5s)
unsat [2, 8, 22, 64, 261]  (7.2s)
unsat [2, 8, 22, 64, 262]  (8.3s)
unsat [2, 8, 22, 64, 263]  (8.7s)
unsat [2, 8, 22, 64, 264]  (8.1s)
unsat [2, 8, 22, 64, 265]  (7.4s)
unsat [2, 8, 22, 64, 266]  (9.0s)
unsat [2, 8, 22, 64, 267]  (7.9s)
unsat [2, 8, 22, 64, 268]  (8.3s)
unsat [2, 8, 22, 64, 269]  (8.9s)
unsat [2, 8, 22, 64, 270]  (9.4s)
unsat [2, 8, 22, 64, 271]  (8.9s)
unsat [2, 8, 22, 64, 272]  (8.1s)
unsat [2, 8, 22, 64, 273]  (8.4s)
unsat [2, 8, 22, 64, 274]  (9.1s)
unsat [2, 8, 22, 64, 275]  (10.0s)
unsat [2, 8, 22, 64, 276]  (8.8s)
unsat [2, 8, 22, 64, 277]  (8.9s)
unsat [2, 8, 22, 64, 278]  (9.3s)
unsat [2, 8, 22, 64, 279]  (8.1s)
unsat [2, 8, 22, 64, 280]  (12.8s)
unsat [2, 8, 22, 64, 281]  (12.2s)
unsat [2, 8, 22, 64, 282]  (7.3s)
unsat [2, 8, 22, 64, 283]  (8.4s)
unsat [2, 8, 22, 64, 284]  (9.3s)
unsat [2, 8, 22, 64, 285]  (9.2s)
unsat [2, 8, 22, 64, 286]  (8.2s)
unsat [2, 8, 22, 64, 287]  (8.4s)
unsat [2, 8, 22, 64, 288]  (9.3s)
unsat [2, 8, 22, 64, 289]  (8.4s)
unsat [2, 8, 22, 64, 290]  (8.9s)
unsat [2, 8, 22, 64, 291]  (8.9s)
unsat [2, 8, 22, 64, 292]  (8.8s)
unsat [2, 8, 22, 64, 293]  (8.4s)
unsat [2, 8, 22, 64, 294]  (8.7s)
unsat [2, 8, 22, 64, 295]  (8.1s)
unsat [2, 8, 22, 64, 296]  (8.5s)
unsat [2, 8, 22, 64, 292]  (7.4s)
unsat [2, 8, 22, 64, 293]  (7.8s)
