# scan prefix=[1, 2, 4, 10, 28] next in [82,400] solver=cadical195
unsat [1, 2, 4, 10, 28, 82]  (1.2s)
unsat [1, 2, 4, 10, 28, 83]  (0.7s)
unsat [1, 2, 4, 10, 28, 84]  (0.7s)
unsat [1, 2, 4, 10, 28, 85]  (0.7s)
unsat [1, 2, 4, 10, 28, 86]  (0.7s)
unsat [1, 2, 4, 10, 28, 87]  (0.7s)
unsat [1, 2, 4, 10, 28, 88]  (0.7s)
unsat [1, 2, 4, 10, 28, 89]  (0.8s)
unsat [1, 2, 4, 10, 28, 90]  (0.7s)
unsat [1, 2, 4, 10, 28, 91]  (0.8s)
unsat [1, 2, 4, 10, 28, 92]  (0.8s)
unsat [1, 2, 4, 10, 28, 93]  (0.8s)
unsat [1, 2, 4, 10, 28, 94]  (0.7s)
unsat [1, 2, 4, 10, 28, 95]  (0.9s)
unsat [1, 2, 4, 10, 28, 96]  (0.8s)
unsat [1, 2, 4, 10, 28, 97]  (1.0s)
unsat [1, 2, 4, 10, 28, 98]  (0.8s)
unsat [1, 2, 4, 10, 28, 99]  (0.9s)
unsat [1, 2, 4, 10, 28, 100]  (1.2s)
unsat [1, 2, 4, 10, 28, 101]  (0.8s)
unsat [1, 2, 4, 10, 28, 102]  (0.9s)
unsat [1, 2, 4, 10, 28, 103]  (1.0s)
unsat [1, 2, 4, 10, 28, 104]  (1.1s)
unsat [1, 2, 4, 10, 28, 105]  (1.1s)
unsat [1, 2, 4, 10, 28, 106]  (1.2s)
unsat [1, 2, 4, 10, 28, 107]  (1.2s)
unsat [1, 2, 4, 10, 28, 108]  (1.3s)
unsat [1, 2, 4, 10, 28, 109]  (1.3s)
unsat [1, 2, 4, 10, 28, 110]  (1.3s)
unsat [1, 2, 4, 10, 28, 111]  (1.5s)
unsat [1, 2, 4, 10, 28, 112]  (1.6s)
unsat [1, 2, 4, 10, 28, 113]  (1.5s)
unsat [1, 2, 4, 10, 28, 114]  (1.4s)
unsat [1, 2, 4, 10, 28, 115]  (1.8s)
unsat [1, 2, 4, 10, 28, 116]  (1.6s)
unsat [1, 2, 4, 10, 28, 117]  (1.6s)
unsat [1, 2, 4, 10, 28, 118]  (1.6s)
unsat [1, 2, 4, 10, 28, 119]  (1.9s)
unsat [1, 2, 4, 10, 28, 120]  (1.8s)
unsat [1, 2, 4, 10, 28, 121]  (1.7s)
unsat [1, 2, 4, 10, 28, 122]  (1.9s)
unsat [1, 2, 4, 10, 28, 123]  (2.1s)
unsat [1, 2, 4, 10, 28, 124]  (2.1s)
unsat [1, 2, 4, 10, 28, 125]  (2.3s)
unsat [1, 2, 4, 10, 28, 126]  (2.0s)
unsat [1, 2, 4, 10, 28, 127]  (2.5s)
unsat [1, 2, 4, 10, 28, 128]  (2.4s)
unsat [1, 2, 4, 10, 28, 129]  (2.3s)
unsat [1, 2, 4, 10, 28, 130]  (2.5s)
unsat [1, 2, 4, 10, 28, 131]  (2.6s)
unsat [1, 2, 4, 10, 28, 132]  (2.4s)
unsat [1, 2, 4, 10, 28, 133]  (2.3s)
unsat [1, 2, 4, 10, 28, 134]  (2.4s)
unsat [1, 2, 4, 10, 28, 135]  (2.6s)
unsat [1, 2, 4, 10, 28, 136]  (3.2s)
unsat [1, 2, 4, 10, 28, 137]  (2.6s)
unsat [1, 2, 4, 10, 28, 138]  (2.8s)
unsat [1, 2, 4, 10, 28, 139]  (3.1s)
unsat [1, 2, 4, 10, 28, 140]  (3.1s)
unsat [1, 2, 4, 10, 28, 141]  (3.4s)
unsat [1, 2, 4, 10, 28, 142]  (3.0s)
unsat [1, 2, 4, 10, 28, 143]  (3.1s)
unsat [1, 2, 4, 10, 28, 144]  (3.1s)
unsat [1, 2, 4, 10, 28, 145]  (3.0s)
unsat [1, 2, 4, 10, 28, 146]  (3.4s)
unsat [1, 2, 4, 10, 28, 147]  (3.0s)
unsat [1, 2, 4, 10, 28, 148]  (3.5s)
unsat [1, 2, 4, 10, 28, 149]  (3.5s)
unsat [1, 2, 4, 10, 28, 150]  (3.6s)
unsat [1, 2, 4, 10, 28, 151]  (3.5s)
unsat [1, 2, 4, 10, 28, 152]  (3.9s)
unsat [1, 2, 4, 10, 28, 153]  (4.3s)
unsat [1, 2, 4, 10, 28, 154]  (4.1s)
unsat [1, 2, 4, 10, 28, 155]  (3.7s)
unsat [1, 2, 4, 10, 28, 156]  (4.3s)
unsat [1, 2, 4, 10, 28, 157]  (4.3s)
unsat [1, 2, 4, 10, 28, 158]  (4.6s)
unsat [1, 2, 4, 10, 28, 159]  (4.8s)
unsat [1, 2, 4, 10, 28, 160]  (5.6s)
unsat [1, 2, 4, 10, 28, 161]  (5.6s)
unsat [1, 2, 4, 10, 28, 162]  (4.9s)
unsat [1, 2, 4, 10, 28, 163]  (4.1s)
unsat [1, 2, 4, 10, 28, 164]  (4.8s)
unsat [1, 2, 4, 10, 28, 165]  (4.4s)
unsat [1, 2, 4, 10, 28, 166]  (4.1s)
unsat [1, 2, 4, 10, 28, 167]  (4.4s)
unsat [1, 2, 4, 10, 28, 168]  (4.9s)
unsat [1, 2, 4, 10, 28, 169]  (5.2s)
unsat [1, 2, 4, 10, 28, 170]  (5.3s)
unsat [1, 2, 4, 10, 28, 171]  (5.0s)
unsat [1, 2, 4, 10, 28, 172]  (4.8s)
unsat [1, 2, 4, 10, 28, 173]  (4.9s)
unsat [1, 2, 4, 10, 28, 174]  (5.5s)
unsat [1, 2, 4, 10, 28, 175]  (5.2s)
unsat [1, 2, 4, 10, 28, 176]  (5.1s)
unsat [1, 2, 4, 10, 28, 177]  (5.9s)
unsat [1, 2, 4, 10, 28, 178]  (6.7s)
unsat [1, 2, 4, 10, 28, 179]  (6.3s)
unsat [1, 2, 4, 10, 28, 180]  (5.9s)
unsat [1, 2, 4, 10, 28, 181]  (5.8s)
unsat [1, 2, 4, 10, 28, 182]  (6.4s)
unsat [1, 2, 4, 10, 28, 183]  (6.9s)
unsat [1, 2, 4, 10, 28, 184]  (6.3s)
unsat [1, 2, 4, 10, 28, 185]  (5.8s)
unsat [1, 2, 4, 10, 28, 186]  (5.5s)
unsat [1, 2, 4, 10, 28, 187]  (6.7s)
unsat [1, 2, 4, 10, 28, 188]  (8.7s)
unsat [1, 2, 4, 10, 28, 189]  (7.4s)
unsat [1, 2, 4, 10, 28, 190]  (6.6s)
unsat [1, 2, 4, 10, 28, 191]  (7.1s)
unsat [1, 2, 4, 10, 28, 192]  (6.4s)
unsat [1, 2, 4, 10, 28, 193]  (7.1s)
unsat [1, 2, 4, 10, 28, 194]  (7.0s)
unsat [1, 2, 4, 10, 28, 195]  (7.5s)
unsat [1, 2, 4, 10, 28, 196]  (7.1s)
unsat [1, 2, 4, 10, 28, 197]  (5.3s)
unsat [1, 2, 4, 10, 28, 198]  (7.2s)
unsat [1, 2, 4, 10, 28, 199]  (6.4s)
unsat [1, 2, 4, 10, 28, 200]  (6.8s)
unsat [1, 2, 4, 10, 28, 201]  (7.0s)
unsat [1, 2, 4, 10, 28, 202]  (5.8s)
unsat [1, 2, 4, 10, 28, 203]  (6.5s)
unsat [1, 2, 4, 10, 28, 204]  (7.2s)
unsat [1, 2, 4, 10, 28, 205]  (10.6s)
unsat [1, 2, 4, 10, 28, 206]  (6.7s)
unsat [1, 2, 4, 10, 28, 207]  (6.4s)
unsat [1, 2, 4, 10, 28, 208]  (7.3s)
unsat [1, 2, 4, 10, 28, 209]  (6.1s)
unsat [1, 2, 4, 10, 28, 210]  (7.0s)
unsat [1, 2, 4, 10, 28, 211]  (5.5s)
unsat [1, 2, 4, 10, 28, 212]  (9.4s)
unsat [1, 2, 4, 10, 28, 213]  (26.2s)
unsat [1, 2, 4, 10, 28, 214]  (7.3s)
unsat [1, 2, 4, 10, 28, 215]  (19.3s)
unsat [1, 2, 4, 10, 28, 216]  (16.1s)
unsat [1, 2, 4, 10, 28, 217]  (8.7s)
unsat [1, 2, 4, 10, 28, 218]  (18.7s)
unsat [1, 2, 4, 10, 28, 219]  (7.1s)
unsat [1, 2, 4, 10, 28, 220]  (7.6s)
unsat [1, 2, 4, 10, 28, 221]  (9.5s)
unsat [1, 2, 4, 10, 28, 222]  (8.3s)
unsat [1, 2, 4, 10, 28, 223]  (10.7s)
unsat [1, 2, 4, 10, 28, 224]  (9.1s)
unsat [1, 2, 4, 10, 28, 225]  (8.0s)
unsat [1, 2, 4, 10, 28, 226]  (11.5s)
unsat [1, 2, 4, 10, 28, 227]  (8.6s)
unsat [1, 2, 4, 10, 28, 228]  (8.7s)
unsat [1, 2, 4, 10, 28, 229]  (8.5s)
unsat [1, 2, 4, 10, 28, 230]  (20.8s)
unsat [1, 2, 4, 10, 28, 231]  (19.4s)
unsat [1, 2, 4, 10, 28, 232]  (8.4s)
unsat [1, 2, 4, 10, 28, 233]  (6.6s)
unsat [1, 2, 4, 10, 28, 234]  (11.8s)
unsat [1, 2, 4, 10, 28, 235]  (10.2s)
unsat [1, 2, 4, 10, 28, 236]  (9.3s)
unsat [1, 2, 4, 10, 28, 237]  (7.1s)
unsat [1, 2, 4, 10, 28, 238]  (8.8s)
unsat [1, 2, 4, 10, 28, 239]  (8.4s)
unsat [1, 2, 4, 10, 28, 240]  (12.1s)
unsat [1, 2, 4, 10, 28, 241]  (7.5s)
unsat [1, 2, 4, 10, 28, 242]  (8.8s)
unsat [1, 2, 4, 10, 28, 243]  (10.4s)
unsat [1, 2, 4, 10, 28, 244]  (14.0s)
unsat [1, 2, 4, 10, 28, 245]  (14.4s)
unsat [1, 2, 4, 10, 28, 246]  (10.1s)
unsat [1, 2, 4, 10, 28, 247]  (8.9s)
unsat [1, 2, 4, 10, 28, 248]  (7.1s)
unsat [1, 2, 4, 10, 28, 249]  (8.5s)
unsat [1, 2, 4, 10, 28, 250]  (10.5s)
unsat [1, 2, 4, 10, 28, 251]  (34.1s)
unsat [1, 2, 4, 10, 28, 252]  (7.0s)
unsat [1, 2, 4, 10, 28, 253]  (109.1s)
unsat [1, 2, 4, 10, 28, 254]  (11.9s)
unsat [1, 2, 4, 10, 28, 255]  (10.0s)
unsat [1, 2, 4, 10, 28, 256]  (10.8s)
unsat [1, 2, 4, 10, 28, 257]  (8.3s)
unsat [1, 2, 4, 10, 28, 258]  (10.0s)
unsat [1, 2, 4, 10, 28, 259]  (22.4s)
unsat [1, 2, 4, 10, 28, 260]  (8.0s)
unsat [1, 2, 4, 10, 28, 261]  (10.4s)
unsat [1, 2, 4, 10, 28, 262]  (9.3s)
unsat [1, 2, 4, 10, 28, 263]  (11.9s)
unsat [1, 2, 4, 10, 28, 264]  (8.6s)
unsat [1, 2, 4, 10, 28, 265]  (9.1s)
unsat [1, 2, 4, 10, 28, 266]  (10.6s)
unsat [1, 2, 4, 10, 28, 267]  (9.7s)
unsat [1, 2, 4, 10, 28, 268]  (10.1s)
unsat [1, 2, 4, 10, 28, 269]  (11.7s)
unsat [1, 2, 4, 10, 28, 270]  (9.4s)
unsat [1, 2, 4, 10, 28, 271]  (10.3s)
unsat [1, 2, 4, 10, 28, 272]  (9.7s)
unsat [1, 2, 4, 10, 28, 273]  (8.9s)
unsat [1, 2, 4, 10, 28, 274]  (10.6s)
unsat [1, 2, 4, 10, 28, 275]  (8.7s)
unsat [1, 2, 4, 10, 28, 276]  (8.9s)
unsat [1, 2, 4, 10, 28, 277]  (9.5s)
unsat [1, 2, 4, 10, 28, 278]  (10.4s)
unsat [1, 2, 4, 10, 28, 279]  (9.4s)
unsat [1, 2, 4, 10, 28, 280]  (10.4s)
unsat [1, 2, 4, 10, 28, 281]  (10.1s)
unsat [1, 2, 4, 10, 28, 282]  (10.1s)
unsat [1, 2, 4, 10, 28, 283]  (11.0s)
unsat [1, 2, 4, 10, 28, 284]  (10.8s)
unsat [1, 2, 4, 10, 28, 285]  (9.7s)
unsat [1, 2, 4, 10, 28, 286]  (9.4s)
unsat [1, 2, 4, 10, 28, 287]  (9.6s)
unsat [1, 2, 4, 10, 28, 288]  (9.4s)
unsat [1, 2, 4, 10, 28, 289]  (8.8s)
unsat [1, 2, 4, 10, 28, 290]  (11.4s)
unsat [1, 2, 4, 10, 28, 291]  (9.0s)
unsat [1, 2, 4, 10, 28, 292]  (10.8s)
unsat [1, 2, 4, 10, 28, 293]  (11.9s)
unsat [1, 2, 4, 10, 28, 294]  (11.2s)
unsat [1, 2, 4, 10, 28, 295]  (11.0s)
unsat [1, 2, 4, 10, 28, 296]  (10.0s)
unsat [1, 2, 4, 10, 28, 297]  (9.7s)
unsat [1, 2, 4, 10, 28, 298]  (9.7s)
unsat [1, 2, 4, 10, 28, 299]  (8.5s)
unsat [1, 2, 4, 10, 28, 300]  (10.4s)
unsat [1, 2, 4, 10, 28, 301]  (12.5s)
unsat [1, 2, 4, 10, 28, 302]  (9.8s)
unsat [1, 2, 4, 10, 28, 303]  (10.5s)
unsat [1, 2, 4, 10, 28, 304]  (9.8s)
unsat [1, 2, 4, 10, 28, 305]  (12.0s)
unsat [1, 2, 4, 10, 28, 306]  (12.0s)
unsat [1, 2, 4, 10, 28, 307]  (12.5s)
unsat [1, 2, 4, 10, 28, 308]  (10.3s)
unsat [1, 2, 4, 10, 28, 309]  (12.0s)
unsat [1, 2, 4, 10, 28, 310]  (12.0s)
unsat [1, 2, 4, 10, 28, 311]  (9.5s)
unsat [1, 2, 4, 10, 28, 312]  (11.2s)
unsat [1, 2, 4, 10, 28, 313]  (11.8s)
unsat [1, 2, 4, 10, 28, 314]  (11.3s)
unsat [1, 2, 4, 10, 28, 315]  (10.6s)
unsat [1, 2, 4, 10, 28, 316]  (12.0s)
unsat [1, 2, 4, 10, 28, 317]  (10.6s)
unsat [1, 2, 4, 10, 28, 318]  (10.2s)
unsat [1, 2, 4, 10, 28, 319]  (11.8s)
unsat [1, 2, 4, 10, 28, 320]  (10.1s)
unsat [1, 2, 4, 10, 28, 321]  (11.1s)
unsat [1, 2, 4, 10, 28, 322]  (13.2s)
unsat [1, 2, 4, 10, 28, 323]  (12.4s)
unsat [1, 2, 4, 10, 28, 324]  (11.5s)
unsat [1, 2, 4, 10, 28, 325]  (11.8s)
unsat [1, 2, 4, 10, 28, 326]  (11.1s)
unsat [1, 2, 4, 10, 28, 327]  (13.1s)
unsat [1, 2, 4, 10, 28, 328]  (9.9s)
unsat [1, 2, 4, 10, 28, 329]  (12.3s)
unsat [1, 2, 4, 10, 28, 330]  (10.4s)
unsat [1, 2, 4, 10, 28, 331]  (11.4s)
unsat [1, 2, 4, 10, 28, 332]  (12.6s)
unsat [1, 2, 4, 10, 28, 333]  (11.2s)
unsat [1, 2, 4, 10, 28, 334]  (13.2s)
unsat [1, 2, 4, 10, 28, 335]  (11.6s)
unsat [1, 2, 4, 10, 28, 336]  (11.6s)
unsat [1, 2, 4, 10, 28, 337]  (10.8s)
unsat [1, 2, 4, 10, 28, 338]  (9.5s)
unsat [1, 2, 4, 10, 28, 339]  (11.1s)
unsat [1, 2, 4, 10, 28, 340]  (12.0s)
unsat [1, 2, 4, 10, 28, 341]  (10.7s)
unsat [1, 2, 4, 10, 28, 342]  (10.6s)
unsat [1, 2, 4, 10, 28, 343]  (10.5s)
unsat [1, 2, 4, 10, 28, 344]  (11.9s)
unsat [1, 2, 4, 10, 28, 345]  (10.6s)
unsat [1, 2, 4, 10, 28, 346]  (12.1s)
unsat [1, 2, 4, 10, 28, 347]  (10.2s)
unsat [1, 2, 4, 10, 28, 348]  (11.8s)
unsat [1, 2, 4, 10, 28, 349]  (9.4s)
unsat [1, 2, 4, 10, 28, 350]  (12.3s)
unsat [1, 2, 4, 10, 28, 351]  (11.5s)
unsat [1, 2, 4, 10, 28, 352]  (11.5s)
unsat [1, 2, 4, 10, 28, 353]  (10.0s)
unsat [1, 2, 4, 10, 28, 354]  (11.0s)
unsat [1, 2, 4, 10, 28, 355]  (11.9s)
unsat [1, 2, 4, 10, 28, 356]  (11.2s)
unsat [1, 2, 4, 10, 28, 357]  (12.0s)
unsat [1, 2, 4, 10, 28, 358]  (16.0s)
unsat [1, 2, 4, 10, 28, 359]  (12.2s)
unsat [1, 2, 4, 10, 28, 360]  (13.0s)
unsat [1, 2, 4, 10, 28, 361]  (15.5s)
unsat [1, 2, 4, 10, 28, 362]  (13.4s)
unsat [1, 2, 4, 10, 28, 363]  (13.5s)
unsat [1, 2, 4, 10, 28, 364]  (16.2s)
unsat [1, 2, 4, 10, 28, 365]  (14.8s)
unsat [1, 2, 4, 10, 28, 366]  (12.7s)
unsat [1, 2, 4, 10, 28, 367]  (12.7s)
unsat [1, 2, 4, 10, 28, 368]  (19.1s)
unsat [1, 2, 4, 10, 28, 369]  (15.4s)
unsat [1, 2, 4, 10, 28, 370]  (16.0s)
unsat [1, 2, 4, 10, 28, 371]  (15.7s)
unsat [1, 2, 4, 10, 28, 372]  (15.3s)
unsat [1, 2, 4, 10, 28, 373]  (17.4s)
unsat [1, 2, 4, 10, 28, 374]  (13.1s)
unsat [1, 2, 4, 10, 28, 375]  (17.6s)
unsat [1, 2, 4, 10, 28, 376]  (16.9s)
unsat [1, 2, 4, 10, 28, 377]  (19.2s)
unsat [1, 2, 4, 10, 28, 378]  (19.2s)
unsat [1, 2, 4, 10, 28, 379]  (20.6s)
unsat [1, 2, 4, 10, 28, 380]  (19.5s)
unsat [1, 2, 4, 10, 28, 381]  (20.0s)
unsat [1, 2, 4, 10, 28, 382]  (19.4s)
unsat [1, 2, 4, 10, 28, 383]  (20.3s)
unsat [1, 2, 4, 10, 28, 384]  (17.9s)
unsat [1, 2, 4, 10, 28, 385]  (17.8s)
unsat [1, 2, 4, 10, 28, 386]  (19.6s)
unsat [1, 2, 4, 10, 28, 387]  (18.5s)
unsat [1, 2, 4, 10, 28, 388]  (20.0s)
unsat [1, 2, 4, 10, 28, 389]  (15.3s)
unsat [1, 2, 4, 10, 28, 390]  (19.6s)
unsat [1, 2, 4, 10, 28, 391]  (20.4s)
unsat [1, 2, 4, 10, 28, 392]  (15.7s)
unsat [1, 2, 4, 10, 28, 393]  (16.3s)
unsat [1, 2, 4, 10, 28, 394]  (26.7s)
unsat [1, 2, 4, 10, 28, 395]  (21.4s)
unsat [1, 2, 4, 10, 28, 396]  (19.5s)
unsat [1, 2, 4, 10, 28, 397]  (17.4s)
unsat [1, 2, 4, 10, 28, 398]  (18.0s)
unsat [1, 2, 4, 10, 28, 399]  (16.2s)
unsat [1, 2, 4, 10, 28, 400]  (16.5s)
# SCAN DONE prefix=[1, 2, 4, 10, 28] range=[82,400] SAT points: []
