=== F1: end-to-end at (H1)-(H4)-COMPLIANT M  (M = P^E, E = ceil(f*(2k+log2 2k+t+1))) ===
  k=  2 P=  13 t=3 q0=1          E=600   digits(M)=669    SP.9-ok=True Lam>=18:True  |G|/N=378/400  part1-viol=0 part2-viol=0
  k=  2 P=  13 t=3 q0=24         E=600   digits(M)=669    SP.9-ok=True Lam>=18:True  |G|/N=395/400  part1-viol=0 part2-viol=0
  k=  2 P=  13 t=3 q0=82944      E=600   digits(M)=669    SP.9-ok=True Lam>=18:True  |G|/N=397/400  part1-viol=0 part2-viol=0
  k=  3 P=  11 t=4 q0=1          E=816   digits(M)=850    SP.9-ok=True Lam>=18:True  |G|/N=289/300  part1-viol=0 part2-viol=0
  k=  3 P=  11 t=4 q0=30030      E=816   digits(M)=850    SP.9-ok=True Lam>=18:True  |G|/N=298/300  part1-viol=0 part2-viol=0
  k=  2 P=   2 t=3 q0=1          E=600   digits(M)=181    SP.9-ok=True Lam>=18:True  |G|/N=382/400  part1-viol=0 part2-viol=0
  k=  2 P=   3 t=3 q0=1          E=600   digits(M)=287    SP.9-ok=True Lam>=18:True  |G|/N=383/400  part1-viol=0 part2-viol=0
  k=  7 P=   3 t=3 q0=1          E=1309  digits(M)=625    SP.9-ok=True Lam>=18:True  |G|/N=230/250  part1-viol=0 part2-viol=0
  k=  2 P= 101 t=5 q0=1          E=720   digits(M)=1444   SP.9-ok=True Lam>=18:True  |G|/N=145/150  part1-viol=0 part2-viol=0
  k=  5 P= 251 t=3 q0=1          E=1040  digits(M)=2496   SP.9-ok=True Lam>=18:True  |G|/N=115/120  part1-viol=0 part2-viol=0
  k=  2 P=  13 t=3 q0=1          E=1200  digits(M)=1337   SP.9-ok=True Lam>=18:True  |G|/N=240/250  part1-viol=0 part2-viol=0
  k=  2 P=  13 t=3 q0=82944      E=1200  digits(M)=1337   SP.9-ok=True Lam>=18:True  |G|/N=247/250  part1-viol=0 part2-viol=0
  k=  3 P=   7 t=3 q0=1048576    E=1511  digits(M)=1277   SP.9-ok=True Lam>=18:True  |G|/N=197/200  part1-viol=0 part2-viol=0
  TOTAL violations: 0
=== F2: broad sweep gated on SP.9's conclusion (many k, q0, P, t) ===
   badS-rate>bound 13 0.008333333333333333 0.0004551661356395084
   badS-rate>bound 7 0.008333333333333333 8.499859752314087e-06
   badS-rate>bound 13 0.008333333333333333 0.0004551661356395084
   badS-rate>bound 13 0.016666666666666666 0.0004551661356395084
   badS-rate>bound 13 0.008333333333333333 0.0004551661356395084
   badS-rate>bound 23 0.008333333333333333 8.218952905399852e-05
   badS-rate>bound 3 0.016666666666666666 0.0013717421124828531
   badS-rate>bound 31 0.008333333333333333 3.3567184720217515e-05
   badS-rate>bound 29 0.008333333333333333 4.1002091106646436e-05
   badS-rate>bound 23 0.008333333333333333 8.218952905399852e-05
