================================================================================================================
PROBE 1: explicit delay rules, N = 4000, Q = 8 (AP steps), top half of the range
================================================================================================================

--- b = 3 ---
                    rule  (ii) viol  min-over-AP max t  argmin (q,r)      |F_m|/b^m profile (m=0..)
                     t=0          0                  0        (1, 0) [2.0, 2.0, 2.0, 2.0, 2.0, 2.0, 2.0]
                 t=1_odd          0                  0        (2, 0) [1.0, 1.333, 1.333, 1.333, 1.333, 1.333, 1.333]
                    t=v2          0                  0        (2, 1) [1.0, 1.333, 1.111, 1.222, 1.198, 1.202, 1.199]
                    t=v3       1188                  0        (3, 1) [2.0, 1.333, 1.556, 1.481, 1.506, 1.498, 1.501]
                    t=v5       3813                  0        (5, 1) [2.0, 1.667, 1.667, 1.704, 1.728, 1.716, 1.712]
                    t=vb       1188                  0        (3, 1) [2.0, 1.333, 1.556, 1.481, 1.506, 1.498, 1.501]
             t=min(v2,2)          0                  0        (2, 1) [1.0, 1.333, 1.111, 1.259, 1.21, 1.226, 1.221]
           t=v2(v)+v3(v)       4537                  0        (6, 1) [1.0, 1.0, 0.778, 0.963, 0.877, 0.909, 0.896]
     t=v2(v-1) blk-shift       9875                  1        (4, 0) [1.0, 1.333, 1.222, 1.185, 1.185, 1.206, 1.202]
             t=v2(v-b^j)       2461                  0        (2, 0) [2.0, 1.333, 1.222, 1.222, 1.198, 1.202, 1.2]
       t=v2 or v3 by blk       5277                  0        (6, 1) [1.0, 1.667, 1.222, 1.519, 1.173, 1.523, 1.18]
              t=v_{p(j)}       1283                  1        (6, 0) [1.0, 1.667, 1.778, 1.815, 1.914, 1.901, 1.933]
           t=bitcount(v)      11350                  8        (8, 0) [0.0, 0.667, 0.222, 0.148, 0.123, 0.078, 0.04]
      t=v2(v)*1_{j even}       3958                  0        (2, 1) [1.0, 2.333, 1.0, 2.185, 1.025, 2.173, 1.029]
           t=j(v) (c=2j)          0                  7        (1, 0) [2.0, 0.0, 0.667, 0.0, 0.222, 0.0, 0.074]
                  t=j//2          0                  3        (1, 0) [2.0, 2.0, 0.0, 0.667, 0.667, 0.0, 0.222]

--- b = 4 ---
                    rule  (ii) viol  min-over-AP max t  argmin (q,r)      |F_m|/b^m profile (m=0..)
                     t=0          0                  0        (1, 0)      [3.0, 3.0, 3.0, 3.0, 3.0]
                 t=1_odd          0                  0        (2, 0) [1.0, 2.0, 1.875, 1.875, 1.875]
                    t=v2          0                  0        (2, 1) [2.0, 1.75, 1.688, 1.719, 1.715]
                    t=v3        375                  0        (3, 1) [2.0, 2.25, 2.188, 2.172, 2.184]
                    t=v5       1260                  0        (5, 1) [3.0, 2.25, 2.625, 2.5, 2.531]
                    t=vb       1020                  0        (2, 1) [3.0, 2.25, 2.438, 2.391, 2.402]
             t=min(v2,2)          0                  0        (2, 1) [2.0, 1.75, 1.688, 1.734, 1.734]
           t=v2(v)+v3(v)       3252                  0        (6, 1)  [1.0, 1.5, 1.188, 1.25, 1.25]
     t=v2(v-1) blk-shift       4606                  0        (2, 0) [2.0, 1.75, 1.688, 1.719, 1.715]
             t=v2(v-b^j)         29                  0        (2, 1) [2.0, 2.0, 1.75, 1.719, 1.719]
       t=v2 or v3 by blk       1761                  0        (3, 1) [2.0, 2.25, 1.688, 2.203, 1.691]
              t=v_{p(j)}        562                  2        (2, 0) [2.0, 2.25, 2.625, 2.703, 2.824]
           t=bitcount(v)       7877                  8        (8, 0) [0.0, 0.5, 0.188, 0.109, 0.059]
      t=v2(v)*1_{j even}       1941                  0        (1, 0) [2.0, 3.25, 1.5, 3.188, 1.523]
           t=j(v) (c=2j)          0                  5        (1, 0)   [3.0, 0.0, 0.75, 0.0, 0.188]
                  t=j//2          0                  2        (1, 0)    [3.0, 3.0, 0.0, 0.75, 0.75]

--- b = 5 ---
                    rule  (ii) viol  min-over-AP max t  argmin (q,r)      |F_m|/b^m profile (m=0..)
                     t=0          0                  0        (1, 0)      [4.0, 4.0, 4.0, 4.0, 4.0]
                 t=1_odd          0                  0        (2, 0)      [2.0, 2.4, 2.4, 2.4, 2.4]
                    t=v2          0                  0        (2, 1) [2.0, 2.2, 2.24, 2.216, 2.224]
                    t=v3        444                  0        (3, 1) [3.0, 2.8, 2.88, 2.856, 2.856]
                    t=v5       2303                  0        (5, 1) [4.0, 3.2, 3.36, 3.328, 3.334]
                    t=vb       2303                  0        (5, 1) [4.0, 3.2, 3.36, 3.328, 3.334]
             t=min(v2,2)          0                  0        (2, 1)   [2.0, 2.2, 2.24, 2.24, 2.24]
           t=v2(v)+v3(v)       4200                  0        (6, 1) [1.0, 1.8, 1.56, 1.584, 1.589]
     t=v2(v-1) blk-shift       5236                  1        (4, 2) [2.0, 2.2, 2.24, 2.224, 2.221]
             t=v2(v-b^j)        367                  0        (2, 0) [3.0, 2.4, 2.24, 2.224, 2.222]
       t=v2 or v3 by blk       3740                  0        (6, 1)  [2.0, 2.8, 2.24, 2.88, 2.198]
              t=v_{p(j)}        934                  2        (2, 1) [2.0, 2.8, 3.44, 3.568, 3.741]
           t=bitcount(v)       9885                  8        (8, 0) [0.0, 0.6, 0.12, 0.088, 0.034]
      t=v2(v)*1_{j even}       3255                  0        (2, 1)   [2.0, 4.2, 2.04, 4.2, 2.021]
           t=j(v) (c=2j)          0                  5        (1, 0)     [4.0, 0.0, 0.8, 0.0, 0.16]
                  t=j//2          0                  2        (1, 0)      [4.0, 4.0, 0.0, 0.8, 0.8]

Reading: a refutation of R21-C' needs (ii) viol = 0, an unbounded
'min-over-AP max t' as N grows, and a fibre profile bounded away from 0 and inf.
