b=3 t=0 N=60: |pairs|=870  |class-strict (u,d)|=95  |open under EVERY sampled gadget|=95  |open under SOME gadget|=870
   B(1) check   S subset of A : True
   B(2) witness set  (open under some gadget, not all) has size 775
      (u,d)=(3,1)  classes c(u-2d),c(u-d),c(u) = (0,0,1)  -- not strictly increasing, openness gadget-dependent
      (u,d)=(4,1)  classes c(u-2d),c(u-d),c(u) = (0,1,1)  -- not strictly increasing, openness gadget-dependent
      (u,d)=(5,1)  classes c(u-2d),c(u-d),c(u) = (1,1,1)  -- not strictly increasing, openness gadget-dependent
      (u,d)=(5,2)  classes c(u-2d),c(u-d),c(u) = (0,1,1)  -- not strictly increasing, openness gadget-dependent

b=3 t=v2 N=60: |pairs|=870  |class-strict (u,d)|=51  |open under EVERY sampled gadget|=51  |open under SOME gadget|=395
   B(1) check   S subset of A : True
   B(2) witness set  (open under some gadget, not all) has size 344
      (u,d)=(3,1)  classes c(u-2d),c(u-d),c(u) = (0,1,1)  -- not strictly increasing, openness gadget-dependent
      (u,d)=(4,1)  classes c(u-2d),c(u-d),c(u) = (1,1,3)  -- not strictly increasing, openness gadget-dependent
      (u,d)=(5,2)  classes c(u-2d),c(u-d),c(u) = (0,1,1)  -- not strictly increasing, openness gadget-dependent
      (u,d)=(7,2)  classes c(u-2d),c(u-d),c(u) = (1,1,1)  -- not strictly increasing, openness gadget-dependent

b=4 t=1_odd N=60: |pairs|=870  |class-strict (u,d)|=26  |open under EVERY sampled gadget|=26  |open under SOME gadget|=525
   B(1) check   S subset of A : True
   B(2) witness set  (open under some gadget, not all) has size 499
      (u,d)=(4,1)  classes c(u-2d),c(u-d),c(u) = (0,1,1)  -- not strictly increasing, openness gadget-dependent
      (u,d)=(5,1)  classes c(u-2d),c(u-d),c(u) = (1,1,2)  -- not strictly increasing, openness gadget-dependent
      (u,d)=(5,2)  classes c(u-2d),c(u-d),c(u) = (1,1,2)  -- not strictly increasing, openness gadget-dependent
      (u,d)=(6,2)  classes c(u-2d),c(u-d),c(u) = (0,1,1)  -- not strictly increasing, openness gadget-dependent

Conclusion: the class function alone decides openness exactly on the (u,d) with
c(u-2d) < c(u-d) < c(u); there Theorem 16(a) restates condition (ii).  Everywhere
else openness is a property of the within-class order, which R21-C does not fix.
