============================================================================================================
PROPOSITION A on increasing-4-AP-FREE class architectures (within-class order = decreasing)
============================================================================================================
 b       t     N  inc4AP  dec4AP  (ii)  badC  badJ  maxreach    argmax(u,maxCl)  min slack
 3       0   300       0    5332     0     0     0     2.938          (81, 238)          0
 3       0   900       0   48768     0     0     0     2.979         (243, 724)          0
 3      v2   300       0    1690     0     0     0     6.775          (40, 271)          0
 3      v2   900       0   15962     0     0     0    18.025          (40, 721)          0
 3   1_odd   300       0    2592     0     0     0     8.741          (27, 236)          0
 3   1_odd   900       0   24160     0     0     0     8.914          (81, 722)          0
 3      v3   300      51    1273    51  2565    56    11.111          (27, 300)         -1
 3      v3   900     561   12306   561 68328   244    33.296          (27, 899)         -2
 4       0   300       0    6741     0     0     0     2.235          (81, 181)          0
 4       0   900       0   75441     0     0     0      2.98         (256, 763)          0
 4      v2   300       0    2149     0     0     0     3.295          (44, 145)          0
 4      v2   900       0   24792     0     0     0     6.578         (116, 763)          0
 4   1_odd   300       0    3297     0     0     0     4.828          (29, 140)          0
 4   1_odd   900       0   37497     0     0     0     9.844          (77, 758)          0
 4      v3   300      20    1643    20   736    22     8.306          (36, 299)         -1
 4      v3   900     375   19232   375 22659    22    24.972          (36, 899)         -1
 5       0   300       0    6750     0     0     0     2.241         (133, 298)          0
 5       0   900       0   55650     0     0     0     2.242         (165, 370)          0
 5      v2   300       0    2158     0     0     0     3.321          (84, 279)          0
 5      v2   900       0   18254     0     0     0      4.92          (88, 433)          0
 5   1_odd   300       0    3302     0     0     0     3.333          (87, 290)          0
 5   1_odd   900       0   27602     0     0     0     3.359         (153, 514)          0
 5      v3   300      26    1642    26   274     0     4.762          (63, 300)          0
 5      v3   900      41   14091    41  4692    34     14.27          (63, 899)         -1

badC = |{u, v in Cl(u) : c(v) > c(u)}|   -- Proposition A part 1, must be 0
badJ = |{u : j(max Cl(u)) - j(u) > t(u)}| -- Proposition A part 2, must be 0

============================================================================================================
BARRIER: triadic reversed-block layout T (b=3, t=0, within-class order = decreasing)
============================================================================================================
  N=  300  increasing monotone 4-APs = 0   decreasing = 5332   max |Cl(u)| = 61   max pos(v)/v = 2.9877   (ii)-violations = 0
  N=  900  increasing monotone 4-APs = 0   decreasing = 48768   max |Cl(u)| = 209   max pos(v)/v = 2.9959   (ii)-violations = 0
  N= 2700  increasing monotone 4-APs = 0   decreasing = 441264   max |Cl(u)| = 655   max pos(v)/v = 2.9986   (ii)-violations = 0
  => every consequence of Theorem 16 is satisfied by T; T is a geometric class
     architecture satisfying (ii); T is killed ONLY by decreasing 4-APs, which
     Theorem 16 never sees.  Forcing-only arguments therefore cannot close the family.

============================================================================================================
STANDING SANITY CHECK (Remark 31): geometric coarsening of a finite avoider
============================================================================================================
  N=  81 b=3: (ii)-violations of the coarsening = 0;  fibre sizes [2, 6, 18, 54, 1]
  N=  81 b=4: (ii)-violations of the coarsening = 0;  fibre sizes [3, 12, 48, 18]
  N= 243 b=3: (ii)-violations of the coarsening = 0;  fibre sizes [2, 6, 18, 54, 162, 1]
  N= 243 b=4: (ii)-violations of the coarsening = 0;  fibre sizes [3, 12, 48, 180]
  N= 729 b=3: (ii)-violations of the coarsening = 0;  fibre sizes [2, 6, 18, 54, 162, 486, 1]
  N= 729 b=4: (ii)-violations of the coarsening = 0;  fibre sizes [3, 12, 48, 192, 474]
  => the coarsening always satisfies (ii) with geometric fibres; any argument
     that applies to it is WRONG as a proof of R21-C.
