N=   77 |A|=  30 nodes=         85934 sols(max=N)=     0 t=   0.00s
N=   78 |A|=  38 nodes=       1514617 sols(max=N)=     0 t=   0.01s
N=   85 |A|=  49 nodes=      64535152 sols(max=N)=     4 t=   0.43s
    SOL 5 6 14 15 17 18 20 21 22 27 28 33 34 44 45 54 55 84 85
    SOL 6 7 8 14 15 17 18 26 27 34 35 44 45 54 55 56 65 66 77 78 84 85
    SOL 7 8 9 10 14 15 17 18 19 34 35 36 44 45 56 57 76 77 84 85
    SOL 7 8 11 12 17 18 21 22 26 27 28 33 34 44 45 54 55 56 65 66 77 78 84 85
N=   91 |A|=  51 nodes=     151383806 sols(max=N)=     2 t=   0.96s
    SOL 7 8 10 11 17 18 19 21 22 33 34 35 36 44 45 56 57 76 77 78 84 85 90 91
    SOL 9 10 11 14 15 17 18 21 22 26 27 28 33 34 39 40 54 55 56 65 66 84 85 90 91
N=   96 |A|=  55 nodes=     979689932 sols(max=N)=     1 t=   6.75s
    SOL 10 11 12 14 15 20 21 22 26 27 32 33 35 36 38 39 44 45 54 55 56 65 66 76 77 90 91 95 96
N=  100 |A|=  57 nodes=    3525552405 sols(max=N)=    32 t=  25.21s
    SOL 3 4 20 21 22 25 26 27 44 45 54 55 65 66 77 78 99 100
    SOL 4 5 9 10 11 21 22 25 26 65 66 77 78 99 100
    SOL 4 5 17 18 19 21 22 24 25 34 35 44 45 56 57 76 77 84 85 99 100
    SOL 5 6 8 9 14 15 24 25 27 28 54 55 77 78 90 91 99 100
    SOL 5 6 9 10 11 12 21 22 25 26 65 66 77 78 99 100
N=  105 |A|=  59 nodes=    4246193717 sols(max=N)=    57 t=  31.89s
    SOL 3 4 13 14 15 25 26 55 56 77 78 90 91 99 100 104 105
    SOL 4 5 9 10 18 19 35 36 44 45 55 56 57 65 66 76 77 104 105
    SOL 4 5 10 11 12 18 19 35 36 56 57 65 66 76 77 104 105
    SOL 4 5 13 14 15 19 20 25 26 55 56 57 76 77 78 90 91 99 100 104 105
    SOL 4 5 13 14 21 22 24 25 26 35 36 44 45 77 78 90 91 99 100 104 105
N=  115 |A|=  67 nodes=   59077968225 sols(max=N)=    16 t= 451.67s
    SOL 4 5 10 11 22 23 32 33 44 45 56 57 69 70 76 77 78 90 91 95 96 114 115
    SOL 5 6 10 11 12 22 23 32 33 44 45 56 57 69 70 76 77 78 90 91 95 96 114 115
    SOL 6 7 8 11 12 20 21 23 24 32 33 55 56 57 69 70 76 77 95 96 114 115
    SOL 6 7 11 12 21 22 23 24 32 33 44 45 55 56 57 65 66 69 70 76 77 78 90 91 95 96 104 105 114 115
    SOL 7 8 9 11 12 21 22 23 24 25 32 33 55 56 57 69 70 76 77 95 96 99 100 114 115
