HEURISTIC for LEGAL sets on the PRUNED universe A_N
    N   |A_N|   t*      log10 E(N)        E(N)
   76      0   ---      -inf            0   (universe empty)
   80     38     3.874       0.305         2.019
   84     38     3.874       0.305         2.019
   88     49     5.209       0.833         6.813
   92     51     5.310       1.154         14.25
   96     55     6.002       1.328         21.26
  100     57     6.107       1.635         43.16
  104     57     6.107       1.635         43.16
  108     59     6.208       1.900         79.38
  112     59     6.208       1.900         79.38
  116     67     7.245       1.998         99.56
  120     69     7.349       2.390         245.6
  124     69     7.349       2.390         245.6
  128     69     7.349       2.390         245.6
  132     69     7.349       2.390         245.6
  136     73     7.541       2.742         551.7
  140     73     7.541       2.742         551.7
  144     75     7.632       2.966         925.8
  148     83     8.659       3.583          3825
  152     83     8.659       3.583          3825
  156     92     9.628       4.164     1.458e+04
  160     92     9.628       4.164     1.458e+04
  164     97    10.006       4.206     1.609e+04
  168     97    10.006       4.206     1.609e+04
  172     99    10.106       4.515     3.274e+04
  176    102    10.283       4.791     6.179e+04
  180    102    10.283       4.791     6.179e+04
  184    102    10.283       4.791     6.179e+04
  188    104    10.377       4.795     6.238e+04
  192    106    10.471       5.086      1.22e+05
  196    111    11.101       5.398     2.498e+05
  200    111    11.101       5.398     2.498e+05
