2 0 0 0 0 0.00000
3 0 0 0 0 0.00000
4 0 0 0 0 0.00000
5 0 0 0 0 0.00000
6 0 0 0 0 0.00000
7 0 0 0 0 0.00000
8 0 0 0 0 0.00000
9 0 0 0 0 0.00000
10 0 0 0 0 0.00000
11 0 0 0 0 0.00000
12 0 0 0 0 0.00000
13 0 0 0 0 0.00000
14 0 0 0 0 0.00000
15 0 0 0 0 0.00000
16 0 0 0 0 0.00000
17 0 0 0 0 0.00000
18 0 0 0 0 0.00000
19 0 0 0 0 0.00000
20 0 0 0 0 0.00000
21 0 0 0 0 0.00000
22 0 0 0 0 0.00000
23 0 0 0 0 0.00000
24 0 0 0 0 0.00000
25 0 0 0 0 0.00000
26 0 0 0 0 0.00000
27 0 0 0 0 0.00000
28 0 0 0 0 0.00000
29 0 0 0 0 0.00000
30 0 0 0 0 0.00000
31 0 0 0 0 0.00000
32 0 0 0 0 0.00000
33 0 0 0 0 0.00000
34 0 0 0 0 0.00000
35 0 0 0 0 0.00000
36 0 0 0 0 0.00000
37 0 0 0 0 0.00000
38 0 0 0 0 0.00000
39 0 0 0 0 0.00000
40 0 0 0 0 0.00000
41 0 0 0 0 0.00000
42 0 0 0 0 0.00000
43 0 0 0 0 0.00000
44 0 0 0 0 0.00000
45 0 0 0 0 0.00000
46 0 0 0 0 0.00000
47 0 0 0 0 0.00000
48 0 0 0 0 0.00000
49 0 0 0 0 0.00000
50 0 0 0 0 0.00000
51 0 0 0 0 0.00000
52 0 0 0 0 0.00000
53 0 0 0 0 0.00000
54 0 0 0 0 0.00000
55 0 0 0 0 0.00000
56 0 0 0 0 0.00000
57 0 0 0 0 0.00000
58 0 0 0 0 0.00000
59 0 0 0 0 0.00000
60 0 0 0 0 0.00000
61 0 0 0 0 0.00000
62 0 0 0 0 0.00000
63 0 0 0 0 0.00000
64 0 0 0 0 0.00000
65 0 0 0 0 0.00000
66 0 0 0 0 0.00000
67 0 0 0 0 0.00000
68 0 0 0 0 0.00000
69 0 0 0 0 0.00000
70 0 0 0 0 0.00000
71 0 0 0 0 0.00000
72 0 0 0 0 0.00000
73 0 0 0 0 0.00000
74 0 0 0 0 0.00000
75 0 0 0 0 0.00000
76 0 0 0 0 0.00000
77 30 1 1 30 2.76486
78 38 1 1 38 3.00056
79 38 0 0 0 3.00056
80 38 0 0 0 3.00056
81 38 0 0 0 3.00056
82 38 0 0 0 3.00056
83 38 0 0 0 3.00056
84 38 0 0 0 3.00056
85 49 1 1 49 3.29661
86 49 0 0 0 3.29661
87 49 0 0 0 3.29661
88 49 0 0 0 3.29661
89 49 0 0 0 3.29661
90 49 0 0 0 3.29661
91 51 1 1 51 3.31871
92 51 0 0 0 3.31871
93 51 0 0 0 3.31871
94 51 0 0 0 3.31871
95 51 0 0 0 3.31871
96 55 1 1 55 3.43340
97 55 0 0 0 3.43340
98 55 0 0 0 3.43340
99 55 0 0 0 3.43340
100 57 1 1 57 3.45350
101 57 0 0 0 3.45350
102 57 0 0 0 3.45350
103 57 0 0 0 3.45350
104 57 0 0 0 3.45350
105 59 1 1 59 3.47264
106 59 0 0 0 3.47264
107 59 0 0 0 3.47264
108 59 0 0 0 3.47264
109 59 0 0 0 3.47264
110 59 0 0 0 3.47264
111 59 0 0 0 3.47264
112 59 0 0 0 3.47264
113 59 0 0 0 3.47264
114 59 0 0 0 3.47264
115 67 1 1 67 3.60968
116 67 0 0 0 3.60968
117 67 0 0 0 3.60968
118 67 0 0 0 3.60968
119 67 0 0 0 3.60968
120 69 1 1 69 3.62642
121 69 0 0 0 3.62642
122 69 0 0 0 3.62642
123 69 0 0 0 3.62642
124 69 0 0 0 3.62642
125 69 0 0 0 3.62642
126 69 0 0 0 3.62642
127 69 0 0 0 3.62642
128 69 0 0 0 3.62642
129 69 0 0 0 3.62642
130 69 0 0 0 3.62642
131 69 0 0 0 3.62642
132 69 0 0 0 3.62642
133 71 1 1 71 3.64151
134 71 0 0 0 3.64151
135 71 0 0 0 3.64151
136 73 1 1 73 3.65627
137 73 0 0 0 3.65627
138 73 0 0 0 3.65627
139 73 0 0 0 3.65627
140 73 0 0 0 3.65627
141 73 0 0 0 3.65627
142 73 0 0 0 3.65627
143 73 0 0 0 3.65627
144 75 1 1 75 3.67021
145 83 1 1 83 3.80219
146 83 0 0 0 3.80219
147 83 0 0 0 3.80219
148 83 0 0 0 3.80219
149 83 0 0 0 3.80219
150 83 0 0 0 3.80219
151 83 0 0 0 3.80219
152 83 0 0 0 3.80219
153 85 1 1 85 3.81530
154 86 1 1 86 3.82180
155 91 1 1 91 3.90326
156 92 1 1 92 3.90967
157 92 0 0 0 3.90967
158 92 0 0 0 3.90967
159 92 0 0 0 3.90967
160 92 0 0 0 3.90967
161 94 1 1 94 3.92213
162 97 1 1 97 3.95315
163 97 0 0 0 3.95315
164 97 0 0 0 3.95315
165 97 0 0 0 3.95315
166 97 0 0 0 3.95315
167 97 0 0 0 3.95315
168 97 0 0 0 3.95315
169 97 0 0 0 3.95315
170 97 0 0 0 3.95315
171 99 1 1 99 3.96488
172 99 0 0 0 3.96488
173 99 0 0 0 3.96488
174 99 0 0 0 3.96488
175 101 1 1 101 3.97634
176 102 1 1 102 3.98202
177 102 0 0 0 3.98202
178 102 0 0 0 3.98202
179 102 0 0 0 3.98202
180 102 0 0 0 3.98202
181 102 0 0 0 3.98202
182 102 0 0 0 3.98202
183 102 0 0 0 3.98202
184 102 0 0 0 3.98202
185 102 0 0 0 3.98202
186 102 0 0 0 3.98202
187 104 1 0 0 3.99275
188 104 0 0 0 3.99275
189 104 0 0 0 3.99275
190 106 1 1 106 4.00330
191 106 0 0 0 4.00330
192 106 0 0 0 4.00330
193 106 0 0 0 4.00330
194 106 0 0 0 4.00330
195 106 0 0 0 4.00330
196 111 1 1 111 4.06498
197 111 0 0 0 4.06498
198 111 0 0 0 4.06498
199 111 0 0 0 4.06498
200 111 0 0 0 4.06498
201 111 0 0 0 4.06498
202 111 0 0 0 4.06498
203 111 0 0 0 4.06498
204 113 1 1 113 4.07481
205 113 0 0 0 4.07481
206 113 0 0 0 4.07481
207 113 0 0 0 4.07481
208 115 1 1 115 4.08445
209 116 1 1 116 4.08923
210 117 1 1 117 4.09399
211 117 0 0 0 4.09399
212 117 0 0 0 4.09399
213 117 0 0 0 4.09399
214 117 0 0 0 4.09399
215 117 0 0 0 4.09399
216 117 0 0 0 4.09399
217 119 1 1 119 4.10323
218 119 0 0 0 4.10323
219 119 0 0 0 4.10323
220 119 0 0 0 4.10323
221 121 1 1 121 4.11230
222 131 1 1 131 4.20877
223 131 0 0 0 4.20877
224 131 0 0 0 4.20877
225 133 1 1 133 4.21768
226 133 0 0 0 4.21768
227 133 0 0 0 4.21768
228 133 0 0 0 4.21768
229 133 0 0 0 4.21768
230 133 0 0 0 4.21768
231 135 1 1 135 4.22636
232 136 1 1 136 4.23067
233 136 0 0 0 4.23067
234 136 0 0 0 4.23067
235 143 1 1 143 4.29067
236 143 0 0 0 4.29067
237 143 0 0 0 4.29067
238 143 0 0 0 4.29067
239 143 0 0 0 4.29067
240 143 0 0 0 4.29067
241 143 0 0 0 4.29067
242 143 0 0 0 4.29067
243 143 0 0 0 4.29067
244 143 0 0 0 4.29067
245 143 0 0 0 4.29067
246 153 1 1 153 4.39244
247 154 1 1 154 4.39649
248 155 1 1 155 4.40052
249 155 0 0 0 4.40052
250 155 0 0 0 4.40052
251 155 0 0 0 4.40052
252 155 0 0 0 4.40052
253 157 1 1 157 4.40844
254 157 0 0 0 4.40844
255 157 0 0 0 4.40844
256 157 0 0 0 4.40844
257 157 0 0 0 4.40844
258 157 0 0 0 4.40844
259 157 0 0 0 4.40844
260 159 1 0 0 4.41615
261 160 1 1 160 4.41998
262 160 0 0 0 4.41998
263 160 0 0 0 4.41998
264 160 0 0 0 4.41998
265 160 0 0 0 4.41998
266 160 0 0 0 4.41998
267 160 0 0 0 4.41998
268 160 0 0 0 4.41998
269 160 0 0 0 4.41998
270 160 0 0 0 4.41998
271 160 0 0 0 4.41998
272 160 0 0 0 4.41998
273 162 1 1 162 4.42732
274 162 0 0 0 4.42732
275 162 0 0 0 4.42732
276 164 1 1 164 4.43458
277 164 0 0 0 4.43458
278 164 0 0 0 4.43458
279 164 0 0 0 4.43458
280 166 1 1 166 4.44173
281 166 0 0 0 4.44173
282 166 0 0 0 4.44173
283 166 0 0 0 4.44173
284 166 0 0 0 4.44173
285 166 0 0 0 4.44173
286 168 1 1 168 4.44874
287 169 1 1 169 4.45222
288 170 1 1 170 4.45570
289 170 0 0 0 4.45570
290 170 0 0 0 4.45570
291 170 0 0 0 4.45570
292 170 0 0 0 4.45570
293 170 0 0 0 4.45570
294 170 0 0 0 4.45570
295 170 0 0 0 4.45570
296 170 0 0 0 4.45570
297 172 1 1 172 4.46244
298 172 0 0 0 4.46244
299 172 0 0 0 4.46244
300 174 1 1 174 4.46912
301 182 1 1 182 4.53711
302 182 0 0 0 4.53711
303 182 0 0 0 4.53711
304 182 0 0 0 4.53711
305 190 1 1 190 4.59999
306 191 1 1 191 4.60326
307 191 0 0 0 4.60326
308 191 0 0 0 4.60326
309 191 0 0 0 4.60326
310 191 0 0 0 4.60326
311 191 0 0 0 4.60326
312 191 0 0 0 4.60326
313 191 0 0 0 4.60326
314 191 0 0 0 4.60326
315 191 0 0 0 4.60326
316 191 0 0 0 4.60326
317 191 0 0 0 4.60326
318 191 0 0 0 4.60326
319 191 0 0 0 4.60326
320 194 1 1 194 4.62515
321 194 0 0 0 4.62515
322 194 0 0 0 4.62515
323 196 1 1 196 4.63135
324 197 1 1 197 4.63443
325 198 1 1 198 4.63751
326 198 0 0 0 4.63751
327 198 0 0 0 4.63751
328 198 0 0 0 4.63751
329 200 1 1 200 4.64360
330 201 1 1 201 4.64663
331 201 0 0 0 4.64663
332 201 0 0 0 4.64663
333 201 0 0 0 4.64663
334 201 0 0 0 4.64663
335 201 0 0 0 4.64663
336 201 0 0 0 4.64663
337 201 0 0 0 4.64663
338 201 0 0 0 4.64663
339 201 0 0 0 4.64663
340 201 0 0 0 4.64663
341 203 1 1 203 4.65250
342 204 1 1 204 4.65543
343 204 0 0 0 4.65543
344 204 0 0 0 4.65543
345 206 1 1 206 4.66123
346 206 0 0 0 4.66123
347 206 0 0 0 4.66123
348 206 0 0 0 4.66123
349 206 0 0 0 4.66123
350 206 0 0 0 4.66123
351 208 1 1 208 4.66694
352 209 1 1 209 4.66978
353 209 0 0 0 4.66978
354 209 0 0 0 4.66978
355 209 0 0 0 4.66978
356 209 0 0 0 4.66978
357 209 0 0 0 4.66978
358 209 0 0 0 4.66978
359 209 0 0 0 4.66978
360 209 0 0 0 4.66978
361 209 0 0 0 4.66978
362 209 0 0 0 4.66978
363 209 0 0 0 4.66978
364 209 0 0 0 4.66978
365 209 0 0 0 4.66978
366 209 0 0 0 4.66978
367 209 0 0 0 4.66978
368 209 0 0 0 4.66978
369 211 1 1 211 4.67521
370 212 1 1 212 4.67791
371 220 1 1 220 4.72966
372 221 1 1 221 4.73235
373 221 0 0 0 4.73235
374 221 0 0 0 4.73235
375 221 0 0 0 4.73235
376 221 0 0 0 4.73235
377 223 1 1 223 4.73766
378 224 1 1 224 4.74031
379 224 0 0 0 4.74031
380 224 0 0 0 4.74031
381 224 0 0 0 4.74031
382 224 0 0 0 4.74031
383 224 0 0 0 4.74031
384 224 0 0 0 4.74031
385 227 1 1 227 4.75332
386 227 0 0 0 4.75332
387 227 0 0 0 4.75332
388 227 0 0 0 4.75332
389 227 0 0 0 4.75332
390 227 0 0 0 4.75332
391 229 1 1 229 4.75844
392 230 1 1 230 4.76099
393 230 0 0 0 4.76099
394 230 0 0 0 4.76099
395 230 0 0 0 4.76099
396 230 0 0 0 4.76099
397 230 0 0 0 4.76099
398 230 0 0 0 4.76099
399 230 0 0 0 4.76099
400 232 1 1 232 4.76600
CANDIDATES (topok and force-feasible): [77, 78, 85, 91, 96, 100, 105, 115, 120, 133, 136, 144, 145, 153, 154, 155, 156, 161, 162, 171, 175, 176, 190, 196, 204, 208, 209, 210, 217, 221, 222, 225, 231, 232, 235, 246, 247, 248, 253, 261, 273, 276, 280, 286, 287, 288, 297, 300, 301, 305, 306, 320, 323, 324, 325, 329, 330, 341, 342, 345, 351, 352, 369, 370, 371, 372, 377, 378, 385, 391, 392, 400]
