BLK(7)    K=128 inner=sigma B=4 pi=(2, 3, 0, 1)  dies@135         (129,2,-)
BLK(7)    K=128 inner=sigma B=4 pi=(1, 3, 0, 2)  dies@135         (129,2,-)
BLK(7)    K=128 inner=sigma B=4 pi=(0, 3, 1, 2)  dies@135         (129,2,-)
BLK(7)    K=128 inner=desc  B=4 pi=(2, 3, 0, 1)  dies@135         (129,2,-)
BLK(7)    K=128 inner=desc  B=4 pi=(1, 3, 0, 2)  dies@135         (129,2,-)
BLK(7)    K=128 inner=desc  B=4 pi=(0, 3, 1, 2)  dies@135         (129,2,-)
BLK(7)    K=128 inner=asc   B=4 pi=(2, 3, 0, 1)  dies@135         (129,2,-)
BLK(7)    K=128 inner=asc   B=4 pi=(1, 3, 0, 2)  dies@135         (129,2,-)
BLK(7)    K=128 inner=asc   B=4 pi=(0, 3, 1, 2)  dies@135         (129,2,-)
BLK(6)    K=128 inner=sigma B=4 pi=(3, 1, 0, 2)  dies@135         (123,4,+)
BLK(6)    K=128 inner=desc  B=4 pi=(3, 1, 0, 2)  dies@135         (123,4,+)
BLK(6)    K=128 inner=asc   B=4 pi=(3, 1, 0, 2)  dies@135         (123,4,+)
BLK(3)    K=128 inner=sigma B=4 pi=(2, 0, 3, 1)  dies@135         (129,2,-)
BLK(3)    K=128 inner=sigma B=4 pi=(1, 0, 3, 2)  dies@135         (129,2,-)
BLK(3)    K=128 inner=desc  B=4 pi=(2, 0, 3, 1)  dies@135         (129,2,-)
BLK(3)    K=128 inner=desc  B=4 pi=(1, 0, 3, 2)  dies@135         (129,2,-)
BLK(3)    K=128 inner=asc   B=4 pi=(2, 0, 3, 1)  dies@135         (129,2,-)
BLK(3)    K=128 inner=asc   B=4 pi=(1, 0, 3, 2)  dies@135         (129,2,-)
BLK(7)    K=128 inner=sigma B=4 pi=(3, 2, 0, 1)  dies@134         (131,1,-)
BLK(7)    K=128 inner=desc  B=4 pi=(3, 2, 0, 1)  dies@134         (131,1,-)
BLK(7)    K=128 inner=asc   B=4 pi=(3, 2, 0, 1)  dies@134         (131,1,-)
BLK(3)    K=128 inner=sigma B=4 pi=(3, 0, 2, 1)  dies@134         (131,1,-)
BLK(3)    K=128 inner=desc  B=4 pi=(3, 0, 2, 1)  dies@134         (131,1,-)
BLK(3)    K=128 inner=asc   B=4 pi=(3, 0, 2, 1)  dies@134         (131,1,-)
BLK(7)    K=128 inner=sigma B=3 pi=(2, 0, 1)  dies@133         (121,4,+)
