
Write P = b^M where M = j(u_1), Q = b P = b^{M+1}.  t is 2-valued on each block, with
t = 0 exactly on [b^K, 2 b^K] for every K.
(D_2,D_3) = (0,0): u_1,u_2,u_3 all in block M, where t takes only the two values 0 and h_M;
   a strictly monotone triple needs three distinct values.  IMPOSSIBLE.
(D_2,D_3) = (0,1): u_1,u_2 in block M, u_3 in block M+1.
   u_3 = 2u_2 - u_1 <= 2(bP - 1) - P = (2b-1)P - 2 < 2bP = 2 b^{M+1},  so t(u_3) = 0.
   increasing needs 0 <= t_1 < t_2 <= t_3 = 0.  IMPOSSIBLE.
   decreasing needs t_2 > t_3 + D_3 = 1 and t_1 > t_2 + D_2 = t_2; t_1 > t_2 with
   t_1,t_2 in {0,h_M} forces t_2 = 0, contradicting t_2 > 1.  IMPOSSIBLE.
(D_2,D_3) = (1,0): u_1 in block M, u_2,u_3 in block M+1.
   u_2 = (u_1+u_3)/2 < (bP + 3u_1)/2 < (bP + 3bP)/2 = 2bP,  so t(u_2) = 0.
   increasing needs t_1 <= t_2 = 0, i.e. t_1 = 0, i.e. u_1 <= 2P; and t_3 > t_2 = 0, i.e.
   u_3 > 2bP.  But u_3 < 3u_1 <= 6P <= 2bP for b >= 3.  IMPOSSIBLE.
   decreasing needs t_2 > t_3 + D_3 = t_3 >= 0, i.e. 0 > 0.  IMPOSSIBLE.
Step 1 of the AP is never used: the last three terms already make every case impossible.

cross-check: three (ii) implementations agree on W3 at N=1500, b=3,4,7

b= 3 h=2      N=40000: (ii)viol=0  APs(q<=16) with NO c-descent: 0/136  t-const APs: 0  |F_m|/b^m in [1.11,2.00]  min-max AP displacement: 2.5-2.5
b= 3 h=M+2    N=40000: (ii)viol=0  APs(q<=16) with NO c-descent: 0/136  t-const APs: 0  |F_m|/b^m in [1.00,2.00]  min-max AP displacement: 154.2-181.4
b= 3 h=2^M+2  N=40000: (ii)viol=0  APs(q<=16) with NO c-descent: 0/136  t-const APs: 0  |F_m|/b^m in [1.00,2.00]  min-max AP displacement: 369.8-537.2
b= 4 h=2      N=40000: (ii)viol=0  APs(q<=16) with NO c-descent: 0/136  t-const APs: 0  |F_m|/b^m in [1.12,2.00]  min-max AP displacement: 3.0-3.0
b= 4 h=M+2    N=40000: (ii)viol=0  APs(q<=16) with NO c-descent: 0/136  t-const APs: 0  |F_m|/b^m in [1.00,2.00]  min-max AP displacement: 142.3-169.7
b= 4 h=2^M+2  N=40000: (ii)viol=0  APs(q<=16) with NO c-descent: 0/136  t-const APs: 0  |F_m|/b^m in [1.00,2.00]  min-max AP displacement: 365.0-662.5
b= 5 h=2      N=40000: (ii)viol=0  APs(q<=16) with NO c-descent: 0/136  t-const APs: 0  |F_m|/b^m in [1.12,2.00]  min-max AP displacement: 3.5-3.5
b= 5 h=M+2    N=40000: (ii)viol=0  APs(q<=16) with NO c-descent: 0/136  t-const APs: 0  |F_m|/b^m in [1.00,2.00]  min-max AP displacement: 72.0-78.2
b= 5 h=2^M+2  N=40000: (ii)viol=0  APs(q<=16) with NO c-descent: 0/136  t-const APs: 0  |F_m|/b^m in [1.00,2.00]  min-max AP displacement: 245.0-383.4
b= 7 h=2      N=40000: (ii)viol=0  APs(q<=16) with NO c-descent: 0/136  t-const APs: 0  |F_m|/b^m in [1.10,2.00]  min-max AP displacement: 4.5-4.5
b= 7 h=M+2    N=40000: (ii)viol=0  APs(q<=16) with NO c-descent: 0/136  t-const APs: 0  |F_m|/b^m in [1.00,2.00]  min-max AP displacement: 153.8-198.5
b= 7 h=2^M+2  N=40000: (ii)viol=0  APs(q<=16) with NO c-descent: 0/136  t-const APs: 0  |F_m|/b^m in [1.00,2.00]  min-max AP displacement: 153.8-198.5
b=10 h=2      N=40000: (ii)viol=0  APs(q<=16) with NO c-descent: 0/136  t-const APs: 0  |F_m|/b^m in [1.08,2.00]  min-max AP displacement: 5.9-6.0
b=10 h=M+2    N=40000: (ii)viol=0  APs(q<=16) with NO c-descent: 0/136  t-const APs: 0  |F_m|/b^m in [1.00,2.00]  min-max AP displacement: 49.9-55.7
b=10 h=2^M+2  N=40000: (ii)viol=0  APs(q<=16) with NO c-descent: 0/136  t-const APs: 0  |F_m|/b^m in [1.01,2.00]  min-max AP displacement: 232.0-529.7
