  level0 + contig base-3 blocks N=  61 (413 APs): SAT
  level0 + contig base-3 blocks N=  62 (427 APs): SAT
  level0 + contig base-3 blocks N=  63 (441 APs): SAT
  level0 + contig base-3 blocks N=  64 (455 APs): SAT
  level0 + contig base-3 blocks N=  65 (469 APs): SAT
  level0 + contig base-3 blocks N=  66 (483 APs): SAT
  level0 + contig base-3 blocks N=  67 (498 APs): SAT
  level0 + contig base-3 blocks N=  68 (513 APs): SAT
  level0 + contig base-3 blocks N=  69 (528 APs): SAT
  level0 + contig base-3 blocks N=  70 (544 APs): SAT
  level0 + contig base-3 blocks N=  71 (560 APs): SAT
  level0 + contig base-3 blocks N=  72 (576 APs): SAT
  level0 + contig base-3 blocks N=  73 (592 APs): SAT
  level0 + contig base-3 blocks N=  74 (608 APs): SAT
  level0 + contig base-3 blocks N=  75 (624 APs): SAT
  level0 + contig base-3 blocks N=  76 (641 APs): SAT
  level0 + contig base-3 blocks N=  77 (658 APs): SAT
  level0 + contig base-3 blocks N=  78 (675 APs): SAT
  level0 + contig base-3 blocks N=  79 (693 APs): SAT
  level0 + contig base-3 blocks N=  80 (711 APs): SAT
     model: [2, 1, 8, 7, 5, 6, 4, 3, 20, 25, 19, 23, 24, 17, 21, 26, 18, 22, 14, 16, 13, 15, 11, 12, 10, 9, 53, 52, 50, 58, 72, 56, 54, 67, 64, 65, 49, 57, 70, 71, 60, 76, 74, 73, 51, 55, 69, 66, 68, 61, 78, 77, 63, 80, 79, 38, 37, 41, 35, 39, 46, 45, 59, 75, 36, 40, 47, 48, 62, 43, 44, 42, 32, 34, 31, 33, 29, 30, 28, 27]
  level0 + contig base-3 blocks N=  81 (729 APs): SAT
     model: [2, 1, 8, 7, 5, 6, 4, 3, 20, 25, 19, 23, 24, 17, 21, 26, 18, 22, 14, 16, 13, 15, 11, 12, 10, 9, 53, 52, 63, 50, 58, 54, 65, 79, 64, 80, 72, 49, 60, 76, 74, 51, 56, 57, 55, 68, 66, 70, 71, 69, 67, 61, 78, 77, 38, 35, 39, 46, 59, 73, 75, 37, 36, 44, 41, 45, 40, 47, 48, 62, 43, 42, 32, 34, 31, 33, 29, 30, 28, 27, 81]
  level0 + contig base-3 blocks N=  82 (747 APs): SAT
  level0 + contig base-3 blocks N=  83 (765 APs): SAT
  level0 + contig base-3 blocks N=  84 (783 APs): SAT
  level0 + contig base-3 blocks N=  85 (802 APs): SAT
  level0 + contig base-3 blocks N=  86 (821 APs): SAT
  level0 + contig base-3 blocks N=  87 (840 APs): SAT
  level0 + contig base-3 blocks N=  88 (860 APs): SAT
  level0 + contig base-3 blocks N=  89 (880 APs): SAT
  level0 + contig base-3 blocks N=  90 (900 APs): SAT
  level0 + contig base-3 blocks N=  91 (920 APs): SAT
  level0 + contig base-3 blocks N=  92 (940 APs): SAT
  level0 + contig base-3 blocks N=  93 (960 APs): SAT
  level0 + contig base-3 blocks N=  94 (981 APs): SAT
  level0 + contig base-3 blocks N=  95 (1002 APs): SAT
  level0 + contig base-3 blocks N=  96 (1023 APs): SAT
  level0 + contig base-3 blocks N=  97 (1045 APs): SAT
  level0 + contig base-3 blocks N=  98 (1067 APs): SAT
  level0 + contig base-3 blocks N=  99 (1089 APs): SAT
  level0 + contig base-3 blocks N= 100 (1111 APs): SAT
     model: [1, 2, 4, 5, 3, 7, 8, 6, 21, 25, 24, 22, 14, 10, 26, 18, 16, 20, 23, 15, 19, 11, 13, 9, 17, 12, 53, 59, 55, 54, 60, 73, 63, 62, 61, 57, 56, 76, 75, 79, 68, 77, 66, 74, 64, 80, 78, 70, 65, 37, 58, 69, 40, 71, 67, 38, 39, 72, 47, 43, 42, 48, 50, 34, 41, 46, 44, 30, 49, 33, 28, 29, 27, 45, 51, 52, 35, 36, 31, 32, 90, 92, 93, 96, 98, 99, 85, 100, 86, 91, 95, 82, 94, 81, 88, 97, 84, 87, 83, 89]
  level0 + contig base-3 blocks N= 101 (1133 APs): SAT
  level0 + contig base-3 blocks N= 102 (1155 APs): SAT
  level0 + contig base-3 blocks N= 103 (1178 APs): SAT
  level0 + contig base-3 blocks N= 104 (1201 APs): SAT
  level0 + contig base-3 blocks N= 105 (1224 APs): SAT
  level0 + contig base-3 blocks N= 106 (1248 APs): SAT
  level0 + contig base-3 blocks N= 107 (1272 APs): SAT
  level0 + contig base-3 blocks N= 108 (1296 APs): SAT
  level0 + contig base-3 blocks N= 109 (1320 APs): SAT
  level0 + contig base-3 blocks N= 110 (1344 APs): SAT
  level0 + contig base-3 blocks N= 111 (1368 APs): SAT
  level0 + contig base-3 blocks N= 112 (1393 APs): SAT
  level0 + contig base-3 blocks N= 113 (1418 APs): SAT
  level0 + contig base-3 blocks N= 114 (1443 APs): SAT
  level0 + contig base-3 blocks N= 115 (1469 APs): SAT
  level0 + contig base-3 blocks N= 116 (1495 APs): SAT
  level0 + contig base-3 blocks N= 117 (1521 APs): SAT
  level0 + contig base-3 blocks N= 118 (1547 APs): SAT
  level0 + contig base-3 blocks N= 119 (1573 APs): SAT
  level0 + contig base-3 blocks N= 120 (1599 APs): SAT
     model: [1, 2, 4, 5, 3, 7, 8, 6, 21, 25, 24, 22, 14, 10, 26, 18, 16, 20, 23, 15, 19, 11, 13, 9, 17, 12, 53, 59, 55, 54, 60, 73, 63, 62, 61, 56, 58, 57, 74, 76, 75, 79, 77, 66, 64, 80, 78, 70, 65, 72, 68, 69, 71, 37, 67, 38, 40, 39, 47, 43, 48, 50, 34, 41, 44, 30, 42, 46, 49, 33, 28, 27, 45, 51, 52, 35, 36, 31, 29, 32, 101, 104, 107, 112, 108, 110, 105, 91, 118, 119, 99, 113, 111, 106, 115, 114, 95, 109, 93, 92, 117, 120, 98, 100, 102, 86, 116, 96, 82, 90, 85, 88, 103, 89, 94, 81, 87, 97, 83, 84]
  level0 + contig base-3 blocks N= 121 (1626 APs): SAT
  level0 + contig base-3 blocks N= 122 (1653 APs): SAT
  level0 + contig base-3 blocks N= 123 (1680 APs): SAT
  level0 + contig base-3 blocks N= 124 (1708 APs): SAT
  level0 + contig base-3 blocks N= 125 (1736 APs): SAT
  level0 + contig base-3 blocks N= 126 (1764 APs): SAT
  level0 + contig base-3 blocks N= 127 (1792 APs): SAT
  level0 + contig base-3 blocks N= 128 (1820 APs): SAT
  level0 + contig base-3 blocks N= 129 (1848 APs): SAT
  level0 + contig base-3 blocks N= 130 (1877 APs): SAT
  => still SAT at N=130
