N=150 T=78  L=4658179125600
  endgame c=0: 200704 distinct sums
  endgame c=1: 0 distinct sums
  endgame c=2: 200704 distinct sums
SOL 3 4 13 14 15 25 26 55 56 77 78 90 91 99 100 104 105
SOL 3 4 15 16 20 21 28 29 55 56 65 66 90 91 116 117 144 145
SOL 3 4 20 21 22 25 26 27 44 45 54 55 65 66 77 78 99 100
SOL 4 5 9 10 11 21 22 25 26 65 66 77 78 99 100
SOL 4 5 9 10 18 19 35 36 44 45 55 56 57 65 66 76 77 104 105
SOL 4 5 10 11 12 18 19 35 36 56 57 65 66 76 77 104 105
SOL 4 5 10 11 22 23 32 33 44 45 56 57 69 70 76 77 78 90 91 95 96 114 115
SOL 4 5 13 14 15 19 20 25 26 55 56 57 76 77 78 90 91 99 100 104 105
SOL 4 5 13 14 21 22 24 25 26 35 36 44 45 77 78 90 91 99 100 104 105
SOL 4 5 14 15 16 25 26 29 30 35 36 55 56 65 66 90 91 99 100 116 117 143 144 145
SOL 4 5 15 16 22 23 24 29 30 35 36 44 45 65 66 69 70 90 91 115 116 117 144 145
SOL 4 5 15 16 25 26 27 28 35 36 44 45 54 55 65 66 77 78 90 91 99 100 104 105 143 144
SOL 4 5 15 16 29 30 32 33 35 36 38 39 40 55 56 57 65 66 95 96 116 117 132 133 143 144 145
SOL 4 5 16 17 21 22 23 29 30 33 34 44 45 55 56 69 70 84 85 115 116 144 145
SOL 4 5 16 17 22 23 26 27 29 30 65 66 68 69 77 78 90 91 104 105 115 116 119 120 135 136 143 144 145
SOL 4 5 16 17 22 23 28 29 30 34 35 44 45 65 66 69 70 84 85 104 105 115 116 144 145
SOL 4 5 16 17 24 25 28 29 30 33 34 35 36 65 66 84 85 90 91 99 100 116 117 144 145
SOL 4 5 16 17 26 27 28 29 35 36 44 45 51 52 65 66 84 85 104 105 116 117 119 120 135 136 143 144 145
SOL 4 5 17 18 19 21 22 24 25 34 35 44 45 56 57 76 77 84 85 99 100
SOL 4 5 17 18 19 26 27 35 36 39 40 44 45 51 52 56 57 76 77 84 85 119 120 135 136
SOL 4 5 17 18 21 22 24 25 27 28 34 35 54 55 65 66 84 85 99 100 104 105
SOL 5 6 7 11 12 16 17 33 34 35 36 84 85 90 91 104 105 143 144
SOL 5 6 7 15 16 21 22 23 28 29 44 45 65 66 69 70 104 105 115 116 144 145
SOL 5 6 7 15 16 22 23 29 30 39 40 65 66 69 70 77 78 90 91 115 116 117 143 144 145
SOL 5 6 7 16 17 18 29 30 34 35 39 40 44 45 65 66 84 85 116 117 143 144 145
SOL 5 6 7 16 17 20 21 28 29 34 35 55 56 65 66 84 85 90 91 116 117 144 145
SOL 5 6 7 16 17 25 26 27 28 44 45 51 52 77 78 84 85 99 100 104 105 119 120 135 136 143 144
SOL 5 6 8 9 10 14 15 27 28 54 55 65 66 104 105
SOL 5 6 8 9 14 15 24 25 27 28 54 55 77 78 90 91 99 100
SOL 5 6 8 9 16 17 33 34 35 36 44 45 55 56 84 85 90 91 104 105 143 144
SOL 5 6 9 10 11 12 21 22 25 26 65 66 77 78 99 100
SOL 5 6 9 10 14 15 19 20 24 25 55 56 57 76 77 99 100
SOL 5 6 9 10 15 16 25 26 29 30 55 56 65 66 90 91 99 100 116 117 143 144 145
SOL 5 6 9 10 16 17 26 27 33 34 35 44 45 54 55 56 84 85 143 144
SOL 5 6 9 10 18 19 20 21 24 25 55 56 57 76 77 78 90 91 99 100
SOL 5 6 9 10 21 22 25 26 27 28 39 40 54 55 56 65 66 90 91 99 100
SOL 5 6 10 11 12 22 23 32 33 44 45 56 57 69 70 76 77 78 90 91 95 96 114 115
SOL 5 6 10 11 14 15 16 24 25 39 40 65 66 77 78 99 100 104 105 143 144
SOL 5 6 10 11 14 15 18 19 20 56 57 65 66 76 77 78 90 91 104 105
SOL 5 6 10 11 14 15 21 22 25 26 35 36 65 66 77 78 99 100
SOL 5 6 10 11 20 21 24 25 26 35 36 39 40 44 45 65 66 90 91 99 100
SOL 5 6 11 12 15 16 20 21 32 33 38 39 44 45 76 77 78 95 96 143 144
SOL 5 6 11 12 15 16 21 22 26 27 44 45 54 55 56 77 78 90 91 143 144
SOL 5 6 11 12 17 18 19 27 28 50 51 56 57 65 66 75 76 77 84 85 104 105 119 120 135 136
SOL 5 6 11 12 19 20 21 22 25 26 39 40 56 57 65 66 76 77 90 91 99 100
SOL 5 6 12 13 14 15 19 20 25 26 55 56 57 76 77 78 90 91 99 100 104 105
SOL 5 6 12 13 14 21 22 24 25 26 35 36 44 45 77 78 90 91 99 100 104 105
SOL 5 6 12 13 16 17 29 30 34 35 36 39 40 44 45 77 78 84 85 90 91 116 117 144 145
