N=82 T=50  L=109530094869795600
  endgame c=0: 7320738 distinct sums
  endgame c=1: 5519264 distinct sums
  endgame c=2: 9699712 distinct sums
done N=82 nodes=3931548 solutions=0
N=84 T=50  L=109530094869795600
  endgame c=0: 2382046 distinct sums
  endgame c=1: 1804610 distinct sums
  endgame c=2: 3137218 distinct sums
done N=84 nodes=7795850 solutions=0
N=86 T=50  L=4709794079401210800
  endgame c=0: 7316664 distinct sums
  endgame c=1: 5524288 distinct sums
  endgame c=2: 9694640 distinct sums
SOL 5 6 14 15 17 18 20 21 22 27 28 33 34 44 45 54 55 84 85
SOL 6 7 8 14 15 17 18 26 27 34 35 44 45 54 55 56 65 66 77 78 84 85
SOL 7 8 9 10 14 15 17 18 19 34 35 36 44 45 56 57 76 77 84 85
(solution cap reached)
N=88 T=50  L=4709794079401210800
  endgame c=0: 7127280 distinct sums
  endgame c=1: 5371716 distinct sums
  endgame c=2: 9426636 distinct sums
SOL 5 6 14 15 17 18 20 21 22 27 28 33 34 44 45 54 55 84 85
SOL 6 7 8 14 15 17 18 26 27 34 35 44 45 54 55 56 65 66 77 78 84 85
SOL 7 8 9 10 14 15 17 18 19 34 35 36 44 45 56 57 76 77 84 85
(solution cap reached)
