=== (A) envelope: for each run count r, the max capacity attained ===
   r  maxcap  cap-r   (T,N,|U|)
    6      6      0   (T=4,N=210,|U|=13)  runs=[3, 2, 2, 2, 2, 2]
    7      8      1   (T=5,N=100,|U|=16)  runs=[4, 2, 2, 2, 2, 2]
    8     11      3   (T=7,N=105,|U|=23)  runs=[4, 4, 4, 3, 2, 2]
    9     13      4   (T=10,N=144,|U|=28)  runs=[6, 4, 4, 3, 3, 2]
   10     16      6   (T=12,N=145,|U|=32)  runs=[8, 6, 4, 2, 2, 2]
   11     18      7   (T=15,N=145,|U|=37)  runs=[10, 4, 4, 4, 3, 2]
   12     18      6   (T=13,N=145,|U|=38)  runs=[6, 4, 4, 4, 4, 3]
   13     19      6   (T=13,N=153,|U|=40)  runs=[9, 4, 4, 4, 3, 2]
   14     20      6   (T=12,N=153,|U|=41)  runs=[8, 4, 4, 4, 3, 2]
   15     21      6   (T=15,N=153,|U|=43)  runs=[10, 4, 4, 3, 2, 2]
   16     23      7   (T=20,N=176,|U|=49)  runs=[11, 4, 4, 4, 3, 3]
   17     23      6   (T=15,N=154,|U|=49)  runs=[8, 4, 4, 4, 3, 3]
   18     26      8   (T=22,N=217,|U|=59)  runs=[15, 4, 4, 3, 3, 3]
   19     29     10   (T=22,N=217,|U|=62)  runs=[15, 4, 4, 4, 4, 3]
   20     29      9   (T=22,N=217,|U|=60)  runs=[14, 4, 4, 4, 3, 3]
   21     30      9   (T=22,N=217,|U|=62)  runs=[12, 4, 4, 4, 4, 3]
   22     30      8   (T=22,N=217,|U|=65)  runs=[10, 4, 4, 4, 4, 3]
   23     31      8   (T=22,N=217,|U|=65)  runs=[12, 4, 4, 4, 3, 3]
   24     32      8   (T=22,N=217,|U|=64)  runs=[10, 4, 4, 4, 4, 2]
   25     33      8   (T=24,N=235,|U|=70)  runs=[13, 4, 4, 4, 3, 3]
   26     35      9   (T=30,N=300,|U|=79)  runs=[13, 5, 5, 4, 4, 3]
   27     35      8   (T=30,N=297,|U|=78)  runs=[13, 5, 5, 4, 3, 3]
   28     35      7   (T=24,N=235,|U|=74)  runs=[13, 4, 4, 3, 3, 3]
   29     35      6   (T=24,N=235,|U|=75)  runs=[13, 4, 3, 3, 3, 3]
   30     38      8   (T=30,N=300,|U|=82)  runs=[13, 5, 5, 4, 3, 3]
   31     36      5   (T=30,N=248,|U|=80)  runs=[7, 5, 5, 4, 3, 3]
   32     42     10   (T=40,N=320,|U|=100)  runs=[7, 7, 5, 5, 5, 5]
   33     42      9   (T=40,N=320,|U|=97)  runs=[7, 7, 5, 5, 5, 5]
   34     44     10   (T=40,N=320,|U|=102)  runs=[7, 7, 5, 5, 5, 5]
   35     45     10   (T=40,N=320,|U|=103)  runs=[7, 7, 5, 5, 5, 5]
   36     45      9   (T=40,N=320,|U|=102)  runs=[7, 7, 5, 5, 5, 5]
   37     45      8   (T=40,N=320,|U|=103)  runs=[7, 7, 5, 5, 5, 4]
   38     43      5   (T=36,N=300,|U|=95)  runs=[7, 5, 5, 4, 3, 3]
   39     48      9   (T=45,N=352,|U|=110)  runs=[8, 7, 5, 5, 5, 4]
   40     51     11   (T=45,N=345,|U|=113)  runs=[8, 7, 5, 5, 5, 5]
   41     50      9   (T=45,N=351,|U|=114)  runs=[8, 7, 5, 5, 5, 4]
   42     50      8   (T=45,N=330,|U|=112)  runs=[8, 7, 5, 5, 4, 3]
   48     57      9   (T=50,N=369,|U|=132)  runs=[7, 5, 5, 5, 5, 4]

=== (B) local moves: (delta r, delta cap) achieved by small swaps ===
   (dr, dcap) : count
     (-3, -1)   : 3
     (-3, 0)    : 4
     (-2, -2)   : 6
     (-2, -1)   : 61
     (-2, 0)    : 69
     (-2, 1)    : 21
     (-2, 2)    : 2
     (-1, -3)   : 2
     (-1, -2)   : 64
     (-1, -1)   : 520
     (-1, 0)    : 821
     (-1, 1)    : 341
     (-1, 2)    : 40
     (-1, 3)    : 1
     (0, -3)    : 7
     (0, -2)    : 186
     (0, -1)    : 1726
     (0, 0)     : 3528
     (0, 1)     : 1726
     (0, 2)     : 186
     (0, 3)     : 7
     (1, -3)    : 1
     (1, -2)    : 40
     (1, -1)    : 341
     (1, 0)     : 821
     (1, 1)     : 520
     (1, 2)     : 64
     (1, 3)     : 2
     (2, -2)    : 2
     (2, -1)    : 21
     (2, 0)     : 69
     (2, 1)     : 61
     (2, 2)     : 6
     (3, 0)     : 4
     (3, 1)     : 3

   witnesses for the capacity-positive, run-count-nonincreasing moves:
     dr=-2 dcap=+1 :  remove (21, 30, 70)  insert (24, 28, 56)
        host U = (9, 10, 15, 16, 21, 22, 23, 25, 26, 27, 29, 30, 33, 34, 35, 36, 44, 45, 54, 55, 68, 69, 70, 84, 85, 99, 100, 115, 116, 119, 120, 143, 144, 145)
        gives V = (9, 10, 15, 16, 22, 23, 24, 25, 26, 27, 28, 29, 33, 34, 35, 36, 44, 45, 54, 55, 56, 68, 69, 84, 85, 99, 100, 115, 116, 119, 120, 143, 144, 145)
     dr=-2 dcap=+2 :  remove (13, 143)  insert (22, 26)
        host U = (11, 12, 13, 15, 16, 17, 18, 20, 21, 23, 24, 25, 27, 28, 29, 65, 66, 68, 69, 77, 78, 99, 100, 115, 116, 119, 120, 135, 136, 143, 144, 145)
        gives V = (11, 12, 15, 16, 17, 18, 20, 21, 22, 23, 24, 25, 26, 27, 28, 29, 65, 66, 68, 69, 77, 78, 99, 100, 115, 116, 119, 120, 135, 136, 144, 145)
     dr=-1 dcap=+1 :  remove (20, 21)  insert (28, 35, 50, 75)
        host U = (5, 6, 20, 21, 24, 25, 26, 27, 32, 33, 34, 38, 39, 44, 45, 51, 52, 54, 55, 76, 77, 78, 90, 91, 95, 96, 99, 100, 153, 154)
        gives V = (5, 6, 24, 25, 26, 27, 28, 32, 33, 34, 35, 38, 39, 44, 45, 50, 51, 52, 54, 55, 75, 76, 77, 78, 90, 91, 95, 96, 99, 100, 153, 154)
     dr=-1 dcap=+2 :  remove (8, 70)  insert (20, 21, 24)
        host U = (6, 7, 8, 17, 18, 19, 22, 23, 33, 34, 38, 39, 40, 51, 52, 68, 69, 70, 90, 91, 104, 105, 114, 115, 119, 120, 132, 133)
        gives V = (6, 7, 17, 18, 19, 20, 21, 22, 23, 24, 33, 34, 38, 39, 40, 51, 52, 68, 69, 90, 91, 104, 105, 114, 115, 119, 120, 132, 133)
     dr=-1 dcap=+3 :  remove (13,)  insert (27, 54, 78, 117)
        host U = (11, 12, 13, 15, 16, 22, 23, 24, 25, 26, 28, 29, 32, 33, 34, 55, 56, 57, 68, 69, 76, 77, 84, 85, 95, 96, 99, 100, 104, 105, 114, 115, 116, 119, 120, 144, 145)
        gives V = (11, 12, 15, 16, 22, 23, 24, 25, 26, 27, 28, 29, 32, 33, 34, 54, 55, 56, 57, 68, 69, 76, 77, 78, 84, 85, 95, 96, 99, 100, 104, 105, 114, 115, 116, 117, 119, 120, 144, 145)
     dr=+0 dcap=+1 :  remove (30, 35)  insert (21, 70)
        host U = (5, 6, 15, 16, 22, 23, 24, 28, 29, 30, 33, 34, 35, 44, 45, 55, 56, 68, 69, 84, 85, 115, 116, 119, 120, 144, 145)
        gives V = (5, 6, 15, 16, 21, 22, 23, 24, 28, 29, 33, 34, 44, 45, 55, 56, 68, 69, 70, 84, 85, 115, 116, 119, 120, 144, 145)
     dr=+0 dcap=+2 :  remove (8, 40)  insert (15, 18, 36)
        host U = (6, 7, 8, 16, 17, 22, 23, 33, 34, 35, 38, 39, 40, 45, 46, 55, 56, 76, 77, 78, 84, 85, 95, 96, 143, 144, 160, 161)
        gives V = (6, 7, 15, 16, 17, 18, 22, 23, 33, 34, 35, 36, 38, 39, 45, 46, 55, 56, 76, 77, 78, 84, 85, 95, 96, 143, 144, 160, 161)
     dr=+0 dcap=+3 :  remove (9,)  insert (18, 27, 54)
        host U = (7, 8, 9, 12, 13, 14, 19, 20, 21, 24, 25, 26, 55, 56, 57, 76, 77, 99, 100, 104, 105)
        gives V = (7, 8, 12, 13, 14, 18, 19, 20, 21, 24, 25, 26, 27, 54, 55, 56, 57, 76, 77, 99, 100, 104, 105)

=== (C) long runs ===
   run length histogram: {2: 312472, 3: 94379, 4: 25382, 5: 7581, 6: 2133, 7: 1063, 8: 549, 9: 213, 10: 229, 11: 156, 12: 37, 13: 314, 14: 29, 15: 26}
   L=15 : 26 occurrences, distinct intervals [(16, 30), (22, 36)]
        [16,30] : primes inside = [17, 19, 23, 29] ; position a/N ~ -
        [22,36] : primes inside = [23, 29, 31] ; position a/N ~ -
   L=14 : 29 occurrences, distinct intervals [(16, 29), (22, 35)]
        [16,29] : primes inside = [17, 19, 23, 29] ; position a/N ~ -
        [22,35] : primes inside = [23, 29, 31] ; position a/N ~ -
   L=13 : 314 occurrences, distinct intervals [(15, 27), (22, 34), (24, 36), (30, 42)]
        [15,27] : primes inside = [17, 19, 23] ; position a/N ~ -
        [22,34] : primes inside = [23, 29, 31] ; position a/N ~ -
        [24,36] : primes inside = [29, 31] ; position a/N ~ -
        [30,42] : primes inside = [31, 37, 41] ; position a/N ~ -
   L=12 : 37 occurrences, distinct intervals [(13, 24), (15, 26), (17, 28), (18, 29), (19, 30), (22, 33)]
        [13,24] : primes inside = [13, 17, 19, 23] ; position a/N ~ -
        [15,26] : primes inside = [17, 19, 23] ; position a/N ~ -
        [17,28] : primes inside = [17, 19, 23] ; position a/N ~ -
        [18,29] : primes inside = [19, 23, 29] ; position a/N ~ -
   L=11 : 156 occurrences, distinct intervals [(12, 22), (13, 23), (14, 24), (15, 25), (16, 26), (17, 27), (18, 28), (19, 29), (20, 30), (22, 32)]
        [12,22] : primes inside = [13, 17, 19] ; position a/N ~ -
        [13,23] : primes inside = [13, 17, 19, 23] ; position a/N ~ -
        [14,24] : primes inside = [17, 19, 23] ; position a/N ~ -
        [15,25] : primes inside = [17, 19, 23] ; position a/N ~ -
   L=10 : 229 occurrences, distinct intervals [(14, 23), (15, 24), (16, 25), (17, 26), (18, 27), (19, 28), (20, 29), (21, 30), (22, 31)]
        [14,23] : primes inside = [17, 19, 23] ; position a/N ~ -
        [15,24] : primes inside = [17, 19, 23] ; position a/N ~ -
        [16,25] : primes inside = [17, 19, 23] ; position a/N ~ -
        [17,26] : primes inside = [17, 19, 23] ; position a/N ~ -
