=== harmonic centroid  n* := 1 / sum_{n in U} 1/n^2   (since sum 1/n = 1) ===
    and the doubling deficit  delta(U) = sum 1/(2n(2n+1))
  T=  3 N=100 |U|= 18  n* =    5.331  (n*/T = 1.777)   delta = 0.0411239  1/(delta*T) = 8.106
  T=  4 N=100 |U|= 15  n* =    7.066  (n*/T = 1.766)   delta = 0.0323234  1/(delta*T) = 7.734
  T=  5 N= 85 |U|= 19  n* =   10.299  (n*/T = 2.060)   delta = 0.0226431  1/(delta*T) = 8.833
  T=  6 N= 85 |U|= 22  n* =   11.426  (n*/T = 1.904)   delta = 0.0206241  1/(delta*T) = 8.081
  T=  7 N= 85 |U|= 20  n* =   12.202  (n*/T = 1.743)   delta = 0.0194801  1/(delta*T) = 7.333
  T=  8 N=100 |U|= 25  n* =   14.815  (n*/T = 1.852)   delta = 0.0161585  1/(delta*T) = 7.736
  T=  9 N= 91 |U|= 25  n* =   16.608  (n*/T = 1.845)   delta = 0.0144984  1/(delta*T) = 7.664
  T= 10 N= 96 |U|= 29  n* =   19.031  (n*/T = 1.903)   delta = 0.0127014  1/(delta*T) = 7.873
  T= 11 N=105 |U|= 30  n* =   20.493  (n*/T = 1.863)   delta = 0.0118383  1/(delta*T) = 7.679
  T= 12 N=105 |U|= 30  n* =   20.872  (n*/T = 1.739)   delta = 0.0116388  1/(delta*T) = 7.160
  T= 13 N=133 |U|= 35  n* =   23.857  (n*/T = 1.835)   delta = 0.0102107  1/(delta*T) = 7.534
  T= 14 N=133 |U|= 36  n* =   25.785  (n*/T = 1.842)   delta = 0.0094704  1/(delta*T) = 7.542
  T= 15 N=144 |U|= 39  n* =   26.625  (n*/T = 1.775)   delta = 0.0091773  1/(delta*T) = 7.264
  T= 16 N=144 |U|= 44  n* =   30.065  (n*/T = 1.879)   delta = 0.0081434  1/(delta*T) = 7.675
  T= 17 N=136 |U|= 45  n* =   32.488  (n*/T = 1.911)   delta = 0.0075497  1/(delta*T) = 7.792
  T= 18 N=161 |U|= 45  n* =   32.398  (n*/T = 1.800)   delta = 0.0075746  1/(delta*T) = 7.334
  T= 20 N=176 |U|= 48  n* =   34.670  (n*/T = 1.733)   delta = 0.0070873  1/(delta*T) = 7.055
  T= 22 N=217 |U|= 55  n* =   37.980  (n*/T = 1.726)   delta = 0.0064793  1/(delta*T) = 7.015
  T= 24 N=217 |U|= 62  n* =   42.693  (n*/T = 1.779)   delta = 0.0057724  1/(delta*T) = 7.218
  T= 26 N=247 |U|= 70  n* =   46.194  (n*/T = 1.777)   delta = 0.0053405  1/(delta*T) = 7.202
  T= 28 N=276 |U|= 72  n* =   49.144  (n*/T = 1.755)   delta = 0.0050252  1/(delta*T) = 7.107
  T= 30 N=247 |U|= 78  n* =   54.841  (n*/T = 1.828)   delta = 0.0045076  1/(delta*T) = 7.395
  T= 34 N=286 |U|= 90  n* =   63.788  (n*/T = 1.876)   delta = 0.0038815  1/(delta*T) = 7.577
  T= 36 N=297 |U|= 89  n* =   65.142  (n*/T = 1.810)   delta = 0.0038024  1/(delta*T) = 7.305
  T= 40 N=300 |U|=105  n* =   76.053  (n*/T = 1.901)   delta = 0.0032606  1/(delta*T) = 7.667
  T= 45 N=330 |U|=112  n* =   81.733  (n*/T = 1.816)   delta = 0.0030361  1/(delta*T) = 7.319
  T= 50 N=369 |U|=132  n* =   97.286  (n*/T = 1.946)   delta = 0.0025534  1/(delta*T) = 7.833

=== minimal symmetric differences among far-out solutions (min U >= 20) ===
    far-out pool: 838  pairs: 350703
    pairs with |X|+|Y| <= 10 : 210
      X=(38,)                              -> Y=(57, 114)                           sum=1/38   d(r)=+0 d(cap)=+2
      X=(30,)                              -> Y=(50, 75)                            sum=1/30   d(r)=+0 d(cap)=+0
      X=(36,)                              -> Y=(52, 117)                           sum=1/36   d(r)=+0 d(cap)=-1
      X=(32,)                              -> Y=(40, 160)                           sum=1/32   d(r)=+1 d(cap)=+0
      X=(114,)                             -> Y=(190, 285)                          sum=1/114   d(r)=+0 d(cap)=+2
      X=(88,)                              -> Y=(152, 209)                          sum=1/88   d(r)=+0 d(cap)=+1
      X=(33,)                              -> Y=(78, 91, 154)                       sum=1/33   d(r)=+1 d(cap)=+0
      X=(33, 209)                          -> Y=(38, 114)                           sum=2/57   d(r)=+1 d(cap)=+0
      X=(35, 210)                          -> Y=(50, 75)                            sum=1/30   d(r)=-1 d(cap)=-2
      X=(35,)                              -> Y=(78, 91, 210)                       sum=1/35   d(r)=+0 d(cap)=+0
      X=(33, 210)                          -> Y=(35, 154)                           sum=27/770   d(r)=+1 d(cap)=-1
      X=(44, 220)                          -> Y=(70, 77)                            sum=3/110   d(r)=+0 d(cap)=+0
      X=(54, 189)                          -> Y=(78, 91)                            sum=1/42   d(r)=+0 d(cap)=+1
      X=(33, 114, 209)                     -> Y=(38, 57)                            sum=5/114   d(r)=+1 d(cap)=-2
      X=(33, 154)                          -> Y=(77, 78, 91)                        sum=17/462   d(r)=+1 d(cap)=+0
      X=(35, 68)                           -> Y=(51, 84, 85)                        sum=103/2380   d(r)=+1 d(cap)=+1
      X=(44, 154)                          -> Y=(56, 152, 209)                      sum=9/308   d(r)=+0 d(cap)=+0
      X=(40, 154, 220)                     -> Y=(55, 56)                            sum=111/3080   d(r)=+1 d(cap)=+1
      X=(56, 152)                          -> Y=(76, 154, 209)                      sum=13/532   d(r)=+0 d(cap)=+0
      X=(56, 116)                          -> Y=(58, 203, 232)                      sum=43/1624   d(r)=+0 d(cap)=+0
      X=(33, 44)                           -> Y=(38, 76, 114, 209)                  sum=7/132   d(r)=+1 d(cap)=+0
      X=(57, 132, 133)                     -> Y=(76, 77, 154)                       sum=191/5852   d(r)=+0 d(cap)=+0
      X=(40, 114)                          -> Y=(95, 96, 152, 160)                  sum=77/2280   d(r)=+1 d(cap)=+0
      X=(40, 77, 220)                      -> Y=(55, 56, 154)                       sum=131/3080   d(r)=+1 d(cap)=+1
      X=(58, 152, 209)                     -> Y=(87, 88, 174)                       sum=73/2552   d(r)=+1 d(cap)=+1

=== tiny swap gadgets over the WHOLE corpus (|X|+|Y| <= 7), bucketed by sum ===
    distinct tiny gadgets found: 373
      (15,) -> (24, 40)   (sum 1/15)
      (18,) -> (27, 54)   (sum 1/18)
      (20,) -> (28, 70)   (sum 1/20)
      (21,) -> (30, 70)   (sum 1/21)
      (22,) -> (26, 143)   (sum 1/22)
      (28,) -> (44, 77)   (sum 1/28)
      (30,) -> (50, 75)   (sum 1/30)
      (32,) -> (40, 160)   (sum 1/32)
      (36,) -> (52, 117)   (sum 1/36)
      (38,) -> (57, 114)   (sum 1/38)
      (88,) -> (152, 209)   (sum 1/88)
      (114,) -> (190, 285)   (sum 1/114)
      (18, 36) -> (20, 30)   (sum 1/12)
      (18, 36) -> (21, 28)   (sum 1/12)
      (19, 152) -> (24, 57)   (sum 9/152)
      (20,) -> (29, 116, 145)   (sum 1/20)
      (20, 30) -> (21, 28)   (sum 1/12)
      (20, 40) -> (24, 30)   (sum 3/40)
      (20, 55) -> (22, 44)   (sum 3/44)
      (20, 70) -> (28, 35)   (sum 9/140)
      (20, 160) -> (32, 40)   (sum 9/160)
      (21,) -> (50, 70, 75)   (sum 1/21)
      (21, 70) -> (30, 35)   (sum 13/210)
      (22,) -> (55, 70, 77)   (sum 1/22)
      (22, 55) -> (30, 33)   (sum 7/110)
      (22, 77) -> (28, 44)   (sum 9/154)
      (24,) -> (38, 114, 152)   (sum 1/24)
      (24, 154) -> (33, 56)   (sum 89/1848)
      (25, 75) -> (30, 50)   (sum 4/75)
      (26, 117) -> (36, 52)   (sum 11/234)
