Dickman check:
   rho( 2) = 3.068528e-01   known 3.068528e-01   rel.err 1.78e-13
   rho( 3) = 4.860839e-02   known 4.860839e-02   rel.err 5.99e-09
   rho( 4) = 4.910926e-03   known 4.910926e-03   rel.err 9.73e-09
   rho( 5) = 3.547247e-04   known 3.547247e-04   rel.err 1.29e-09
   rho( 6) = 1.964970e-05   known 1.964970e-05   rel.err 1.80e-08
   rho( 8) = 3.232069e-08   known 3.232027e-08   rel.err 1.29e-05
   rho(10) = 2.770174e-11   known 2.770100e-11   rel.err 2.66e-05

TABLE M1.  E_inf(b) = model prediction for E[#failures | smooth pair] as x -> oo,
and E_theta(b) = the union-bound budget obtainable from a level of distribution x^theta
(only j = floor(theta/beta) of the base-l digits of the cofactor are then usable).
     b   u=1/b      E_inf       th=1     th=0.5    th=0.25     th=0.1
 0.500   2.000     1.5793     0.7896     2.2463     1.5644     1.2228
 0.450   2.222     1.5435     0.7717     2.3239     1.7586     1.2748
 0.400   2.500     1.4514     0.7257     2.3944     1.9971     1.3350
 0.350   2.857     1.2025     0.6013     2.4209     2.3891     1.4399
 0.300   3.333     0.9752     0.4876     2.3220     3.1358     1.5944
 0.280   3.571     0.8901     0.4450     2.2007     3.6072     1.6833
 0.260   3.846     0.7453     0.3727     1.9802     4.2762     1.7991
 0.250   4.000     0.6396     0.3198     1.8137     4.7190     1.8671
 0.220   4.545     0.5322     0.2661     1.8002     4.9976     2.1383
 0.200   5.000     0.3720     0.1860     1.7179     5.1747     2.4105
 0.150   6.667     0.1557     0.0778     1.1413     5.1763     3.8917
 0.120   8.333     0.0551     0.0275     0.7132     3.9609     6.6585
 0.100  10.000     0.0179     0.0089     0.4283     3.8234    12.0078
 0.080  12.500     0.0039     0.0019     0.2215     2.6033    13.5180
 0.060  16.667     0.0000     0.0000     0.0014     0.0451     0.5289
 0.050  20.000     0.0000     0.0000     0.0004     0.0209     0.3350
 0.040  25.000     0.0000     0.0000     0.0001     0.0076     0.2178
 0.030    33.3          -          -          -          -          -
 0.020    50.0          -          -          -          -          -
 0.015    66.7          -          -          -          -          -
 0.012    83.3          -          -          -          -          -
 0.010   100.0          -          -          -          -          -
 0.008   125.0          -          -          -          -          -
 0.006   166.7          -          -          -          -          -

TABLE M2.  DISTRIBUTION-FREE budget  2G(b,theta),  G = (2/b) sum_{k>=1}(k+1) 2^{-k theta/b}.
This uses NO information about the distribution of the prime factors: it holds for EVERY
x^b-smooth n+1 and n+2 simultaneously, so a proof needs only Hypothesis U, nothing else.
     b         th=1       th=0.5      th=0.25       th=0.1
 0.300        3.099        15.08        55.92          300
 0.250        2.204        12.44           48        256.9
 0.200        1.311        9.512        39.55        213.1
 0.150       0.5328        6.198        30.16        168.1
 0.100      0.07824        2.622        19.02          120
 0.070     0.005723       0.8173        10.98        87.52
 0.050    0.0001526       0.1565        5.245        62.22
 0.040     5.96e-06      0.03454        2.681        47.56
 0.030    2.464e-08     0.002563       0.8306        30.99
 0.025     2.91e-10    0.0003052        0.313        22.04
 0.020    3.553e-13    1.192e-05      0.06907        13.11
 0.015    4.553e-18    4.928e-08     0.005127        5.328
 0.010    6.311e-28    7.105e-13    2.384e-05       0.7824
 0.007    1.132e-40    3.596e-19    2.027e-08      0.05723

largest b with 2G(b,theta) < 1  (rigorous once Hypothesis U(theta,C=1) is granted):
   theta=1.000 :  b* = 0.18148   (2G = 1.0000)
   theta=0.500 :  b* = 0.07373   (2G = 1.0000)
   theta=0.250 :  b* = 0.03121   (2G = 1.0000)
   theta=0.100 :  b* = 0.01043   (2G = 1.0000)
   theta=0.050 :  b* = 0.00465   (2G = 1.0000)
   and with a loss constant C: b* solves 2 C G(b,theta) = 1; C=2 shown:
   theta=1.000 :  b* = 0.14746
   theta=0.500 :  b* = 0.06242
   theta=0.250 :  b* = 0.02716
   theta=0.100 :  b* = 0.00930

TABLE M3.  H(b,theta) : the constant in Theorem B of L4A.md.  Need C*H < 1.
       b         th=1       th=0.5      th=0.25       th=0.1
   0.200        2.441        12.82        48.47        259.5
   0.150        1.293         9.17        37.85        203.8
   0.100        0.339        4.882        25.64        145.8
   0.070       0.0538        2.149        16.73        108.2
   0.050     0.004063        0.678        9.763        80.08
   0.040    0.0003949       0.2348        6.075        64.09
   0.030    7.458e-06      0.03718         2.68        45.85
   0.020    2.245e-09    0.0007897       0.4696        24.41
   0.015    6.008e-13    1.492e-05      0.07435        12.93
   0.010     3.63e-20     4.49e-09     0.001579         3.39
   0.007     1.61e-29    1.131e-13    9.472e-06        0.538
   0.005    4.743e-42    7.259e-20    8.981e-09      0.04063
   0.003     2.08e-71    1.963e-34    6.029e-16    7.458e-05

largest b with C*H(b,theta) < 1 :
   C=1.0 :  theta=1.00 -> b*=0.13650  theta=0.50 -> b*=0.05521  theta=0.25 -> b*=0.02330  theta=0.10 -> b*=0.00777  theta=0.05 -> b*=0.00346
   C=1.1 :  theta=1.00 -> b*=0.13214  theta=0.50 -> b*=0.05383  theta=0.25 -> b*=0.02282  theta=0.10 -> b*=0.00764  theta=0.05 -> b*=0.00341
   C=1.5 :  theta=1.00 -> b*=0.11982  theta=0.50 -> b*=0.04980  theta=0.25 -> b*=0.02140  theta=0.10 -> b*=0.00725  theta=0.05 -> b*=0.00325
   C=2.0 :  theta=1.00 -> b*=0.11042  theta=0.50 -> b*=0.04661  theta=0.25 -> b*=0.02024  theta=0.10 -> b*=0.00692  theta=0.05 -> b*=0.00312
