(A)  rates at l = P(n+1), l || n+1
         X     b       y    set  #(l||n+1)    exact    model     DP_1 DP_1/0.5
  10000000  0.50    3162    SM1    3317186   0.4697   0.4662   0.5186   1.0372
  10000000  0.50    3162   SM12    1099443   0.4898   0.4668   0.5329   1.0657
  10000000  0.40     630    SM1    1508297   0.3936   0.3807   0.5013   1.0026
  10000000  0.40     630   SM12     226749   0.4225   0.3806   0.5092   1.0185
  10000000  0.30     125    SM1     330380   0.2343   0.2119   0.5007   1.0013
  10000000  0.30     125   SM12      11741   0.3156   0.2049   0.5063   1.0125
  10000000  0.25      56    SM1      94998   0.1627   0.1276   0.5004   1.0008
  10000000  0.25      56   SM12       1405   0.3274   0.1164   0.5274   1.0548
 100000000  0.50   10000    SM1   33039962   0.4691   0.4666   0.5168   1.0337
 100000000  0.50   10000   SM12   10868755   0.4847   0.4672   0.5280   1.0559
 100000000  0.40    1584    SM1   14867006   0.3947   0.3847   0.5007   1.0014
 100000000  0.40    1584   SM12    2187033   0.4140   0.3851   0.5048   1.0096
 100000000  0.30     251    SM1    3227541   0.2296   0.2124   0.5002   1.0004
 100000000  0.30     251   SM12     105609   0.2873   0.2094   0.5041   1.0082
 100000000  0.25     100    SM1     816330   0.1525   0.1255   0.5003   1.0006
 100000000  0.25     100   SM12       8394   0.2759   0.1179   0.5066   1.0131

(B)  the obstruction ratio   A/S   (A ignores the smoothness of n+2)
         X     b       y            A            S        A/S
  10000000  0.50    3162      1557937      1114139       1.40
  10000000  0.40     630       593725       233279       2.55
  10000000  0.30     125        77402        12945       5.98
  10000000  0.25      56        15459         1685       9.17
 100000000  0.50   10000     15500645     10943151       1.42
 100000000  0.40    1584      5867917      2219619       2.64
 100000000  0.30     251       741126       111335       6.66
 100000000  0.25     100       124479         9486      13.12
