# N=200 |A|=102 L=97821761637600
# k=1 pairs: solutions>=0 nodes=1 NONE-in-pairs-class
# k=2 pairs: solutions>=0 nodes=10 NONE-in-pairs-class
# k=3 pairs: solutions>=0 nodes=295 NONE-in-pairs-class
# k=4 pairs: solutions>=0 nodes=5688 NONE-in-pairs-class
# k=5 pairs: solutions>=0 nodes=50730 NONE-in-pairs-class
# k=6 pairs: solutions>=0 nodes=342916 NONE-in-pairs-class
# k=7 pairs: solutions>=0 nodes=2107114 NONE-in-pairs-class
SOL 4 5 9 10 12 13 33 34 44 45 51 52 90 91 153 154
(cap)
# k=8 pairs: solutions>=1 nodes=6565986 
SOL 3 4 15 16 18 19 35 36 56 57 65 66 75 76 104 105 175 176
(cap)
# k=9 pairs: solutions>=1 nodes=7792851 
SOL 3 4 11 12 23 24 55 56 68 69 76 77 84 85 114 115 153 154 170 171
(cap)
# k=10 pairs: solutions>=1 nodes=2521538 
SOL 4 5 7 8 33 34 38 39 51 52 55 56 76 77 90 91 104 105 132 133 152 153
(cap)
# k=11 pairs: solutions>=1 nodes=64987196 
SOL 3 4 19 20 25 26 35 36 44 45 54 55 75 76 99 100 132 133 143 144 175 176 189 190
(cap)
# k=12 pairs: solutions>=1 nodes=44797563 
SOL 3 4 19 20 23 24 48 49 54 55 65 66 69 70 98 99 104 105 114 115 143 144 189 190 195 196
(cap)
# k=13 pairs: solutions>=1 nodes=38624909 
SOL 3 4 23 24 32 33 35 36 39 40 45 46 77 78 119 120 135 136 143 144 153 154 160 161 170 171 189 190
(cap)
# k=14 pairs: solutions>=1 nodes=66818195 
SOL 3 4 21 22 28 29 44 45 48 49 77 78 84 85 98 99 104 105 116 117 135 136 144 145 170 171 189 190 195 196
(cap)
# k=15 pairs: solutions>=1 nodes=32074976 
SOL 4 5 15 16 24 25 29 30 34 35 51 52 65 66 84 85 99 100 104 105 116 117 135 136 144 145 153 154 170 171 189 190
(cap)
# k=16 pairs: solutions>=1 nodes=342693659 
SOL 4 5 12 13 33 34 44 45 48 49 51 52 54 55 65 66 90 91 98 99 104 105 119 120 143 144 153 154 170 171 189 190 195 196
(cap)
# k=17 pairs: solutions>=1 nodes=104225339 
SOL 4 5 18 19 23 24 34 35 45 46 51 52 57 58 75 76 80 81 87 88 116 117 119 120 144 145 153 154 161 162 170 171 174 175 189 190
(cap)
# k=18 pairs: solutions>=1 nodes=287907528 
SOL 4 5 22 23 26 27 33 34 45 46 50 51 56 57 65 66 84 85 95 96 99 100 104 105 132 133 135 136 143 144 152 153 160 161 170 171 175 176
(cap)
# k=19 pairs: solutions>=1 nodes=312737535 
SOL 5 6 19 20 23 24 34 35 38 39 44 45 49 50 65 66 68 69 75 76 84 85 90 91 98 99 114 115 119 120 132 133 135 136 152 153 189 190 195 196
(cap)
# k=20 pairs: solutions>=1 nodes=1136633966 
SOL 5 6 22 23 25 26 32 33 39 40 44 45 51 52 56 57 68 69 75 76 90 91 95 96 99 100 104 105 114 115 119 120 135 136 143 144 170 171 175 176 189 190
(cap)
# k=21 pairs: solutions>=1 nodes=794865814 
SOL 5 6 16 17 29 30 33 34 38 39 44 45 48 49 75 76 84 85 90 91 98 99 104 105 116 117 119 120 132 133 135 136 144 145 152 153 170 171 175 176 189 190 195 196
(cap)
# k=22 pairs: solutions>=1 nodes=167797485 
SOL 9 10 14 15 19 20 26 27 35 36 38 39 44 45 48 49 57 58 65 66 75 76 87 88 98 99 104 105 116 117 119 120 132 133 135 136 144 145 153 154 170 171 174 175 195 196
(cap)
# k=23 pairs: solutions>=1 nodes=4504884776 
# k=24 pairs: solutions>=0 nodes=6034225370 NONE-in-pairs-class
SOL 12 13 18 19 23 24 26 27 32 33 35 36 38 39 44 45 48 49 55 56 65 66 69 70 75 76 90 91 95 96 98 99 104 105 114 115 119 120 132 133 135 136 152 153 170 171 175 176 195 196
(cap)
# k=25 pairs: solutions>=1 nodes=3034197007 
# k=26 pairs: solutions>=0 nodes=1604885897 NONE-in-pairs-class
