lattices M <= 30000 whose pool H(M)\{2} has budget > 1: 533
  M = 180      |S| =  10 budget 1.05556  KILLED by Phi_3 < 1
  M = 240      |S| =   9 budget 1.00417  KILLED by Phi_2 < 1
  M = 270      |S| =  11 budget 1.00741  KILLED by Phi_2 < 1
  M = 360      |S| =  12 budget 1.18889  KILLED by Phi_3 < 1
  M = 420      |S| =  12 budget 1.01905  KILLED by Phi_2 < 1
  M = 450      |S| =  10 budget 1.01111  KILLED by Phi_2 < 1
  M = 480      |S| =  10 budget 1.01458  KILLED by Phi_2 < 1
  M = 540      |S| =  13 budget 1.08519  KILLED by Phi_3 < 1
  M = 600      |S| =  13 budget 1.02667  KILLED by Phi_2 < 1
  M = 630      |S| =  15 budget 1.15873  KILLED by Phi_3 < 1
  M = 660      |S| =  12 budget 1.00455  KILLED by Phi_2 < 1
  M = 720      |S| =  13 budget 1.20972  KILLED by Phi_3 < 1
  M = 810      |S| =  14 budget 1.02346  KILLED by Phi_2 < 1
  M = 840      |S| =  16 budget 1.17619  KILLED by Phi_5 < 1
  M = 900      |S| =  14 budget 1.09333  KILLED by Phi_3 < 1
  M = 960      |S| =  11 budget 1.01771  KILLED by Phi_2 < 1
  M = 990      |S| =  15 budget 1.12525  KILLED by Phi_3 < 1
  M = 1008     |S| =  15 budget 1.00496  KILLED by Phi_2 < 1
  M = 1080     |S| =  17 budget 1.22407  SURVIVES both tests -> undecided
  M = 1170     |S| =  14 budget 1.07265  KILLED by Phi_3 < 1
  M = 1200     |S| =  14 budget 1.04750  KILLED by Phi_2 < 1
  M = 1260     |S| =  19 budget 1.24444  SURVIVES both tests -> undecided
  M = 1320     |S| =  15 budget 1.14015  KILLED by Phi_2 < 1
  M = 1350     |S| =  13 budget 1.04074  KILLED by Phi_3 < 1
  M = 1440     |S| =  15 budget 1.22361  KILLED by Phi_5 < 1
  M = 1512     |S| =  16 budget 1.01124  KILLED by Phi_2 < 1
  M = 1530     |S| =  14 budget 1.01111  KILLED by Phi_2 < 1
  M = 1560     |S| =  15 budget 1.08654  KILLED by Phi_2 < 1
  M = 1584     |S| =  14 budget 1.00568  KILLED by Phi_2 < 1
  M = 1620     |S| =  16 budget 1.10123  KILLED by Phi_3 < 1
  M = 1680     |S| =  19 budget 1.20060  SURVIVES both tests -> undecided
  M = 1710     |S| =  11 budget 1.00058  KILLED by Phi_2 < 1
  M = 1800     |S| =  18 budget 1.23333  KILLED by Phi_5 < 1
  M = 1890     |S| =  20 budget 1.19630  KILLED by Phi_5 < 1
  M = 1920     |S| =  13 budget 1.02812  KILLED by Phi_2 < 1
  M = 1980     |S| =  19 budget 1.22727  KILLED by Phi_5 < 1
  M = 2016     |S| =  18 budget 1.02331  KILLED by Phi_2 < 1
  M = 2040     |S| =  13 budget 1.02598  KILLED by Phi_2 < 1
  M = 2070     |S| =  15 budget 1.05411  KILLED by Phi_3 < 1
  M = 2100     |S| =  18 budget 1.06095  KILLED by Phi_3 < 1
  M = 2160     |S| =  18 budget 1.24491  SURVIVES both tests -> undecided
  M = 2250     |S| =  13 budget 1.02267  KILLED by Phi_2 < 1
  M = 2280     |S| =  15 budget 1.01447  KILLED by Phi_2 < 1
  M = 2310     |S| =  17 budget 1.09784  KILLED by Phi_3 < 1
  M = 2340     |S| =  19 budget 1.16282  KILLED by Phi_3 < 1
  M = 2376     |S| =  14 budget 1.00253  KILLED by Phi_2 < 1
  M = 2400     |S| =  17 budget 1.05958  KILLED by Phi_2 < 1
  M = 2430     |S| =  16 budget 1.02798  KILLED by Phi_2 < 1
  M = 2520     |S| =  24 budget 1.40357  SURVIVES both tests -> undecided
  M = 2610     |S| =  12 budget 1.02299  KILLED by Phi_2 < 1
  M = 2640     |S| =  18 budget 1.16705  KILLED by Phi_5 < 1
  M = 2700     |S| =  17 budget 1.12296  KILLED by Phi_3 < 1
  M = 2730     |S| =  18 budget 1.06264  KILLED by Phi_3 < 1
  M = 2760     |S| =  15 budget 1.05761  KILLED by Phi_2 < 1
  M = 2880     |S| =  17 budget 1.22847  KILLED by Phi_5 < 1
  M = 2940     |S| =  16 budget 1.03503  KILLED by Phi_2 < 1
  M = 2970     |S| =  19 budget 1.15556  KILLED by Phi_3 < 1
  M = 3000     |S| =  16 budget 1.03800  KILLED by Phi_2 < 1
  M = 3024     |S| =  19 budget 1.03604  KILLED by Phi_2 < 1
  M = 3060     |S| =  19 budget 1.10882  KILLED by Phi_3 < 1
  M = 3120     |S| =  18 budget 1.10994  KILLED by Phi_2 < 1
  M = 3150     |S| =  20 budget 1.19714  KILLED by Phi_3 < 1
  M = 3168     |S| =  18 budget 1.02083  KILLED by Phi_2 < 1
  M = 3240     |S| =  22 budget 1.24198  SURVIVES both tests -> undecided
  M = 3300     |S| =  16 budget 1.04182  KILLED by Phi_2 < 1
  M = 3330     |S| =  13 budget 1.00210  KILLED by Phi_2 < 1
  M = 3360     |S| =  21 budget 1.21548  SURVIVES both tests -> undecided
  M = 3420     |S| =  17 budget 1.08655  KILLED by Phi_3 < 1
  M = 3480     |S| =  13 budget 1.03362  KILLED by Phi_2 < 1
  M = 3510     |S| =  18 budget 1.10285  KILLED by Phi_3 < 1
  M = 3600     |S| =  19 budget 1.25417  SURVIVES both tests -> undecided
  M = 3690     |S| =  13 budget 1.00949  KILLED by Phi_2 < 1
  M = 3780     |S| =  25 budget 1.28228  SURVIVES both tests -> undecided
  M = 3840     |S| =  14 budget 1.02839  KILLED by Phi_2 < 1
  M = 3960     |S| =  22 budget 1.36288  SURVIVES both tests -> undecided
  M = 4032     |S| =  20 budget 1.02579  KILLED by Phi_2 < 1
  M = 4050     |S| =  18 budget 1.05753  KILLED by Phi_3 < 1
  M = 4080     |S| =  15 budget 1.04706  KILLED by Phi_2 < 1
  M = 4140     |S| =  18 budget 1.13309  KILLED by Phi_3 < 1
  M = 4200     |S| =  25 budget 1.22548  SURVIVES both tests -> undecided
  M = 4290     |S| =  16 budget 1.02587  KILLED by Phi_2 < 1
  M = 4320     |S| =  21 budget 1.25903  SURVIVES both tests -> undecided
  M = 4410     |S| =  20 budget 1.17687  KILLED by Phi_3 < 1
  M = 4440     |S| =  15 budget 1.01306  KILLED by Phi_2 < 1
  M = 4500     |S| =  19 budget 1.10578  KILLED by Phi_3 < 1
  M = 4536     |S| =  19 budget 1.02601  KILLED by Phi_2 < 1
  M = 4560     |S| =  17 budget 1.03596  KILLED by Phi_2 < 1
  M = 4590     |S| =  20 budget 1.04357  KILLED by Phi_3 < 1
  M = 4620     |S| =  23 budget 1.18268  SURVIVES both tests -> undecided
  M = 4680     |S| =  23 budget 1.29786  SURVIVES both tests -> undecided
  M = 4752     |S| =  17 budget 1.02967  KILLED by Phi_2 < 1
  M = 4800     |S| =  19 budget 1.06292  KILLED by Phi_2 < 1
  M = 4830     |S| =  21 budget 1.04017  KILLED by Phi_2 < 1
  M = 4860     |S| =  19 budget 1.10597  KILLED by Phi_3 < 1
  M = 4920     |S| =  11 budget 1.01179  KILLED by Phi_2 < 1
  M = 4950     |S| =  20 budget 1.15980  KILLED by Phi_3 < 1
  M = 5040     |S| =  28 budget 1.42897  SURVIVES both tests -> undecided
  M = 5130     |S| =  15 budget 1.03119  KILLED by Phi_2 < 1
  M = 5160     |S| =  14 budget 1.00446  KILLED by Phi_2 < 1
  M = 5220     |S| =  16 budget 1.11034  KILLED by Phi_3 < 1
  M = 5250     |S| =  17 budget 1.01086  KILLED by Phi_2 < 1
  M = 5280     |S| =  20 budget 1.17841  KILLED by Phi_5 < 1
  M = 5400     |S| =  23 budget 1.26852  SURVIVES both tests -> undecided
  M = 5460     |S| =  22 budget 1.13004  KILLED by Phi_3 < 1
  M = 5520     |S| =  16 budget 1.07844  KILLED by Phi_2 < 1
  M = 5544     |S| =  20 budget 1.14737  KILLED by Phi_3 < 1
  M = 5580     |S| =  17 budget 1.07151  KILLED by Phi_3 < 1
